Component: ARM Compiler 5.06 update 7 (build 960) Tool: armlink [4d3601]

==============================================================================

Section Cross References

    startup_stm32f10x_hd.o(STACK) refers (Special) to heapauxi.o(.text) for __use_two_region_memory
    startup_stm32f10x_hd.o(HEAP) refers (Special) to heapauxi.o(.text) for __use_two_region_memory
    startup_stm32f10x_hd.o(RESET) refers (Special) to heapauxi.o(.text) for __use_two_region_memory
    startup_stm32f10x_hd.o(RESET) refers to startup_stm32f10x_hd.o(STACK) for __initial_sp
    startup_stm32f10x_hd.o(RESET) refers to startup_stm32f10x_hd.o(.text) for Reset_Handler
    startup_stm32f10x_hd.o(RESET) refers to stm32f10x_it.o(i.NMI_Handler) for NMI_Handler
    startup_stm32f10x_hd.o(RESET) refers to stm32f10x_it.o(i.HardFault_Handler) for HardFault_Handler
    startup_stm32f10x_hd.o(RESET) refers to stm32f10x_it.o(i.MemManage_Handler) for MemManage_Handler
    startup_stm32f10x_hd.o(RESET) refers to stm32f10x_it.o(i.BusFault_Handler) for BusFault_Handler
    startup_stm32f10x_hd.o(RESET) refers to stm32f10x_it.o(i.UsageFault_Handler) for UsageFault_Handler
    startup_stm32f10x_hd.o(RESET) refers to stm32f10x_it.o(i.SVC_Handler) for SVC_Handler
    startup_stm32f10x_hd.o(RESET) refers to stm32f10x_it.o(i.DebugMon_Handler) for DebugMon_Handler
    startup_stm32f10x_hd.o(RESET) refers to stm32f10x_it.o(i.PendSV_Handler) for PendSV_Handler
    startup_stm32f10x_hd.o(RESET) refers to stm32f10x_it.o(i.SysTick_Handler) for SysTick_Handler
    startup_stm32f10x_hd.o(RESET) refers to stm32f10x_it.o(i.TIM2_IRQHandler) for TIM2_IRQHandler
    startup_stm32f10x_hd.o(RESET) refers to asrpro.o(i.USART2_IRQHandler) for USART2_IRQHandler
    startup_stm32f10x_hd.o(.text) refers (Special) to heapauxi.o(.text) for __use_two_region_memory
    startup_stm32f10x_hd.o(.text) refers to system_stm32f10x.o(i.SystemInit) for SystemInit
    startup_stm32f10x_hd.o(.text) refers to __main.o(!!!main) for __main
    startup_stm32f10x_hd.o(.text) refers to startup_stm32f10x_hd.o(HEAP) for Heap_Mem
    startup_stm32f10x_hd.o(.text) refers to startup_stm32f10x_hd.o(STACK) for Stack_Mem
    oled.o(i.OLED_Clear) refers to oled.o(i.OLED_ShowString) for OLED_ShowString
    oled.o(i.OLED_I2C_Init) refers to stm32f10x_rcc.o(i.RCC_APB2PeriphClockCmd) for RCC_APB2PeriphClockCmd
    oled.o(i.OLED_I2C_Init) refers to stm32f10x_gpio.o(i.GPIO_Init) for GPIO_Init
    oled.o(i.OLED_I2C_Init) refers to stm32f10x_gpio.o(i.GPIO_WriteBit) for GPIO_WriteBit
    oled.o(i.OLED_I2C_SendByte) refers to stm32f10x_gpio.o(i.GPIO_WriteBit) for GPIO_WriteBit
    oled.o(i.OLED_I2C_Start) refers to stm32f10x_gpio.o(i.GPIO_WriteBit) for GPIO_WriteBit
    oled.o(i.OLED_I2C_Stop) refers to stm32f10x_gpio.o(i.GPIO_WriteBit) for GPIO_WriteBit
    oled.o(i.OLED_Init) refers to oled.o(i.OLED_I2C_Init) for OLED_I2C_Init
    oled.o(i.OLED_Init) refers to oled.o(i.OLED_Write_Cmd) for OLED_Write_Cmd
    oled.o(i.OLED_Init) refers to oled.o(i.OLED_Clear) for OLED_Clear
    oled.o(i.OLED_Init) refers to oled.o(i.OLED_Set_Pos) for OLED_Set_Pos
    oled.o(i.OLED_Set_Pos) refers to oled.o(i.OLED_Write_Cmd) for OLED_Write_Cmd
    oled.o(i.OLED_ShowChar) refers to oled.o(i.OLED_Set_Pos) for OLED_Set_Pos
    oled.o(i.OLED_ShowChar) refers to oled.o(i.OLED_Write_Data) for OLED_Write_Data
    oled.o(i.OLED_ShowChar) refers to oled.o(.constdata) for ascii_1608
    oled.o(i.OLED_ShowChinese) refers to oled.o(i.OLED_Set_Pos) for OLED_Set_Pos
    oled.o(i.OLED_ShowChinese) refers to oled.o(i.OLED_Write_Data) for OLED_Write_Data
    oled.o(i.OLED_ShowChinese) refers to oled.o(.constdata) for Hzk
    oled.o(i.OLED_ShowFloat) refers to ffix.o(x$fpl$ffix) for __aeabi_f2iz
    oled.o(i.OLED_ShowFloat) refers to fflt_clz.o(x$fpl$fflt) for __aeabi_i2f
    oled.o(i.OLED_ShowFloat) refers to faddsub_clz.o(x$fpl$frsb) for __aeabi_frsub
    oled.o(i.OLED_ShowFloat) refers to oled.o(i.OLED_ShowNum) for OLED_ShowNum
    oled.o(i.OLED_ShowFloat) refers to oled.o(i.OLED_ShowChar) for OLED_ShowChar
    oled.o(i.OLED_ShowFloat) refers to fmul.o(x$fpl$fmul) for __aeabi_fmul
    oled.o(i.OLED_ShowFloat) refers to ffixu.o(x$fpl$ffixu) for __aeabi_f2uiz
    oled.o(i.OLED_ShowFloat) refers to fflt_clz.o(x$fpl$ffltu) for __aeabi_ui2f
    oled.o(i.OLED_ShowNum) refers to oled.o(i.oled_pow) for oled_pow
    oled.o(i.OLED_ShowNum) refers to oled.o(i.OLED_ShowChar) for OLED_ShowChar
    oled.o(i.OLED_ShowString) refers to oled.o(i.OLED_ShowChar) for OLED_ShowChar
    oled.o(i.OLED_Write_Cmd) refers to oled.o(i.OLED_I2C_Start) for OLED_I2C_Start
    oled.o(i.OLED_Write_Cmd) refers to oled.o(i.OLED_I2C_SendByte) for OLED_I2C_SendByte
    oled.o(i.OLED_Write_Cmd) refers to oled.o(i.OLED_I2C_Stop) for OLED_I2C_Stop
    oled.o(i.OLED_Write_Data) refers to oled.o(i.OLED_I2C_Start) for OLED_I2C_Start
[...]
    Removing stm32f10x_tim.o(i.TIM_CCPreloadControl), (24 bytes).
    Removing stm32f10x_tim.o(i.TIM_CCxNCmd), (30 bytes).
    Removing stm32f10x_tim.o(i.TIM_ClearFlag), (6 bytes).
    Removing stm32f10x_tim.o(i.TIM_ClearOC1Ref), (18 bytes).
    Removing stm32f10x_tim.o(i.TIM_ClearOC2Ref), (24 bytes).
    Removing stm32f10x_tim.o(i.TIM_ClearOC3Ref), (18 bytes).
    Removing stm32f10x_tim.o(i.TIM_ClearOC4Ref), (24 bytes).
    Removing stm32f10x_tim.o(i.TIM_CounterModeConfig), (18 bytes).
    Removing stm32f10x_tim.o(i.TIM_CtrlPWMOutputs), (30 bytes).
    Removing stm32f10x_tim.o(i.TIM_DMACmd), (18 bytes).
    Removing stm32f10x_tim.o(i.TIM_DMAConfig), (10 bytes).
    Removing stm32f10x_tim.o(i.TIM_DeInit), (488 bytes).
    Removing stm32f10x_tim.o(i.TIM_ETRClockMode1Config), (54 bytes).
    Removing stm32f10x_tim.o(i.TIM_ETRClockMode2Config), (32 bytes).
    Removing stm32f10x_tim.o(i.TIM_ETRConfig), (28 bytes).
    Removing stm32f10x_tim.o(i.TIM_EncoderInterfaceConfig), (66 bytes).
    Removing stm32f10x_tim.o(i.TIM_ForcedOC1Config), (18 bytes).
    Removing stm32f10x_tim.o(i.TIM_ForcedOC2Config), (26 bytes).
    Removing stm32f10x_tim.o(i.TIM_ForcedOC3Config), (18 bytes).
    Removing stm32f10x_tim.o(i.TIM_ForcedOC4Config), (26 bytes).
    Removing stm32f10x_tim.o(i.TIM_GenerateEvent), (4 bytes).
    Removing stm32f10x_tim.o(i.TIM_GetCapture1), (6 bytes).
    Removing stm32f10x_tim.o(i.TIM_GetCapture2), (6 bytes).
    Removing stm32f10x_tim.o(i.TIM_GetCapture3), (6 bytes).
    Removing stm32f10x_tim.o(i.TIM_GetCapture4), (8 bytes).
    Removing stm32f10x_tim.o(i.TIM_GetCounter), (6 bytes).
    Removing stm32f10x_tim.o(i.TIM_GetFlagStatus), (18 bytes).
    Removing stm32f10x_tim.o(i.TIM_GetPrescaler), (6 bytes).
    Removing stm32f10x_tim.o(i.TIM_ICInit), (172 bytes).
    Removing stm32f10x_tim.o(i.TIM_ICStructInit), (18 bytes).
    Removing stm32f10x_tim.o(i.TIM_ITRxExternalClockConfig), (24 bytes).
    Removing stm32f10x_tim.o(i.TIM_InternalClockConfig), (12 bytes).
    Removing stm32f10x_tim.o(i.TIM_OC1FastConfig), (18 bytes).
    Removing stm32f10x_tim.o(i.TIM_OC1NPolarityConfig), (18 bytes).
    Removing stm32f10x_tim.o(i.TIM_OC1PolarityConfig), (18 bytes).
    Removing stm32f10x_tim.o(i.TIM_OC2FastConfig), (26 bytes).
    Removing stm32f10x_tim.o(i.TIM_OC2NPolarityConfig), (26 bytes).
    Removing stm32f10x_tim.o(i.TIM_OC2PolarityConfig), (26 bytes).
    Removing stm32f10x_tim.o(i.TIM_OC3FastConfig), (18 bytes).
    Removing stm32f10x_tim.o(i.TIM_OC3NPolarityConfig), (26 bytes).
    Removing stm32f10x_tim.o(i.TIM_OC3PolarityConfig), (26 bytes).
    Removing stm32f10x_tim.o(i.TIM_OC4FastConfig), (26 bytes).
    Removing stm32f10x_tim.o(i.TIM_OC4PolarityConfig), (26 bytes).
    Removing stm32f10x_tim.o(i.TIM_OCStructInit), (20 bytes).
    Removing stm32f10x_tim.o(i.TIM_PWMIConfig), (124 bytes).
    Removing stm32f10x_tim.o(i.TIM_PrescalerConfig), (6 bytes).
    Removing stm32f10x_tim.o(i.TIM_SelectCCDMA), (24 bytes).
    Removing stm32f10x_tim.o(i.TIM_SelectCOM), (24 bytes).
    Removing stm32f10x_tim.o(i.TIM_SelectHallSensor), (24 bytes).
    Removing stm32f10x_tim.o(i.TIM_SelectInputTrigger), (18 bytes).
    Removing stm32f10x_tim.o(i.TIM_SelectMasterSlaveMode), (18 bytes).
    Removing stm32f10x_tim.o(i.TIM_SelectOCxM), (82 bytes).
    Removing stm32f10x_tim.o(i.TIM_SelectOnePulseMode), (18 bytes).
    Removing stm32f10x_tim.o(i.TIM_SelectOutputTrigger), (18 bytes).
    Removing stm32f10x_tim.o(i.TIM_SelectSlaveMode), (18 bytes).
    Removing stm32f10x_tim.o(i.TIM_SetAutoreload), (4 bytes).
    Removing stm32f10x_tim.o(i.TIM_SetClockDivision), (18 bytes).
    Removing stm32f10x_tim.o(i.TIM_SetCounter), (4 bytes).
    Removing stm32f10x_tim.o(i.TIM_SetIC1Prescaler), (18 bytes).
    Removing stm32f10x_tim.o(i.TIM_SetIC2Prescaler), (26 bytes).
    Removing stm32f10x_tim.o(i.TIM_SetIC3Prescaler), (18 bytes).
    Removing stm32f10x_tim.o(i.TIM_SetIC4Prescaler), (26 bytes).
    Removing stm32f10x_tim.o(i.TIM_TIxExternalClockConfig), (62 bytes).
    Removing stm32f10x_tim.o(i.TIM_TimeBaseStructInit), (18 bytes).
    Removing stm32f10x_tim.o(i.TIM_UpdateDisableConfig), (24 bytes).
    Removing stm32f10x_tim.o(i.TIM_UpdateRequestConfig), (24 bytes).
    Removing stm32f10x_usart.o(i.USART_ClearFlag), (18 bytes).
    Removing stm32f10x_usart.o(i.USART_ClockInit), (34 bytes).
    Removing stm32f10x_usart.o(i.USART_ClockStructInit), (12 bytes).
    Removing stm32f10x_usart.o(i.USART_DMACmd), (18 bytes).
    Removing stm32f10x_usart.o(i.USART_DeInit), (156 bytes).
    Removing stm32f10x_usart.o(i.USART_GetFlagStatus), (26 bytes).
    Removing stm32f10x_usart.o(i.USART_HalfDuplexCmd), (24 bytes).
    Removing stm32f10x_usart.o(i.USART_IrDACmd), (24 bytes).
    Removing stm32f10x_usart.o(i.USART_IrDAConfig), (18 bytes).
    Removing stm32f10x_usart.o(i.USART_LINBreakDetectLengthConfig), (18 bytes).
    Removing stm32f10x_usart.o(i.USART_LINCmd), (24 bytes).
    Removing stm32f10x_usart.o(i.USART_OneBitMethodCmd), (24 bytes).
    Removing stm32f10x_usart.o(i.USART_OverSampling8Cmd), (22 bytes).
    Removing stm32f10x_usart.o(i.USART_ReceiverWakeUpCmd), (24 bytes).
    Removing stm32f10x_usart.o(i.USART_SendBreak), (10 bytes).
    Removing stm32f10x_usart.o(i.USART_SendData), (8 bytes).
    Removing stm32f10x_usart.o(i.USART_SetAddress), (18 bytes).
    Removing stm32f10x_usart.o(i.USART_SetGuardTime), (16 bytes).
    Removing stm32f10x_usart.o(i.USART_SetPrescaler), (16 bytes).
    Removing stm32f10x_usart.o(i.USART_SmartCardCmd), (24 bytes).
    Removing stm32f10x_usart.o(i.USART_SmartCardNACKCmd), (24 bytes).
    Removing stm32f10x_usart.o(i.USART_StructInit), (24 bytes).
    Removing stm32f10x_usart.o(i.USART_WakeUpConfig), (18 bytes).
    Removing stm32f10x_wwdg.o(i.WWDG_ClearFlag), (12 bytes).
    Removing stm32f10x_wwdg.o(i.WWDG_DeInit), (22 bytes).
    Removing stm32f10x_wwdg.o(i.WWDG_Enable), (16 bytes).
    Removing stm32f10x_wwdg.o(i.WWDG_EnableIT), (12 bytes).
    Removing stm32f10x_wwdg.o(i.WWDG_GetFlagStatus), (12 bytes).
    Removing stm32f10x_wwdg.o(i.WWDG_SetCounter), (16 bytes).
    Removing stm32f10x_wwdg.o(i.WWDG_SetPrescaler), (24 bytes).
    Removing stm32f10x_wwdg.o(i.WWDG_SetWindowValue), (40 bytes).
    Removing adc.o(i.ADC1_Config), (92 bytes).
    Removing adc.o(i.ADC1_GPIO_Config), (48 bytes).
    Removing adc.o(i.ADC1_GetValue), (52 bytes).
    Removing adc.o(i.ADC1_ReadAll), (40 bytes).
    Removing adc.o(.data), (6 bytes).
    Removing system_stm32f10x.o(i.SystemCoreClockUpdate), (164 bytes).

451 unused section(s) (total 17988 bytes) removed from the image.

==============================================================================

Image Symbol Table

    Local Symbols

    Symbol Name                              Value     Ov Type        Size  Object(Section)

    ../clib/angel/boardlib.s                 0x00000000   Number         0  boardinit3.o ABSOLUTE
    ../clib/angel/boardlib.s                 0x00000000   Number         0  boardshut.o ABSOLUTE
    ../clib/angel/boardlib.s                 0x00000000   Number         0  boardinit2.o ABSOLUTE
    ../clib/angel/boardlib.s                 0x00000000   Number         0  boardinit1.o ABSOLUTE
    ../clib/angel/handlers.s                 0x00000000   Number         0  __scatter_copy.o ABSOLUTE
    ../clib/angel/handlers.s                 0x00000000   Number         0  __scatter_zi.o ABSOLUTE
    ../clib/angel/kernel.s                   0x00000000   Number         0  __rtentry2.o ABSOLUTE
    ../clib/angel/kernel.s                   0x00000000   Number         0  __rtentry4.o ABSOLUTE
    ../clib/angel/kernel.s                   0x00000000   Number         0  rtexit2.o ABSOLUTE
    ../clib/angel/kernel.s                   0x00000000   Number         0  rtexit.o ABSOLUTE
    ../clib/angel/kernel.s                   0x00000000   Number         0  __rtentry.o ABSOLUTE
    ../clib/angel/rt.s                       0x00000000   Number         0  rt_raise.o ABSOLUTE
    ../clib/angel/scatter.s                  0x00000000   Number         0  __scatter.o ABSOLUTE
    ../clib/angel/startup.s                  0x00000000   Number         0  __main.o ABSOLUTE
    ../clib/angel/sys.s                      0x00000000   Number         0  sys_stackheap_outer.o ABSOLUTE
    ../clib/angel/sys.s                      0x00000000   Number         0  use_no_semi.o ABSOLUTE
    ../clib/angel/sys.s                      0x00000000   Number         0  indicate_semi.o ABSOLUTE
    ../clib/angel/sys.s                      0x00000000   Number         0  libspace.o ABSOLUTE
    ../clib/angel/sysapp.c                   0x00000000   Number         0  sys_command.o ABSOLUTE
    ../clib/angel/sysapp.c                   0x00000000   Number         0  sys_exit.o ABSOLUTE
    ../clib/angel/sysapp.c                   0x00000000   Number         0  sys_wrch.o ABSOLUTE
    ../clib/armsys.c                         0x00000000   Number         0  _get_argv_nomalloc.o ABSOLUTE
    ../clib/armsys.c                         0x00000000   Number         0  argv_veneer.o ABSOLUTE
    ../clib/armsys.c                         0x00000000   Number         0  argv_veneer.o ABSOLUTE
    ../clib/armsys.c                         0x00000000   Number         0  no_argv.o ABSOLUTE
    ../clib/heapalloc.c                      0x00000000   Number         0  hrguard.o ABSOLUTE
    ../clib/heapaux.c                        0x00000000   Number         0  heapauxi.o ABSOLUTE
    ../clib/libinit.s                        0x00000000   Number         0  libinit2.o ABSOLUTE
    ../clib/libinit.s                        0x00000000   Number         0  libshutdown.o ABSOLUTE
    ../clib/libinit.s                        0x00000000   Number         0  libinit.o ABSOLUTE
    ../clib/libinit.s                        0x00000000   Number         0  libshutdown2.o ABSOLUTE
    ../clib/printf.c                         0x00000000   Number         0  __printf_flags_wp.o ABSOLUTE
    ../clib/printf.c                         0x00000000   Number         0  __printf_ss_wp.o ABSOLUTE
    ../clib/printf.c                         0x00000000   Number         0  __printf_flags_ss_wp.o ABSOLUTE
    ../clib/printf.c                         0x00000000   Number         0  __2snprintf.o ABSOLUTE
    ../clib/printf.c                         0x00000000   Number         0  __printf_nopercent.o ABSOLUTE
    ../clib/printf.c                         0x00000000   Number         0  _printf_char.o ABSOLUTE
    ../clib/printf.c                         0x00000000   Number         0  noretval__2snprintf.o ABSOLUTE
    ../clib/printf.c                         0x00000000   Number         0  __printf.o ABSOLUTE
    ../clib/printf.c                         0x00000000   Number         0  _printf_str.o ABSOLUTE
    ../clib/printf.c                         0x00000000   Number         0  _snputc.o ABSOLUTE
    ../clib/printf.c                         0x00000000   Number         0  __printf_flags.o ABSOLUTE
    ../clib/printf.c                         0x00000000   Number         0  _sputc.o ABSOLUTE
    ../clib/printf.c                         0x00000000   Number         0  __printf_ss.o ABSOLUTE
    ../clib/printf.c                         0x00000000   Number         0  __printf_flags_ss.o ABSOLUTE
    ../clib/printf.c                         0x00000000   Number         0  _printf_char_common.o ABSOLUTE
    ../clib/printf.c                         0x00000000   Number         0  __printf_wp.o ABSOLUTE
    ../clib/printf_percent.s                 0x00000000   Number         0  _printf_percent_end.o ABSOLUTE
    ../clib/printf_percent.s                 0x00000000   Number         0  _printf_percent.o ABSOLUTE
    ../clib/printf_percent.s                 0x00000000   Number         0  _printf_s.o ABSOLUTE
    ../clib/signal.c                         0x00000000   Number         0  defsig_abrt_inner.o ABSOLUTE
    ../clib/signal.c                         0x00000000   Number         0  defsig_rtmem_formal.o ABSOLUTE
    ../clib/signal.c                         0x00000000   Number         0  defsig_rtred_inner.o ABSOLUTE
    ../clib/signal.c                         0x00000000   Number         0  defsig_stak_inner.o ABSOLUTE
    ../clib/signal.c                         0x00000000   Number         0  defsig_pvfn_inner.o ABSOLUTE
    ../clib/signal.c                         0x00000000   Number         0  defsig_exit.o ABSOLUTE
    ../clib/signal.c                         0x00000000   Number         0  defsig_rtmem_inner.o ABSOLUTE
    ../clib/signal.c                         0x00000000   Number         0  defsig_rtmem_outer.o ABSOLUTE
    ../clib/signal.c                         0x00000000   Number         0  defsig_fpe_inner.o ABSOLUTE
    ../clib/signal.c                         0x00000000   Number         0  defsig_general.o ABSOLUTE
    ../clib/signal.c                         0x00000000   Number         0  __raise.o ABSOLUTE
    ../clib/signal.c                         0x00000000   Number         0  defsig_cppl_inner.o ABSOLUTE
    ../clib/signal.c                         0x00000000   Number         0  defsig_segv_inner.o ABSOLUTE
    ../clib/signal.c                         0x00000000   Number         0  defsig_other.o ABSOLUTE
    ../clib/signal.s                         0x00000000   Number         0  defsig.o ABSOLUTE
    ../clib/stdlib.c                         0x00000000   Number         0  exit.o ABSOLUTE
    ../fplib/faddsub.s                       0x00000000   Number         0  faddsub_clz.o ABSOLUTE
    ../fplib/ffix.s                          0x00000000   Number         0  ffix.o ABSOLUTE
    ../fplib/ffixu.s                         0x00000000   Number         0  ffixu.o ABSOLUTE
    ../fplib/fflt.s                          0x00000000   Number         0  fflt_clz.o ABSOLUTE
    ../fplib/fmul.s                          0x00000000   Number         0  fmul.o ABSOLUTE
    ../fplib/fnaninf.s                       0x00000000   Number         0  fnaninf.o ABSOLUTE
    ../fplib/fpinit.s                        0x00000000   Number         0  fpinit.o ABSOLUTE
    ../fplib/fretinf.s                       0x00000000   Number         0  fretinf.o ABSOLUTE
    ../fplib/usenofp.s                       0x00000000   Number         0  usenofp.o ABSOLUTE
    ..\CORE\core_cm3.c                       0x00000000   Number         0  core_cm3.o ABSOLUTE
    ..\CORE\startup_stm32f10x_hd.s           0x00000000   Number         0  startup_stm32f10x_hd.o ABSOLUTE
    ..\HARDWARE\ASRPRO\asrpro.c              0x00000000   Number         0  asrpro.o ABSOLUTE
    ..\HARDWARE\BEEP\beep.c                  0x00000000   Number         0  beep.o ABSOLUTE
    ..\HARDWARE\ESP01S\esp01s.c              0x00000000   Number         0  esp01s.o ABSOLUTE
    ..\HARDWARE\INFRARED\infrared.c          0x00000000   Number         0  infrared.o ABSOLUTE
    ..\HARDWARE\KEY\key.c                    0x00000000   Number         0  key.o ABSOLUTE
    ..\HARDWARE\OLED\oled.c                  0x00000000   Number         0  oled.o ABSOLUTE
    ..\HARDWARE\RGB\rgb.c                    0x00000000   Number         0  rgb.o ABSOLUTE
    ..\HARDWARE\SG90\sg90.c                  0x00000000   Number         0  sg90.o ABSOLUTE
    ..\HARDWARE\ULTRA\ultra.c                0x00000000   Number         0  ultra.o ABSOLUTE
    ..\STM32F10x_FWLib\src\misc.c            0x00000000   Number         0  misc.o ABSOLUTE
    ..\STM32F10x_FWLib\src\stm32f10x_adc.c   0x00000000   Number         0  stm32f10x_adc.o ABSOLUTE
    ..\STM32F10x_FWLib\src\stm32f10x_bkp.c   0x00000000   Number         0  stm32f10x_bkp.o ABSOLUTE
    ..\STM32F10x_FWLib\src\stm32f10x_can.c   0x00000000   Number         0  stm32f10x_can.o ABSOLUTE
    ..\STM32F10x_FWLib\src\stm32f10x_cec.c   0x00000000   Number         0  stm32f10x_cec.o ABSOLUTE
    ..\STM32F10x_FWLib\src\stm32f10x_crc.c   0x00000000   Number         0  stm32f10x_crc.o ABSOLUTE
    ..\STM32F10x_FWLib\src\stm32f10x_dac.c   0x00000000   Number         0  stm32f10x_dac.o ABSOLUTE
    ..\STM32F10x_FWLib\src\stm32f10x_dbgmcu.c 0x00000000   Number         0  stm32f10x_dbgmcu.o ABSOLUTE
    ..\STM32F10x_FWLib\src\stm32f10x_dma.c   0x00000000   Number         0  stm32f10x_dma.o ABSOLUTE
    ..\STM32F10x_FWLib\src\stm32f10x_exti.c  0x00000000   Number         0  stm32f10x_exti.o ABSOLUTE
    ..\STM32F10x_FWLib\src\stm32f10x_flash.c 0x00000000   Number         0  stm32f10x_flash.o ABSOLUTE
    ..\STM32F10x_FWLib\src\stm32f10x_fsmc.c  0x00000000   Number         0  stm32f10x_fsmc.o ABSOLUTE
    ..\STM32F10x_FWLib\src\stm32f10x_gpio.c  0x00000000   Number         0  stm32f10x_gpio.o ABSOLUTE
    ..\STM32F10x_FWLib\src\stm32f10x_i2c.c   0x00000000   Number         0  stm32f10x_i2c.o ABSOLUTE
    ..\STM32F10x_FWLib\src\stm32f10x_iwdg.c  0x00000000   Number         0  stm32f10x_iwdg.o ABSOLUTE
    ..\STM32F10x_FWLib\src\stm32f10x_pwr.c   0x00000000   Number         0  stm32f10x_pwr.o ABSOLUTE
    ..\STM32F10x_FWLib\src\stm32f10x_rcc.c   0x00000000   Number         0  stm32f10x_rcc.o ABSOLUTE
    ..\STM32F10x_FWLib\src\stm32f10x_rtc.c   0x00000000   Number         0  stm32f10x_rtc.o ABSOLUTE
    ..\STM32F10x_FWLib\src\stm32f10x_sdio.c  0x00000000   Number         0  stm32f10x_sdio.o ABSOLUTE
    ..\STM32F10x_FWLib\src\stm32f10x_spi.c   0x00000000   Number         0  stm32f10x_spi.o ABSOLUTE
    ..\STM32F10x_FWLib\src\stm32f10x_tim.c   0x00000000   Number         0  stm32f10x_tim.o ABSOLUTE
    ..\STM32F10x_FWLib\src\stm32f10x_usart.c 0x00000000   Number         0  stm32f10x_usart.o ABSOLUTE
    ..\STM32F10x_FWLib\src\stm32f10x_wwdg.c  0x00000000   Number         0  stm32f10x_wwdg.o ABSOLUTE
    ..\SYSTEM\adc\adc.c                      0x00000000   Number         0  adc.o ABSOLUTE
    ..\SYSTEM\delay\delay.c                  0x00000000   Number         0  delay.o ABSOLUTE
    ..\SYSTEM\sys\sys.c                      0x00000000   Number         0  sys.o ABSOLUTE
    ..\\CORE\\core_cm3.c                     0x00000000   Number         0  core_cm3.o ABSOLUTE
    dc.s                                     0x00000000   Number         0  dc.o ABSOLUTE
    main.c                                   0x00000000   Number         0  main.o ABSOLUTE
    stm32f10x_it.c                           0x00000000   Number         0  stm32f10x_it.o ABSOLUTE
    system_stm32f10x.c                       0x00000000   Number         0  system_stm32f10x.o ABSOLUTE
    RESET                                    0x08000000   Section      304  startup_stm32f10x_hd.o(RESET)
    !!!main                                  0x08000130   Section        8  __main.o(!!!main)
    !!!scatter                               0x08000138   Section       52  __scatter.o(!!!scatter)
    !!handler_copy                           0x0800016c   Section       26  __scatter_copy.o(!!handler_copy)
    !!handler_zi                             0x08000188   Section       28  __scatter_zi.o(!!handler_zi)
    .ARM.Collect$$_printf_percent$$00000000  0x080001a4   Section        0  _printf_percent.o(.ARM.Collect$$_printf_percent$$00000000)
    .ARM.Collect$$_printf_percent$$00000014  0x080001a4   Section        6  _printf_s.o(.ARM.Collect$$_printf_percent$$00000014)
    .ARM.Collect$$_printf_percent$$00000017  0x080001aa   Section        4  _printf_percent_end.o(.ARM.Collect$$_printf_percent$$00000017)
    .ARM.Collect$$libinit$$00000000          0x080001ae   Section        2  libinit.o(.ARM.Collect$$libinit$$00000000)
    .ARM.Collect$$libinit$$00000002          0x080001b0   Section        0  libinit2.o(.ARM.Collect$$libinit$$00000002)
    .ARM.Collect$$libinit$$00000004          0x080001b0   Section        0  libinit2.o(.ARM.Collect$$libinit$$00000004)
    .ARM.Collect$$libinit$$0000000A          0x080001b0   Section        0  libinit2.o(.ARM.Collect$$libinit$$0000000A)
    .ARM.Collect$$libinit$$0000000C          0x080001b0   Section        0  libinit2.o(.ARM.Collect$$libinit$$0000000C)
    .ARM.Collect$$libinit$$0000000E          0x080001b0   Section        0  libinit2.o(.ARM.Collect$$libinit$$0000000E)
    .ARM.Collect$$libinit$$00000011          0x080001b0   Section        0  libinit2.o(.ARM.Collect$$libinit$$00000011)
    .ARM.Collect$$libinit$$00000013          0x080001b0   Section        0  libinit2.o(.ARM.Collect$$libinit$$00000013)
    .ARM.Collect$$libinit$$00000015          0x080001b0   Section        0  libinit2.o(.ARM.Collect$$libinit$$00000015)
    .ARM.Collect$$libinit$$00000017          0x080001b0   Section        0  libinit2.o(.ARM.Collect$$libinit$$00000017)
    .ARM.Collect$$libinit$$00000019          0x080001b0   Section        0  libinit2.o(.ARM.Collect$$libinit$$00000019)
    .ARM.Collect$$libinit$$0000001B          0x080001b0   Section        0  libinit2.o(.ARM.Collect$$libinit$$0000001B)
    .ARM.Collect$$libinit$$0000001D          0x080001b0   Section        0  libinit2.o(.ARM.Collect$$libinit$$0000001D)
    .ARM.Collect$$libinit$$0000001F          0x080001b0   Section        0  libinit2.o(.ARM.Collect$$libinit$$0000001F)
    .ARM.Collect$$libinit$$00000021          0x080001b0   Section        0  libinit2.o(.ARM.Collect$$libinit$$00000021)
    .ARM.Collect$$libinit$$00000023          0x080001b0   Section        0  libinit2.o(.ARM.Collect$$libinit$$00000023)
    .ARM.Collect$$libinit$$00000025          0x080001b0   Section        0  libinit2.o(.ARM.Collect$$libinit$$00000025)
    .ARM.Collect$$libinit$$0000002C          0x080001b0   Section        0  libinit2.o(.ARM.Collect$$libinit$$0000002C)
    .ARM.Collect$$libinit$$0000002E          0x080001b0   Section        0  libinit2.o(.ARM.Collect$$libinit$$0000002E)
    .ARM.Collect$$libinit$$00000030          0x080001b0   Section        0  libinit2.o(.ARM.Collect$$libinit$$00000030)
    .ARM.Collect$$libinit$$00000032          0x080001b0   Section        0  libinit2.o(.ARM.Collect$$libinit$$00000032)
    .ARM.Collect$$libinit$$00000033          0x080001b0   Section        2  libinit2.o(.ARM.Collect$$libinit$$00000033)
    .ARM.Collect$$libshutdown$$00000000      0x080001b2   Section        2  libshutdown.o(.ARM.Collect$$libshutdown$$00000000)
    .ARM.Collect$$libshutdown$$00000002      0x080001b4   Section        0  libshutdown2.o(.ARM.Collect$$libshutdown$$00000002)
    .ARM.Collect$$libshutdown$$00000004      0x080001b4   Section        0  libshutdown2.o(.ARM.Collect$$libshutdown$$00000004)
    .ARM.Collect$$libshutdown$$00000006      0x080001b4   Section        0  libshutdown2.o(.ARM.Collect$$libshutdown$$00000006)
    .ARM.Collect$$libshutdown$$00000009      0x080001b4   Section        0  libshutdown2.o(.ARM.Collect$$libshutdown$$00000009)
    .ARM.Collect$$libshutdown$$0000000C      0x080001b4   Section        0  libshutdown2.o(.ARM.Collect$$libshutdown$$0000000C)
    .ARM.Collect$$libshutdown$$0000000E      0x080001b4   Section        0  libshutdown2.o(.ARM.Collect$$libshutdown$$0000000E)
    .ARM.Collect$$libshutdown$$00000011      0x080001b4   Section        0  libshutdown2.o(.ARM.Collect$$libshutdown$$00000011)
    .ARM.Collect$$libshutdown$$00000012      0x080001b4   Section        2  libshutdown2.o(.ARM.Collect$$libshutdown$$00000012)
    .ARM.Collect$$rtentry$$00000000          0x080001b6   Section        0  __rtentry.o(.ARM.Collect$$rtentry$$00000000)
    .ARM.Collect$$rtentry$$00000002          0x080001b6   Section        0  __rtentry2.o(.ARM.Collect$$rtentry$$00000002)
    .ARM.Collect$$rtentry$$00000004          0x080001b6   Section        6  __rtentry4.o(.ARM.Collect$$rtentry$$00000004)
    .ARM.Collect$$rtentry$$00000009          0x080001bc   Section        0  __rtentry2.o(.ARM.Collect$$rtentry$$00000009)
    .ARM.Collect$$rtentry$$0000000A          0x080001bc   Section        4  __rtentry2.o(.ARM.Collect$$rtentry$$0000000A)
    .ARM.Collect$$rtentry$$0000000C          0x080001c0   Section        0  __rtentry2.o(.ARM.Collect$$rtentry$$0000000C)
    .ARM.Collect$$rtentry$$0000000D          0x080001c0   Section        8  __rtentry2.o(.ARM.Collect$$rtentry$$0000000D)
    .ARM.Collect$$rtexit$$00000000           0x080001c8   Section        2  rtexit.o(.ARM.Collect$$rtexit$$00000000)
    .ARM.Collect$$rtexit$$00000002           0x080001ca   Section        0  rtexit2.o(.ARM.Collect$$rtexit$$00000002)
    .ARM.Collect$$rtexit$$00000003           0x080001ca   Section        4  rtexit2.o(.ARM.Collect$$rtexit$$00000003)
    .ARM.Collect$$rtexit$$00000004           0x080001ce   Section        6  rtexit2.o(.ARM.Collect$$rtexit$$00000004)
    .text                                    0x080001d4   Section       64  startup_stm32f10x_hd.o(.text)
    .text                                    0x08000214   Section        0  noretval__2snprintf.o(.text)
    .text                                    0x08000248   Section        0  __printf.o(.text)
    .text                                    0x080002b0   Section        0  _printf_str.o(.text)
    .text                                    0x08000302   Section        0  heapauxi.o(.text)
    .text                                    0x08000308   Section        0  _printf_char_common.o(.text)
    _printf_input_char                       0x08000309   Thumb Code    10  _printf_char_common.o(.text)
    .text                                    0x08000338   Section        0  _sputc.o(.text)
    .text                                    0x08000342   Section        0  _snputc.o(.text)
    .text                                    0x08000352   Section        0  _printf_char.o(.text)
    .text                                    0x0800037e   Section       74  sys_stackheap_outer.o(.text)
    .text                                    0x080003c8   Section        0  exit.o(.text)
    .text                                    0x080003dc   Section        8  libspace.o(.text)
    .text                                    0x080003e4   Section        0  sys_exit.o(.text)
    .text                                    0x080003f0   Section        2  use_no_semi.o(.text)
    .text                                    0x080003f2   Section        0  indicate_semi.o(.text)
    i.ASRPRO_Init                            0x080003f4   Section        0  asrpro.o(i.ASRPRO_Init)
    i.App_TickInit                           0x0800049c   Section        0  sys.o(i.App_TickInit)
    i.AutoCloseProcess                       0x080004fc   Section        0  main.o(i.AutoCloseProcess)
    AutoCloseProcess                         0x080004fd   Thumb Code    66  main.o(i.AutoCloseProcess)
    i.BEEP_GPIO_Config                       0x08000548   Section        0  beep.o(i.BEEP_GPIO_Config)
    i.BusFault_Handler                       0x08000580   Section        0  stm32f10x_it.o(i.BusFault_Handler)
    i.CloseBin                               0x08000584   Section        0  main.o(i.CloseBin)
    CloseBin                                 0x08000585   Thumb Code    38  main.o(i.CloseBin)
    i.DebugMon_Handler                       0x080005b0   Section        0  stm32f10x_it.o(i.DebugMon_Handler)
    i.GPIO_Init                              0x080005b2   Section        0  stm32f10x_gpio.o(i.GPIO_Init)
    i.GPIO_PinRemapConfig                    0x080006c8   Section        0  stm32f10x_gpio.o(i.GPIO_PinRemapConfig)
    i.GPIO_ReadInputDataBit                  0x08000758   Section        0  stm32f10x_gpio.o(i.GPIO_ReadInputDataBit)
    i.GPIO_ResetBits                         0x0800076a   Section        0  stm32f10x_gpio.o(i.GPIO_ResetBits)
    i.GPIO_SetBits                           0x0800076e   Section        0  stm32f10x_gpio.o(i.GPIO_SetBits)
    i.GPIO_WriteBit                          0x08000772   Section        0  stm32f10x_gpio.o(i.GPIO_WriteBit)
    i.HardFault_Handler                      0x0800077c   Section        0  stm32f10x_it.o(i.HardFault_Handler)
    i.IRProcess                              0x08000780   Section        0  main.o(i.IRProcess)
    IRProcess                                0x08000781   Thumb Code    64  main.o(i.IRProcess)
    i.IR_Detected                            0x080007c8   Section        0  infrared.o(i.IR_Detected)
    i.IR_Init                                0x08000834   Section        0  infrared.o(i.IR_Init)
    i.KEY_Init                               0x08000860   Section        0  key.o(i.KEY_Init)
    i.KEY_Scan                               0x080008ac   Section        0  key.o(i.KEY_Scan)
    i.KeyProcess                             0x08000950   Section        0  main.o(i.KeyProcess)
    KeyProcess                               0x08000951   Thumb Code    46  main.o(i.KeyProcess)
    i.LED_Init                               0x08000984   Section        0  rgb.o(i.LED_Init)
    i.LED_Set                                0x080009e0   Section        0  rgb.o(i.LED_Set)
    i.LED_SetBinStatus                       0x08000a24   Section        0  rgb.o(i.LED_SetBinStatus)
    i.MemManage_Handler                      0x08000a70   Section        0  stm32f10x_it.o(i.MemManage_Handler)
    i.NMI_Handler                            0x08000a74   Section        0  stm32f10x_it.o(i.NMI_Handler)
    i.NVIC_Init                              0x08000a78   Section        0  misc.o(i.NVIC_Init)
    i.NVIC_PriorityGroupConfig               0x08000ae8   Section        0  misc.o(i.NVIC_PriorityGroupConfig)
    i.OLED_Clear                             0x08000afc   Section        0  oled.o(i.OLED_Clear)
    i.OLED_I2C_Init                          0x08000b2c   Section        0  oled.o(i.OLED_I2C_Init)
    i.OLED_I2C_SendByte                      0x08000b6c   Section        0  oled.o(i.OLED_I2C_SendByte)
    i.OLED_I2C_Start                         0x08000bc0   Section        0  oled.o(i.OLED_I2C_Start)
    i.OLED_I2C_Stop                          0x08000bf4   Section        0  oled.o(i.OLED_I2C_Stop)
    i.OLED_Init                              0x08000c1c   Section        0  oled.o(i.OLED_Init)
    i.OLED_Set_Pos                           0x08000cba   Section        0  oled.o(i.OLED_Set_Pos)
    i.OLED_ShowChar                          0x08000ce0   Section        0  oled.o(i.OLED_ShowChar)
    i.OLED_ShowString                        0x08000d4c   Section        0  oled.o(i.OLED_ShowString)
    i.OLED_Write_Cmd                         0x08000d82   Section        0  oled.o(i.OLED_Write_Cmd)
    i.OLED_Write_Data                        0x08000da2   Section        0  oled.o(i.OLED_Write_Data)
    i.OledUpdate                             0x08000dc4   Section        0  main.o(i.OledUpdate)
    OledUpdate                               0x08000dc5   Thumb Code   120  main.o(i.OledUpdate)
    i.OpenBin                                0x08000e78   Section        0  main.o(i.OpenBin)
    OpenBin                                  0x08000e79   Thumb Code    54  main.o(i.OpenBin)
    i.OverflowProcess                        0x08000eb8   Section        0  main.o(i.OverflowProcess)
    OverflowProcess                          0x08000eb9   Thumb Code   170  main.o(i.OverflowProcess)
    i.PendSV_Handler                         0x08000f7c   Section        0  stm32f10x_it.o(i.PendSV_Handler)
    i.RCC_APB1PeriphClockCmd                 0x08000f80   Section        0  stm32f10x_rcc.o(i.RCC_APB1PeriphClockCmd)
    i.RCC_APB2PeriphClockCmd                 0x08000fa0   Section        0  stm32f10x_rcc.o(i.RCC_APB2PeriphClockCmd)
    i.RCC_GetClocksFreq                      0x08000fc0   Section        0  stm32f10x_rcc.o(i.RCC_GetClocksFreq)
    i.SG90_Close                             0x08001094   Section        0  sg90.o(i.SG90_Close)
    i.SG90_Init                              0x080010b0   Section        0  sg90.o(i.SG90_Init)
    i.SG90_Open                              0x080011a8   Section        0  sg90.o(i.SG90_Open)
    i.SG90_SetAngle                          0x080011b6   Section        0  sg90.o(i.SG90_SetAngle)
    i.SG90_SetPulse                          0x080011e0   Section        0  sg90.o(i.SG90_SetPulse)
    i.SVC_Handler                            0x08001240   Section        0  stm32f10x_it.o(i.SVC_Handler)
    i.SetSysClock                            0x08001242   Section        0  system_stm32f10x.o(i.SetSysClock)
    SetSysClock                              0x08001243   Thumb Code     8  system_stm32f10x.o(i.SetSysClock)
    i.SetSysClockTo72                        0x0800124c   Section        0  system_stm32f10x.o(i.SetSysClockTo72)
    SetSysClockTo72                          0x0800124d   Thumb Code   214  system_stm32f10x.o(i.SetSysClockTo72)
    i.SysTick_CLKSourceConfig                0x0800132c   Section        0  misc.o(i.SysTick_CLKSourceConfig)
    i.SysTick_Handler                        0x08001354   Section        0  stm32f10x_it.o(i.SysTick_Handler)
    i.SystemInit                             0x08001358   Section        0  system_stm32f10x.o(i.SystemInit)
    i.TIM2_IRQHandler                        0x080013b8   Section        0  stm32f10x_it.o(i.TIM2_IRQHandler)
    i.TIM_ARRPreloadConfig                   0x080013dc   Section        0  stm32f10x_tim.o(i.TIM_ARRPreloadConfig)
    i.TIM_CCxCmd                             0x080013f4   Section        0  stm32f10x_tim.o(i.TIM_CCxCmd)
    i.TIM_ClearITPendingBit                  0x08001412   Section        0  stm32f10x_tim.o(i.TIM_ClearITPendingBit)
    i.TIM_Cmd                                0x08001418   Section        0  stm32f10x_tim.o(i.TIM_Cmd)
    i.TIM_GetITStatus                        0x08001430   Section        0  stm32f10x_tim.o(i.TIM_GetITStatus)
    i.TIM_ITConfig                           0x08001452   Section        0  stm32f10x_tim.o(i.TIM_ITConfig)
    i.TIM_OC1Init                            0x08001464   Section        0  stm32f10x_tim.o(i.TIM_OC1Init)
    i.TIM_OC1PreloadConfig                   0x080014fc   Section        0  stm32f10x_tim.o(i.TIM_OC1PreloadConfig)
    i.TIM_OC2Init                            0x08001510   Section        0  stm32f10x_tim.o(i.TIM_OC2Init)
    i.TIM_OC2PreloadConfig                   0x080015b4   Section        0  stm32f10x_tim.o(i.TIM_OC2PreloadConfig)
    i.TIM_OC3Init                            0x080015d0   Section        0  stm32f10x_tim.o(i.TIM_OC3Init)
    i.TIM_OC3PreloadConfig                   0x08001670   Section        0  stm32f10x_tim.o(i.TIM_OC3PreloadConfig)
    i.TIM_OC4Init                            0x08001684   Section        0  stm32f10x_tim.o(i.TIM_OC4Init)
    i.TIM_OC4PreloadConfig                   0x08001700   Section        0  stm32f10x_tim.o(i.TIM_OC4PreloadConfig)
    i.TIM_SetCompare1                        0x0800171a   Section        0  stm32f10x_tim.o(i.TIM_SetCompare1)
    i.TIM_SetCompare2                        0x0800171e   Section        0  stm32f10x_tim.o(i.TIM_SetCompare2)
    i.TIM_SetCompare3                        0x08001722   Section        0  stm32f10x_tim.o(i.TIM_SetCompare3)
    i.TIM_SetCompare4                        0x08001726   Section        0  stm32f10x_tim.o(i.TIM_SetCompare4)
    i.TIM_TimeBaseInit                       0x0800172c   Section        0  stm32f10x_tim.o(i.TIM_TimeBaseInit)
    i.ULTRA_GetDistance_cm                   0x080017d0   Section        0  ultra.o(i.ULTRA_GetDistance_cm)
    i.ULTRA_Init                             0x0800186c   Section        0  ultra.o(i.ULTRA_Init)
    i.ULTRA_IsFull                           0x080018bc   Section        0  ultra.o(i.ULTRA_IsFull)
    i.USART2_IRQHandler                      0x080018e0   Section        0  asrpro.o(i.USART2_IRQHandler)
    i.USART_ClearITPendingBit                0x0800190c   Section        0  stm32f10x_usart.o(i.USART_ClearITPendingBit)
    i.USART_Cmd                              0x0800192a   Section        0  stm32f10x_usart.o(i.USART_Cmd)
    i.USART_GetITStatus                      0x08001942   Section        0  stm32f10x_usart.o(i.USART_GetITStatus)
    i.USART_ITConfig                         0x08001996   Section        0  stm32f10x_usart.o(i.USART_ITConfig)
    i.USART_Init                             0x080019e0   Section        0  stm32f10x_usart.o(i.USART_Init)
    i.USART_ReceiveData                      0x08001ab8   Section        0  stm32f10x_usart.o(i.USART_ReceiveData)
    i.UsageFault_Handler                     0x08001ac2   Section        0  stm32f10x_it.o(i.UsageFault_Handler)
    i.VoiceProcess                           0x08001ac8   Section        0  main.o(i.VoiceProcess)
    VoiceProcess                             0x08001ac9   Thumb Code   144  main.o(i.VoiceProcess)
    i.delay_init                             0x08001b5c   Section        0  delay.o(i.delay_init)
    i.delay_ms                               0x08001ba0   Section        0  delay.o(i.delay_ms)
    i.delay_us                               0x08001bec   Section        0  delay.o(i.delay_us)
    i.main                                   0x08001c38   Section        0  main.o(i.main)
    .constdata                               0x08001d04   Section     2416  oled.o(.constdata)
    .constdata                               0x08002674   Section       48  rgb.o(.constdata)
    led_port                                 0x08002674   Data          32  rgb.o(.constdata)
    led_pin                                  0x08002694   Data          16  rgb.o(.constdata)
    .constdata                               0x080026a4   Section        8  ultra.o(.constdata)
    echo_pin                                 0x080026a4   Data           8  ultra.o(.constdata)
    .constdata                               0x080026ac   Section       16  main.o(.constdata)
    bin_name                                 0x080026ac   Data          16  main.o(.constdata)
    .conststring                             0x080026bc   Section       31  main.o(.conststring)
    .data                                    0x20000000   Section        1  asrpro.o(.data)
    .data                                    0x20000001   Section        4  key.o(.data)
    last                                     0x20000001   Data           4  key.o(.data)
    .data                                    0x20000005   Section       20  stm32f10x_rcc.o(.data)
    APBAHBPrescTable                         0x20000005   Data          16  stm32f10x_rcc.o(.data)
    ADCPrescTable                            0x20000015   Data           4  stm32f10x_rcc.o(.data)
    .data                                    0x2000001a   Section        4  delay.o(.data)
    fac_us                                   0x2000001a   Data           1  delay.o(.data)
    fac_ms                                   0x2000001c   Data           2  delay.o(.data)
    .data                                    0x20000020   Section        4  sys.o(.data)
    .data                                    0x20000024   Section       16  main.o(.data)
    last_check                               0x20000024   Data           4  main.o(.data)
    beep_active                              0x20000028   Data           1  main.o(.data)
    beep_tick                                0x2000002c   Data           4  main.o(.data)
    last_t                                   0x20000030   Data           4  main.o(.data)
    .data                                    0x20000034   Section       20  system_stm32f10x.o(.data)
    .bss                                     0x20000048   Section       16  key.o(.bss)
    tick0                                    0x20000048   Data          16  key.o(.bss)
    .bss                                     0x20000058   Section       48  main.o(.bss)
    g_bin                                    0x20000058   Data          48  main.o(.bss)
    .bss                                     0x20000088   Section       96  libspace.o(.bss)
    HEAP                                     0x200000e8   Section      512  startup_stm32f10x_hd.o(HEAP)
    Heap_Mem                                 0x200000e8   Data         512  startup_stm32f10x_hd.o(HEAP)
    STACK                                    0x200002e8   Section     1024  startup_stm32f10x_hd.o(STACK)
    Stack_Mem                                0x200002e8   Data        1024  startup_stm32f10x_hd.o(STACK)
    __initial_sp                             0x200006e8   Data           0  startup_stm32f10x_hd.o(STACK)

    Global Symbols

    Symbol Name                              Value     Ov Type        Size  Object(Section)

    BuildAttributes$$THM_ISAv4$P$D$K$B$S$PE$A:L22UL41UL21$X:L11$S22US41US21$IEEE1$IW$USESV6$~STKCKD$USESV7$~SHL$OSPACE$ROPI$EBA8$UX$STANDARDLIB$REQ8$PRES8$EABIv2 0x00000000   Number         0  anon$$obj.o ABSOLUTE
    __ARM_use_no_argv                        0x00000000   Number         0  main.o ABSOLUTE
    __ARM_exceptions_init                     - Undefined Weak Reference
    __alloca_initialize                       - Undefined Weak Reference
    __arm_fini_                               - Undefined Weak Reference
    __arm_preinit_                            - Undefined Weak Reference
    __cpp_initialize__aeabi_                  - Undefined Weak Reference
    __cxa_finalize                            - Undefined Weak Reference
    __rt_locale                               - Undefined Weak Reference
    __sigvec_lookup                           - Undefined Weak Reference
    _atexit_init                              - Undefined Weak Reference
    _call_atexit_fns                          - Undefined Weak Reference
    _clock_init                               - Undefined Weak Reference
    _fp_trap_init                             - Undefined Weak Reference
    _fp_trap_shutdown                         - Undefined Weak Reference
    _get_lc_collate                           - Undefined Weak Reference
    _get_lc_ctype                             - Undefined Weak Reference
    _get_lc_monetary                          - Undefined Weak Reference
    _get_lc_numeric                           - Undefined Weak Reference
    _get_lc_time                              - Undefined Weak Reference
    _getenv_init                              - Undefined Weak Reference
    _handle_redirection                       - Undefined Weak Reference
    _init_alloc                               - Undefined Weak Reference
    _init_user_alloc                          - Undefined Weak Reference
    _initio                                   - Undefined Weak Reference
    _printf_mbtowc                            - Undefined Weak Reference
    _printf_post_padding                      - Undefined Weak Reference
    _printf_pre_padding                       - Undefined Weak Reference
    _rand_init                                - Undefined Weak Reference
    _signal_finish                            - Undefined Weak Reference
    _signal_init                              - Undefined Weak Reference
    _terminate_alloc                          - Undefined Weak Reference
    _terminate_user_alloc                     - Undefined Weak Reference
    _terminateio                              - Undefined Weak Reference
    __Vectors_Size                           0x00000130   Number         0  startup_stm32f10x_hd.o ABSOLUTE
    __Vectors                                0x08000000   Data           4  startup_stm32f10x_hd.o(RESET)
    __Vectors_End                            0x08000130   Data           0  startup_stm32f10x_hd.o(RESET)
    __main                                   0x08000131   Thumb Code     8  __main.o(!!!main)
    __scatterload                            0x08000139   Thumb Code     0  __scatter.o(!!!scatter)
    __scatterload_rt2                        0x08000139   Thumb Code    44  __scatter.o(!!!scatter)
    __scatterload_rt2_thumb_only             0x08000139   Thumb Code     0  __scatter.o(!!!scatter)
    __scatterload_null                       0x08000147   Thumb Code     0  __scatter.o(!!!scatter)
    __scatterload_copy                       0x0800016d   Thumb Code    26  __scatter_copy.o(!!handler_copy)
    __scatterload_zeroinit                   0x08000189   Thumb Code    28  __scatter_zi.o(!!handler_zi)
    _printf_percent                          0x080001a5   Thumb Code     0  _printf_percent.o(.ARM.Collect$$_printf_percent$$00000000)
    _printf_s                                0x080001a5   Thumb Code     0  _printf_s.o(.ARM.Collect$$_printf_percent$$00000014)
    _printf_percent_end                      0x080001ab   Thumb Code     0  _printf_percent_end.o(.ARM.Collect$$_printf_percent$$00000017)
    __rt_lib_init                            0x080001af   Thumb Code     0  libinit.o(.ARM.Collect$$libinit$$00000000)
    __rt_lib_init_alloca_1                   0x080001b1   Thumb Code     0  libinit2.o(.ARM.Collect$$libinit$$0000002E)
    __rt_lib_init_argv_1                     0x080001b1   Thumb Code     0  libinit2.o(.ARM.Collect$$libinit$$0000002C)
    __rt_lib_init_atexit_1                   0x080001b1   Thumb Code     0  libinit2.o(.ARM.Collect$$libinit$$0000001B)
    __rt_lib_init_clock_1                    0x080001b1   Thumb Code     0  libinit2.o(.ARM.Collect$$libinit$$00000021)
    __rt_lib_init_cpp_1                      0x080001b1   Thumb Code     0  libinit2.o(.ARM.Collect$$libinit$$00000032)
    __rt_lib_init_exceptions_1               0x080001b1   Thumb Code     0  libinit2.o(.ARM.Collect$$libinit$$00000030)
    __rt_lib_init_fp_1                       0x080001b1   Thumb Code     0  libinit2.o(.ARM.Collect$$libinit$$00000002)
    __rt_lib_init_fp_trap_1                  0x080001b1   Thumb Code     0  libinit2.o(.ARM.Collect$$libinit$$0000001F)
    __rt_lib_init_getenv_1                   0x080001b1   Thumb Code     0  libinit2.o(.ARM.Collect$$libinit$$00000023)
    __rt_lib_init_heap_1                     0x080001b1   Thumb Code     0  libinit2.o(.ARM.Collect$$libinit$$0000000A)
    __rt_lib_init_lc_collate_1               0x080001b1   Thumb Code     0  libinit2.o(.ARM.Collect$$libinit$$00000011)
    __rt_lib_init_lc_ctype_1                 0x080001b1   Thumb Code     0  libinit2.o(.ARM.Collect$$libinit$$00000013)
    __rt_lib_init_lc_monetary_1              0x080001b1   Thumb Code     0  libinit2.o(.ARM.Collect$$libinit$$00000015)
    __rt_lib_init_lc_numeric_1               0x080001b1   Thumb Code     0  libinit2.o(.ARM.Collect$$libinit$$00000017)
    __rt_lib_init_lc_time_1                  0x080001b1   Thumb Code     0  libinit2.o(.ARM.Collect$$libinit$$00000019)
    __rt_lib_init_preinit_1                  0x080001b1   Thumb Code     0  libinit2.o(.ARM.Collect$$libinit$$00000004)
    __rt_lib_init_rand_1                     0x080001b1   Thumb Code     0  libinit2.o(.ARM.Collect$$libinit$$0000000E)
    __rt_lib_init_return                     0x080001b1   Thumb Code     0  libinit2.o(.ARM.Collect$$libinit$$00000033)
    __rt_lib_init_signal_1                   0x080001b1   Thumb Code     0  libinit2.o(.ARM.Collect$$libinit$$0000001D)
    __rt_lib_init_stdio_1                    0x080001b1   Thumb Code     0  libinit2.o(.ARM.Collect$$libinit$$00000025)
    __rt_lib_init_user_alloc_1               0x080001b1   Thumb Code     0  libinit2.o(.ARM.Collect$$libinit$$0000000C)
    __rt_lib_shutdown                        0x080001b3   Thumb Code     0  libshutdown.o(.ARM.Collect$$libshutdown$$00000000)
    __rt_lib_shutdown_cpp_1                  0x080001b5   Thumb Code     0  libshutdown2.o(.ARM.Collect$$libshutdown$$00000004)
    __rt_lib_shutdown_fini_1                 0x080001b5   Thumb Code     0  libshutdown2.o(.ARM.Collect$$libshutdown$$00000002)
    __rt_lib_shutdown_fp_trap_1              0x080001b5   Thumb Code     0  libshutdown2.o(.ARM.Collect$$libshutdown$$00000009)
    __rt_lib_shutdown_heap_1                 0x080001b5   Thumb Code     0  libshutdown2.o(.ARM.Collect$$libshutdown$$00000011)
    __rt_lib_shutdown_return                 0x080001b5   Thumb Code     0  libshutdown2.o(.ARM.Collect$$libshutdown$$00000012)
    __rt_lib_shutdown_signal_1               0x080001b5   Thumb Code     0  libshutdown2.o(.ARM.Collect$$libshutdown$$0000000C)
    __rt_lib_shutdown_stdio_1                0x080001b5   Thumb Code     0  libshutdown2.o(.ARM.Collect$$libshutdown$$00000006)
    __rt_lib_shutdown_user_alloc_1           0x080001b5   Thumb Code     0  libshutdown2.o(.ARM.Collect$$libshutdown$$0000000E)
    __rt_entry                               0x080001b7   Thumb Code     0  __rtentry.o(.ARM.Collect$$rtentry$$00000000)
    __rt_entry_presh_1                       0x080001b7   Thumb Code     0  __rtentry2.o(.ARM.Collect$$rtentry$$00000002)
    __rt_entry_sh                            0x080001b7   Thumb Code     0  __rtentry4.o(.ARM.Collect$$rtentry$$00000004)
    __rt_entry_li                            0x080001bd   Thumb Code     0  __rtentry2.o(.ARM.Collect$$rtentry$$0000000A)
    __rt_entry_postsh_1                      0x080001bd   Thumb Code     0  __rtentry2.o(.ARM.Collect$$rtentry$$00000009)
    __rt_entry_main                          0x080001c1   Thumb Code     0  __rtentry2.o(.ARM.Collect$$rtentry$$0000000D)
    __rt_entry_postli_1                      0x080001c1   Thumb Code     0  __rtentry2.o(.ARM.Collect$$rtentry$$0000000C)
    __rt_exit                                0x080001c9   Thumb Code     0  rtexit.o(.ARM.Collect$$rtexit$$00000000)
    __rt_exit_ls                             0x080001cb   Thumb Code     0  rtexit2.o(.ARM.Collect$$rtexit$$00000003)
    __rt_exit_prels_1                        0x080001cb   Thumb Code     0  rtexit2.o(.ARM.Collect$$rtexit$$00000002)
    __rt_exit_exit                           0x080001cf   Thumb Code     0  rtexit2.o(.ARM.Collect$$rtexit$$00000004)
    Reset_Handler                            0x080001d5   Thumb Code     8  startup_stm32f10x_hd.o(.text)
    ADC1_2_IRQHandler                        0x080001ef   Thumb Code     0  startup_stm32f10x_hd.o(.text)
    ADC3_IRQHandler                          0x080001ef   Thumb Code     0  startup_stm32f10x_hd.o(.text)
    CAN1_RX1_IRQHandler                      0x080001ef   Thumb Code     0  startup_stm32f10x_hd.o(.text)
    CAN1_SCE_IRQHandler                      0x080001ef   Thumb Code     0  startup_stm32f10x_hd.o(.text)
    DMA1_Channel1_IRQHandler                 0x080001ef   Thumb Code     0  startup_stm32f10x_hd.o(.text)
    DMA1_Channel2_IRQHandler                 0x080001ef   Thumb Code     0  startup_stm32f10x_hd.o(.text)
    DMA1_Channel3_IRQHandler                 0x080001ef   Thumb Code     0  startup_stm32f10x_hd.o(.text)
    DMA1_Channel4_IRQHandler                 0x080001ef   Thumb Code     0  startup_stm32f10x_hd.o(.text)
    DMA1_Channel5_IRQHandler                 0x080001ef   Thumb Code     0  startup_stm32f10x_hd.o(.text)
    DMA1_Channel6_IRQHandler                 0x080001ef   Thumb Code     0  startup_stm32f10x_hd.o(.text)
    DMA1_Channel7_IRQHandler                 0x080001ef   Thumb Code     0  startup_stm32f10x_hd.o(.text)
    DMA2_Channel1_IRQHandler                 0x080001ef   Thumb Code     0  startup_stm32f10x_hd.o(.text)
    DMA2_Channel2_IRQHandler                 0x080001ef   Thumb Code     0  startup_stm32f10x_hd.o(.text)
    DMA2_Channel3_IRQHandler                 0x080001ef   Thumb Code     0  startup_stm32f10x_hd.o(.text)
    DMA2_Channel4_5_IRQHandler               0x080001ef   Thumb Code     0  startup_stm32f10x_hd.o(.text)
    EXTI0_IRQHandler                         0x080001ef   Thumb Code     0  startup_stm32f10x_hd.o(.text)
    EXTI15_10_IRQHandler                     0x080001ef   Thumb Code     0  startup_stm32f10x_hd.o(.text)
    EXTI1_IRQHandler                         0x080001ef   Thumb Code     0  startup_stm32f10x_hd.o(.text)
    EXTI2_IRQHandler                         0x080001ef   Thumb Code     0  startup_stm32f10x_hd.o(.text)
    EXTI3_IRQHandler                         0x080001ef   Thumb Code     0  startup_stm32f10x_hd.o(.text)
    EXTI4_IRQHandler                         0x080001ef   Thumb Code     0  startup_stm32f10x_hd.o(.text)
    EXTI9_5_IRQHandler                       0x080001ef   Thumb Code     0  startup_stm32f10x_hd.o(.text)
    FLASH_IRQHandler                         0x080001ef   Thumb Code     0  startup_stm32f10x_hd.o(.text)
    FSMC_IRQHandler                          0x080001ef   Thumb Code     0  startup_stm32f10x_hd.o(.text)
    I2C1_ER_IRQHandler                       0x080001ef   Thumb Code     0  startup_stm32f10x_hd.o(.text)
    I2C1_EV_IRQHandler                       0x080001ef   Thumb Code     0  startup_stm32f10x_hd.o(.text)
    I2C2_ER_IRQHandler                       0x080001ef   Thumb Code     0  startup_stm32f10x_hd.o(.text)
    I2C2_EV_IRQHandler                       0x080001ef   Thumb Code     0  startup_stm32f10x_hd.o(.text)
    PVD_IRQHandler                           0x080001ef   Thumb Code     0  startup_stm32f10x_hd.o(.text)
    RCC_IRQHandler                           0x080001ef   Thumb Code     0  startup_stm32f10x_hd.o(.text)
    RTCAlarm_IRQHandler                      0x080001ef   Thumb Code     0  startup_stm32f10x_hd.o(.text)
    RTC_IRQHandler                           0x080001ef   Thumb Code     0  startup_stm32f10x_hd.o(.text)
    SDIO_IRQHandler                          0x080001ef   Thumb Code     0  startup_stm32f10x_hd.o(.text)
    SPI1_IRQHandler                          0x080001ef   Thumb Code     0  startup_stm32f10x_hd.o(.text)
    SPI2_IRQHandler                          0x080001ef   Thumb Code     0  startup_stm32f10x_hd.o(.text)
    SPI3_IRQHandler                          0x080001ef   Thumb Code     0  startup_stm32f10x_hd.o(.text)
    TAMPER_IRQHandler                        0x080001ef   Thumb Code     0  startup_stm32f10x_hd.o(.text)
    TIM1_BRK_IRQHandler                      0x080001ef   Thumb Code     0  startup_stm32f10x_hd.o(.text)
    TIM1_CC_IRQHandler                       0x080001ef   Thumb Code     0  startup_stm32f10x_hd.o(.text)
    TIM1_TRG_COM_IRQHandler                  0x080001ef   Thumb Code     0  startup_stm32f10x_hd.o(.text)
    TIM1_UP_IRQHandler                       0x080001ef   Thumb Code     0  startup_stm32f10x_hd.o(.text)
    TIM3_IRQHandler                          0x080001ef   Thumb Code     0  startup_stm32f10x_hd.o(.text)
    TIM4_IRQHandler                          0x080001ef   Thumb Code     0  startup_stm32f10x_hd.o(.text)
    TIM5_IRQHandler                          0x080001ef   Thumb Code     0  startup_stm32f10x_hd.o(.text)
    TIM6_IRQHandler                          0x080001ef   Thumb Code     0  startup_stm32f10x_hd.o(.text)
    TIM7_IRQHandler                          0x080001ef   Thumb Code     0  startup_stm32f10x_hd.o(.text)
    TIM8_BRK_IRQHandler                      0x080001ef   Thumb Code     0  startup_stm32f10x_hd.o(.text)
    TIM8_CC_IRQHandler                       0x080001ef   Thumb Code     0  startup_stm32f10x_hd.o(.text)
    TIM8_TRG_COM_IRQHandler                  0x080001ef   Thumb Code     0  startup_stm32f10x_hd.o(.text)
    TIM8_UP_IRQHandler                       0x080001ef   Thumb Code     0  startup_stm32f10x_hd.o(.text)
    UART4_IRQHandler                         0x080001ef   Thumb Code     0  startup_stm32f10x_hd.o(.text)
    UART5_IRQHandler                         0x080001ef   Thumb Code     0  startup_stm32f10x_hd.o(.text)
    USART1_IRQHandler                        0x080001ef   Thumb Code     0  startup_stm32f10x_hd.o(.text)
    USART3_IRQHandler                        0x080001ef   Thumb Code     0  startup_stm32f10x_hd.o(.text)
    USBWakeUp_IRQHandler                     0x080001ef   Thumb Code     0  startup_stm32f10x_hd.o(.text)
    USB_HP_CAN1_TX_IRQHandler                0x080001ef   Thumb Code     0  startup_stm32f10x_hd.o(.text)
    USB_LP_CAN1_RX0_IRQHandler               0x080001ef   Thumb Code     0  startup_stm32f10x_hd.o(.text)
    WWDG_IRQHandler                          0x080001ef   Thumb Code     0  startup_stm32f10x_hd.o(.text)
    __user_initial_stackheap                 0x080001f1   Thumb Code     0  startup_stm32f10x_hd.o(.text)
    __2snprintf                              0x08000215   Thumb Code    48  noretval__2snprintf.o(.text)
    __printf                                 0x08000249   Thumb Code   104  __printf.o(.text)
    _printf_str                              0x080002b1   Thumb Code    82  _printf_str.o(.text)
    __use_two_region_memory                  0x08000303   Thumb Code     2  heapauxi.o(.text)
    __rt_heap_escrow$2region                 0x08000305   Thumb Code     2  heapauxi.o(.text)
    __rt_heap_expand$2region                 0x08000307   Thumb Code     2  heapauxi.o(.text)
    _printf_char_common                      0x08000313   Thumb Code    32  _printf_char_common.o(.text)
    _sputc                                   0x08000339   Thumb Code    10  _sputc.o(.text)
    _snputc                                  0x08000343   Thumb Code    16  _snputc.o(.text)
    _printf_cs_common                        0x08000353   Thumb Code    20  _printf_char.o(.text)
    _printf_char                             0x08000367   Thumb Code    16  _printf_char.o(.text)
    _printf_string                           0x08000377   Thumb Code     8  _printf_char.o(.text)
    __user_setup_stackheap                   0x0800037f   Thumb Code    74  sys_stackheap_outer.o(.text)
    exit                                     0x080003c9   Thumb Code    18  exit.o(.text)
    __user_libspace                          0x080003dd   Thumb Code     8  libspace.o(.text)
    __user_perproc_libspace                  0x080003dd   Thumb Code     0  libspace.o(.text)
    __user_perthread_libspace                0x080003dd   Thumb Code     0  libspace.o(.text)
    _sys_exit                                0x080003e5   Thumb Code     8  sys_exit.o(.text)
    __I$use$semihosting                      0x080003f1   Thumb Code     0  use_no_semi.o(.text)
    __use_no_semihosting_swi                 0x080003f1   Thumb Code     2  use_no_semi.o(.text)
    __semihosting_library_function           0x080003f3   Thumb Code     0  indicate_semi.o(.text)
    ASRPRO_Init                              0x080003f5   Thumb Code   158  asrpro.o(i.ASRPRO_Init)
    App_TickInit                             0x0800049d   Thumb Code    94  sys.o(i.App_TickInit)
    BEEP_GPIO_Config                         0x08000549   Thumb Code    50  beep.o(i.BEEP_GPIO_Config)
    BusFault_Handler                         0x08000581   Thumb Code     4  stm32f10x_it.o(i.BusFault_Handler)
    DebugMon_Handler                         0x080005b1   Thumb Code     2  stm32f10x_it.o(i.DebugMon_Handler)
    GPIO_Init                                0x080005b3   Thumb Code   278  stm32f10x_gpio.o(i.GPIO_Init)
    GPIO_PinRemapConfig                      0x080006c9   Thumb Code   138  stm32f10x_gpio.o(i.GPIO_PinRemapConfig)
    GPIO_ReadInputDataBit                    0x08000759   Thumb Code    18  stm32f10x_gpio.o(i.GPIO_ReadInputDataBit)
    GPIO_ResetBits                           0x0800076b   Thumb Code     4  stm32f10x_gpio.o(i.GPIO_ResetBits)
    GPIO_SetBits                             0x0800076f   Thumb Code     4  stm32f10x_gpio.o(i.GPIO_SetBits)
    GPIO_WriteBit                            0x08000773   Thumb Code    10  stm32f10x_gpio.o(i.GPIO_WriteBit)
    HardFault_Handler                        0x0800077d   Thumb Code     4  stm32f10x_it.o(i.HardFault_Handler)
    IR_Detected                              0x080007c9   Thumb Code   102  infrared.o(i.IR_Detected)
    IR_Init                                  0x08000835   Thumb Code    40  infrared.o(i.IR_Init)
    KEY_Init                                 0x08000861   Thumb Code    64  key.o(i.KEY_Init)
    KEY_Scan                                 0x080008ad   Thumb Code   144  key.o(i.KEY_Scan)
    LED_Init                                 0x08000985   Thumb Code    78  rgb.o(i.LED_Init)
    LED_Set                                  0x080009e1   Thumb Code    60  rgb.o(i.LED_Set)
    LED_SetBinStatus                         0x08000a25   Thumb Code    76  rgb.o(i.LED_SetBinStatus)
    MemManage_Handler                        0x08000a71   Thumb Code     4  stm32f10x_it.o(i.MemManage_Handler)
    NMI_Handler                              0x08000a75   Thumb Code     2  stm32f10x_it.o(i.NMI_Handler)
    NVIC_Init                                0x08000a79   Thumb Code   100  misc.o(i.NVIC_Init)
    NVIC_PriorityGroupConfig                 0x08000ae9   Thumb Code    10  misc.o(i.NVIC_PriorityGroupConfig)
    OLED_Clear                               0x08000afd   Thumb Code    26  oled.o(i.OLED_Clear)
    OLED_I2C_Init                            0x08000b2d   Thumb Code    60  oled.o(i.OLED_I2C_Init)
    OLED_I2C_SendByte                        0x08000b6d   Thumb Code    80  oled.o(i.OLED_I2C_SendByte)
    OLED_I2C_Start                           0x08000bc1   Thumb Code    48  oled.o(i.OLED_I2C_Start)
    OLED_I2C_Stop                            0x08000bf5   Thumb Code    36  oled.o(i.OLED_I2C_Stop)
    OLED_Init                                0x08000c1d   Thumb Code   158  oled.o(i.OLED_Init)
    OLED_Set_Pos                             0x08000cbb   Thumb Code    36  oled.o(i.OLED_Set_Pos)
    OLED_ShowChar                            0x08000ce1   Thumb Code   102  oled.o(i.OLED_ShowChar)
    OLED_ShowString                          0x08000d4d   Thumb Code    54  oled.o(i.OLED_ShowString)
    OLED_Write_Cmd                           0x08000d83   Thumb Code    32  oled.o(i.OLED_Write_Cmd)
    OLED_Write_Data                          0x08000da3   Thumb Code    32  oled.o(i.OLED_Write_Data)
    PendSV_Handler                           0x08000f7d   Thumb Code     2  stm32f10x_it.o(i.PendSV_Handler)
    RCC_APB1PeriphClockCmd                   0x08000f81   Thumb Code    26  stm32f10x_rcc.o(i.RCC_APB1PeriphClockCmd)
    RCC_APB2PeriphClockCmd                   0x08000fa1   Thumb Code    26  stm32f10x_rcc.o(i.RCC_APB2PeriphClockCmd)
    RCC_GetClocksFreq                        0x08000fc1   Thumb Code   192  stm32f10x_rcc.o(i.RCC_GetClocksFreq)
    SG90_Close                               0x08001095   Thumb Code    28  sg90.o(i.SG90_Close)
    SG90_Init                                0x080010b1   Thumb Code   236  sg90.o(i.SG90_Init)
    SG90_Open                                0x080011a9   Thumb Code    14  sg90.o(i.SG90_Open)
    SG90_SetAngle                            0x080011b7   Thumb Code    40  sg90.o(i.SG90_SetAngle)
    SG90_SetPulse                            0x080011e1   Thumb Code    90  sg90.o(i.SG90_SetPulse)
    SVC_Handler                              0x08001241   Thumb Code     2  stm32f10x_it.o(i.SVC_Handler)
    SysTick_CLKSourceConfig                  0x0800132d   Thumb Code    40  misc.o(i.SysTick_CLKSourceConfig)
    SysTick_Handler                          0x08001355   Thumb Code     2  stm32f10x_it.o(i.SysTick_Handler)
    SystemInit                               0x08001359   Thumb Code    78  system_stm32f10x.o(i.SystemInit)
    TIM2_IRQHandler                          0x080013b9   Thumb Code    32  stm32f10x_it.o(i.TIM2_IRQHandler)
    TIM_ARRPreloadConfig                     0x080013dd   Thumb Code    24  stm32f10x_tim.o(i.TIM_ARRPreloadConfig)
    TIM_CCxCmd                               0x080013f5   Thumb Code    30  stm32f10x_tim.o(i.TIM_CCxCmd)
    TIM_ClearITPendingBit                    0x08001413   Thumb Code     6  stm32f10x_tim.o(i.TIM_ClearITPendingBit)
    TIM_Cmd                                  0x08001419   Thumb Code    24  stm32f10x_tim.o(i.TIM_Cmd)
    TIM_GetITStatus                          0x08001431   Thumb Code    34  stm32f10x_tim.o(i.TIM_GetITStatus)
    TIM_ITConfig                             0x08001453   Thumb Code    18  stm32f10x_tim.o(i.TIM_ITConfig)
    TIM_OC1Init                              0x08001465   Thumb Code   132  stm32f10x_tim.o(i.TIM_OC1Init)
    TIM_OC1PreloadConfig                     0x080014fd   Thumb Code    18  stm32f10x_tim.o(i.TIM_OC1PreloadConfig)
    TIM_OC2Init                              0x08001511   Thumb Code   154  stm32f10x_tim.o(i.TIM_OC2Init)
    TIM_OC2PreloadConfig                     0x080015b5   Thumb Code    26  stm32f10x_tim.o(i.TIM_OC2PreloadConfig)
    TIM_OC3Init                              0x080015d1   Thumb Code   150  stm32f10x_tim.o(i.TIM_OC3Init)
    TIM_OC3PreloadConfig                     0x08001671   Thumb Code    18  stm32f10x_tim.o(i.TIM_OC3PreloadConfig)
    TIM_OC4Init                              0x08001685   Thumb Code   114  stm32f10x_tim.o(i.TIM_OC4Init)
    TIM_OC4PreloadConfig                     0x08001701   Thumb Code    26  stm32f10x_tim.o(i.TIM_OC4PreloadConfig)
    TIM_SetCompare1                          0x0800171b   Thumb Code     4  stm32f10x_tim.o(i.TIM_SetCompare1)
    TIM_SetCompare2                          0x0800171f   Thumb Code     4  stm32f10x_tim.o(i.TIM_SetCompare2)
    TIM_SetCompare3                          0x08001723   Thumb Code     4  stm32f10x_tim.o(i.TIM_SetCompare3)
    TIM_SetCompare4                          0x08001727   Thumb Code     6  stm32f10x_tim.o(i.TIM_SetCompare4)
    TIM_TimeBaseInit                         0x0800172d   Thumb Code   122  stm32f10x_tim.o(i.TIM_TimeBaseInit)
    ULTRA_GetDistance_cm                     0x080017d1   Thumb Code   142  ultra.o(i.ULTRA_GetDistance_cm)
    ULTRA_Init                               0x0800186d   Thumb Code    72  ultra.o(i.ULTRA_Init)
    ULTRA_IsFull                             0x080018bd   Thumb Code    36  ultra.o(i.ULTRA_IsFull)
    USART2_IRQHandler                        0x080018e1   Thumb Code    36  asrpro.o(i.USART2_IRQHandler)
    USART_ClearITPendingBit                  0x0800190d   Thumb Code    30  stm32f10x_usart.o(i.USART_ClearITPendingBit)
    USART_Cmd                                0x0800192b   Thumb Code    24  stm32f10x_usart.o(i.USART_Cmd)
    USART_GetITStatus                        0x08001943   Thumb Code    84  stm32f10x_usart.o(i.USART_GetITStatus)
    USART_ITConfig                           0x08001997   Thumb Code    74  stm32f10x_usart.o(i.USART_ITConfig)
    USART_Init                               0x080019e1   Thumb Code   210  stm32f10x_usart.o(i.USART_Init)
    USART_ReceiveData                        0x08001ab9   Thumb Code    10  stm32f10x_usart.o(i.USART_ReceiveData)
    UsageFault_Handler                       0x08001ac3   Thumb Code     4  stm32f10x_it.o(i.UsageFault_Handler)
    delay_init                               0x08001b5d   Thumb Code    50  delay.o(i.delay_init)
    delay_ms                                 0x08001ba1   Thumb Code    72  delay.o(i.delay_ms)
    delay_us                                 0x08001bed   Thumb Code    72  delay.o(i.delay_us)
    main                                     0x08001c39   Thumb Code   166  main.o(i.main)
    ascii_1608                               0x08001d04   Data        1520  oled.o(.constdata)
    Hzk                                      0x080022f4   Data         896  oled.o(.constdata)
    Region$$Table$$Base                      0x080026dc   Number         0  anon$$obj.o(Region$$Table)
    Region$$Table$$Limit                     0x080026fc   Number         0  anon$$obj.o(Region$$Table)
    asrpro_rx_cmd                            0x20000000   Data           1  asrpro.o(.data)
    g_tick_ms                                0x20000020   Data           4  sys.o(.data)
    SystemCoreClock                          0x20000034   Data           4  system_stm32f10x.o(.data)
    AHBPrescTable                            0x20000038   Data          16  system_stm32f10x.o(.data)
    __libspace_start                         0x20000088   Data          96  libspace.o(.bss)
    __temporary_stack_top$libspace           0x200000e8   Data           0  libspace.o(.bss)



==============================================================================

Memory Map of the image

  Image Entry point : 0x08000131

  Load Region LR_IROM1 (Base: 0x08000000, Size: 0x00002744, Max: 0x00010000, ABSOLUTE)

    Execution Region ER_IROM1 (Exec base: 0x08000000, Load base: 0x08000000, Size: 0x000026fc, Max: 0x00010000, ABSOLUTE)

    Exec Addr    Load Addr    Size         Type   Attr      Idx    E Section Name        Object

    0x08000000   0x08000000   0x00000130   Data   RO           19    RESET               startup_stm32f10x_hd.o
    0x08000130   0x08000130   0x00000008   Code   RO         3707  * !!!main             c_w.l(__main.o)
    0x08000138   0x08000138   0x00000034   Code   RO         3904    !!!scatter          c_w.l(__scatter.o)
    0x0800016c   0x0800016c   0x0000001a   Code   RO         3906    !!handler_copy      c_w.l(__scatter_copy.o)
    0x08000186   0x08000186   0x00000002   PAD
    0x08000188   0x08000188   0x0000001c   Code   RO         3908    !!handler_zi        c_w.l(__scatter_zi.o)
    0x080001a4   0x080001a4   0x00000000   Code   RO         3704    .ARM.Collect$$_printf_percent$$00000000  c_w.l(_printf_percent.o)
    0x080001a4   0x080001a4   0x00000006   Code   RO         3703    .ARM.Collect$$_printf_percent$$00000014  c_w.l(_printf_s.o)
    0x080001aa   0x080001aa   0x00000004   Code   RO         3740    .ARM.Collect$$_printf_percent$$00000017  c_w.l(_printf_percent_end.o)
    0x080001ae   0x080001ae   0x00000002   Code   RO         3772    .ARM.Collect$$libinit$$00000000  c_w.l(libinit.o)
    0x080001b0   0x080001b0   0x00000000   Code   RO         3779    .ARM.Collect$$libinit$$00000002  c_w.l(libinit2.o)
    0x080001b0   0x080001b0   0x00000000   Code   RO         3781    .ARM.Collect$$libinit$$00000004  c_w.l(libinit2.o)
    0x080001b0   0x080001b0   0x00000000   Code   RO         3784    .ARM.Collect$$libinit$$0000000A  c_w.l(libinit2.o)
    0x080001b0   0x080001b0   0x00000000   Code   RO         3786    .ARM.Collect$$libinit$$0000000C  c_w.l(libinit2.o)
    0x080001b0   0x080001b0   0x00000000   Code   RO         3788    .ARM.Collect$$libinit$$0000000E  c_w.l(libinit2.o)
    0x080001b0   0x080001b0   0x00000000   Code   RO         3791    .ARM.Collect$$libinit$$00000011  c_w.l(libinit2.o)
    0x080001b0   0x080001b0   0x00000000   Code   RO         3793    .ARM.Collect$$libinit$$00000013  c_w.l(libinit2.o)
    0x080001b0   0x080001b0   0x00000000   Code   RO         3795    .ARM.Collect$$libinit$$00000015  c_w.l(libinit2.o)
    0x080001b0   0x080001b0   0x00000000   Code   RO         3797    .ARM.Collect$$libinit$$00000017  c_w.l(libinit2.o)
    0x080001b0   0x080001b0   0x00000000   Code   RO         3799    .ARM.Collect$$libinit$$00000019  c_w.l(libinit2.o)
    0x080001b0   0x080001b0   0x00000000   Code   RO         3801    .ARM.Collect$$libinit$$0000001B  c_w.l(libinit2.o)
    0x080001b0   0x080001b0   0x00000000   Code   RO         3803    .ARM.Collect$$libinit$$0000001D  c_w.l(libinit2.o)
    0x080001b0   0x080001b0   0x00000000   Code   RO         3805    .ARM.Collect$$libinit$$0000001F  c_w.l(libinit2.o)
    0x080001b0   0x080001b0   0x00000000   Code   RO         3807    .ARM.Collect$$libinit$$00000021  c_w.l(libinit2.o)
    0x080001b0   0x080001b0   0x00000000   Code   RO         3809    .ARM.Collect$$libinit$$00000023  c_w.l(libinit2.o)
    0x080001b0   0x080001b0   0x00000000   Code   RO         3811    .ARM.Collect$$libinit$$00000025  c_w.l(libinit2.o)
    0x080001b0   0x080001b0   0x00000000   Code   RO         3815    .ARM.Collect$$libinit$$0000002C  c_w.l(libinit2.o)
    0x080001b0   0x080001b0   0x00000000   Code   RO         3817    .ARM.Collect$$libinit$$0000002E  c_w.l(libinit2.o)
    0x080001b0   0x080001b0   0x00000000   Code   RO         3819    .ARM.Collect$$libinit$$00000030  c_w.l(libinit2.o)
    0x080001b0   0x080001b0   0x00000000   Code   RO         3821    .ARM.Collect$$libinit$$00000032  c_w.l(libinit2.o)
    0x080001b0   0x080001b0   0x00000002   Code   RO         3822    .ARM.Collect$$libinit$$00000033  c_w.l(libinit2.o)
    0x080001b2   0x080001b2   0x00000002   Code   RO         3842    .ARM.Collect$$libshutdown$$00000000  c_w.l(libshutdown.o)
    0x080001b4   0x080001b4   0x00000000   Code   RO         3855    .ARM.Collect$$libshutdown$$00000002  c_w.l(libshutdown2.o)
    0x080001b4   0x080001b4   0x00000000   Code   RO         3857    .ARM.Collect$$libshutdown$$00000004  c_w.l(libshutdown2.o)
    0x080001b4   0x080001b4   0x00000000   Code   RO         3859    .ARM.Collect$$libshutdown$$00000006  c_w.l(libshutdown2.o)
    0x080001b4   0x080001b4   0x00000000   Code   RO         3862    .ARM.Collect$$libshutdown$$00000009  c_w.l(libshutdown2.o)
    0x080001b4   0x080001b4   0x00000000   Code   RO         3865    .ARM.Collect$$libshutdown$$0000000C  c_w.l(libshutdown2.o)
    0x080001b4   0x080001b4   0x00000000   Code   RO         3867    .ARM.Collect$$libshutdown$$0000000E  c_w.l(libshutdown2.o)
    0x080001b4   0x080001b4   0x00000000   Code   RO         3870    .ARM.Collect$$libshutdown$$00000011  c_w.l(libshutdown2.o)
    0x080001b4   0x080001b4   0x00000002   Code   RO         3871    .ARM.Collect$$libshutdown$$00000012  c_w.l(libshutdown2.o)
    0x080001b6   0x080001b6   0x00000000   Code   RO         3731    .ARM.Collect$$rtentry$$00000000  c_w.l(__rtentry.o)
    0x080001b6   0x080001b6   0x00000000   Code   RO         3747    .ARM.Collect$$rtentry$$00000002  c_w.l(__rtentry2.o)
    0x080001b6   0x080001b6   0x00000006   Code   RO         3759    .ARM.Collect$$rtentry$$00000004  c_w.l(__rtentry4.o)
    0x080001bc   0x080001bc   0x00000000   Code   RO         3749    .ARM.Collect$$rtentry$$00000009  c_w.l(__rtentry2.o)
    0x080001bc   0x080001bc   0x00000004   Code   RO         3750    .ARM.Collect$$rtentry$$0000000A  c_w.l(__rtentry2.o)
    0x080001c0   0x080001c0   0x00000000   Code   RO         3752    .ARM.Collect$$rtentry$$0000000C  c_w.l(__rtentry2.o)
    0x080001c0   0x080001c0   0x00000008   Code   RO         3753    .ARM.Collect$$rtentry$$0000000D  c_w.l(__rtentry2.o)
    0x080001c8   0x080001c8   0x00000002   Code   RO         3776    .ARM.Collect$$rtexit$$00000000  c_w.l(rtexit.o)
    0x080001ca   0x080001ca   0x00000000   Code   RO         3824    .ARM.Collect$$rtexit$$00000002  c_w.l(rtexit2.o)
    0x080001ca   0x080001ca   0x00000004   Code   RO         3825    .ARM.Collect$$rtexit$$00000003  c_w.l(rtexit2.o)
    0x080001ce   0x080001ce   0x00000006   Code   RO         3826    .ARM.Collect$$rtexit$$00000004  c_w.l(rtexit2.o)
    0x080001d4   0x080001d4   0x00000040   Code   RO           20    .text               startup_stm32f10x_hd.o
    0x08000214   0x08000214   0x00000034   Code   RO         3677    .text               c_w.l(noretval__2snprintf.o)
    0x08000248   0x08000248   0x00000068   Code   RO         3679    .text               c_w.l(__printf.o)
    0x080002b0   0x080002b0   0x00000052   Code   RO         3681    .text               c_w.l(_printf_str.o)
    0x08000302   0x08000302   0x00000006   Code   RO         3705    .text               c_w.l(heapauxi.o)
    0x08000308   0x08000308   0x00000030   Code   RO         3732    .text               c_w.l(_printf_char_common.o)
    0x08000338   0x08000338   0x0000000a   Code   RO         3734    .text               c_w.l(_sputc.o)
    0x08000342   0x08000342   0x00000010   Code   RO         3736    .text               c_w.l(_snputc.o)
    0x08000352   0x08000352   0x0000002c   Code   RO         3738    .text               c_w.l(_printf_char.o)
    0x0800037e   0x0800037e   0x0000004a   Code   RO         3763    .text               c_w.l(sys_stackheap_outer.o)
    0x080003c8   0x080003c8   0x00000012   Code   RO         3765    .text               c_w.l(exit.o)
    0x080003da   0x080003da   0x00000002   PAD
    0x080003dc   0x080003dc   0x00000008   Code   RO         3773    .text               c_w.l(libspace.o)
    0x080003e4   0x080003e4   0x0000000c   Code   RO         3834    .text               c_w.l(sys_exit.o)
    0x080003f0   0x080003f0   0x00000002   Code   RO         3845    .text               c_w.l(use_no_semi.o)
    0x080003f2   0x080003f2   0x00000000   Code   RO         3847    .text               c_w.l(indicate_semi.o)
    0x080003f2   0x080003f2   0x00000002   PAD
    0x080003f4   0x080003f4   0x000000a8   Code   RO          173    i.ASRPRO_Init       asrpro.o
    0x0800049c   0x0800049c   0x0000005e   Code   RO         3467    i.App_TickInit      sys.o
    0x080004fa   0x080004fa   0x00000002   PAD
    0x080004fc   0x080004fc   0x0000004c   Code   RO         3485    i.AutoCloseProcess  main.o
    0x08000548   0x08000548   0x00000038   Code   RO          158    i.BEEP_GPIO_Config  beep.o
    0x08000580   0x08000580   0x00000004   Code   RO         3570    i.BusFault_Handler  stm32f10x_it.o
    0x08000584   0x08000584   0x0000002c   Code   RO         3486    i.CloseBin          main.o
    0x080005b0   0x080005b0   0x00000002   Code   RO         3571    i.DebugMon_Handler  stm32f10x_it.o
    0x080005b2   0x080005b2   0x00000116   Code   RO         1568    i.GPIO_Init         stm32f10x_gpio.o
    0x080006c8   0x080006c8   0x00000090   Code   RO         1570    i.GPIO_PinRemapConfig  stm32f10x_gpio.o
    0x08000758   0x08000758   0x00000012   Code   RO         1572    i.GPIO_ReadInputDataBit  stm32f10x_gpio.o
    0x0800076a   0x0800076a   0x00000004   Code   RO         1575    i.GPIO_ResetBits    stm32f10x_gpio.o
    0x0800076e   0x0800076e   0x00000004   Code   RO         1576    i.GPIO_SetBits      stm32f10x_gpio.o
    0x08000772   0x08000772   0x0000000a   Code   RO         1579    i.GPIO_WriteBit     stm32f10x_gpio.o
    0x0800077c   0x0800077c   0x00000004   Code   RO         3572    i.HardFault_Handler  stm32f10x_it.o
    0x08000780   0x08000780   0x00000048   Code   RO         3487    i.IRProcess         main.o
    0x080007c8   0x080007c8   0x0000006c   Code   RO          308    i.IR_Detected       infrared.o
    0x08000834   0x08000834   0x0000002c   Code   RO          309    i.IR_Init           infrared.o
    0x08000860   0x08000860   0x0000004c   Code   RO          209    i.KEY_Init          key.o
    0x080008ac   0x080008ac   0x000000a4   Code   RO          210    i.KEY_Scan          key.o
    0x08000950   0x08000950   0x00000034   Code   RO         3488    i.KeyProcess        main.o
    0x08000984   0x08000984   0x0000005c   Code   RO          329    i.LED_Init          rgb.o
    0x080009e0   0x080009e0   0x00000044   Code   RO          330    i.LED_Set           rgb.o
    0x08000a24   0x08000a24   0x0000004c   Code   RO          331    i.LED_SetBinStatus  rgb.o
    0x08000a70   0x08000a70   0x00000004   Code   RO         3573    i.MemManage_Handler  stm32f10x_it.o
    0x08000a74   0x08000a74   0x00000002   Code   RO         3574    i.NMI_Handler       stm32f10x_it.o
    0x08000a76   0x08000a76   0x00000002   PAD
    0x08000a78   0x08000a78   0x00000070   Code   RO          387    i.NVIC_Init         misc.o
    0x08000ae8   0x08000ae8   0x00000014   Code   RO          388    i.NVIC_PriorityGroupConfig  misc.o
    0x08000afc   0x08000afc   0x00000030   Code   RO           24    i.OLED_Clear        oled.o
    0x08000b2c   0x08000b2c   0x00000040   Code   RO           25    i.OLED_I2C_Init     oled.o
    0x08000b6c   0x08000b6c   0x00000054   Code   RO           26    i.OLED_I2C_SendByte  oled.o
    0x08000bc0   0x08000bc0   0x00000034   Code   RO           27    i.OLED_I2C_Start    oled.o
    0x08000bf4   0x08000bf4   0x00000028   Code   RO           28    i.OLED_I2C_Stop     oled.o
    0x08000c1c   0x08000c1c   0x0000009e   Code   RO           29    i.OLED_Init         oled.o
    0x08000cba   0x08000cba   0x00000024   Code   RO           30    i.OLED_Set_Pos      oled.o
    0x08000cde   0x08000cde   0x00000002   PAD
    0x08000ce0   0x08000ce0   0x0000006c   Code   RO           31    i.OLED_ShowChar     oled.o
    0x08000d4c   0x08000d4c   0x00000036   Code   RO           35    i.OLED_ShowString   oled.o
    0x08000d82   0x08000d82   0x00000020   Code   RO           36    i.OLED_Write_Cmd    oled.o
    0x08000da2   0x08000da2   0x00000020   Code   RO           37    i.OLED_Write_Data   oled.o
    0x08000dc2   0x08000dc2   0x00000002   PAD
    0x08000dc4   0x08000dc4   0x000000b4   Code   RO         3489    i.OledUpdate        main.o
    0x08000e78   0x08000e78   0x00000040   Code   RO         3490    i.OpenBin           main.o
    0x08000eb8   0x08000eb8   0x000000c4   Code   RO         3491    i.OverflowProcess   main.o
    0x08000f7c   0x08000f7c   0x00000002   Code   RO         3575    i.PendSV_Handler    stm32f10x_it.o
    0x08000f7e   0x08000f7e   0x00000002   PAD
    0x08000f80   0x08000f80   0x00000020   Code   RO         1993    i.RCC_APB1PeriphClockCmd  stm32f10x_rcc.o
    0x08000fa0   0x08000fa0   0x00000020   Code   RO         1995    i.RCC_APB2PeriphClockCmd  stm32f10x_rcc.o
    0x08000fc0   0x08000fc0   0x000000d4   Code   RO         2003    i.RCC_GetClocksFreq  stm32f10x_rcc.o
    0x08001094   0x08001094   0x0000001c   Code   RO          242    i.SG90_Close        sg90.o
    0x080010b0   0x080010b0   0x000000f8   Code   RO          243    i.SG90_Init         sg90.o
    0x080011a8   0x080011a8   0x0000000e   Code   RO          244    i.SG90_Open         sg90.o
    0x080011b6   0x080011b6   0x00000028   Code   RO          245    i.SG90_SetAngle     sg90.o
    0x080011de   0x080011de   0x00000002   PAD
    0x080011e0   0x080011e0   0x00000060   Code   RO          246    i.SG90_SetPulse     sg90.o
    0x08001240   0x08001240   0x00000002   Code   RO         3576    i.SVC_Handler       stm32f10x_it.o
    0x08001242   0x08001242   0x00000008   Code   RO         3639    i.SetSysClock       system_stm32f10x.o
    0x0800124a   0x0800124a   0x00000002   PAD
    0x0800124c   0x0800124c   0x000000e0   Code   RO         3640    i.SetSysClockTo72   system_stm32f10x.o
    0x0800132c   0x0800132c   0x00000028   Code   RO          391    i.SysTick_CLKSourceConfig  misc.o
    0x08001354   0x08001354   0x00000002   Code   RO         3577    i.SysTick_Handler   stm32f10x_it.o
    0x08001356   0x08001356   0x00000002   PAD
    0x08001358   0x08001358   0x00000060   Code   RO         3642    i.SystemInit        system_stm32f10x.o
    0x080013b8   0x080013b8   0x00000024   Code   RO         3578    i.TIM2_IRQHandler   stm32f10x_it.o
    0x080013dc   0x080013dc   0x00000018   Code   RO         2624    i.TIM_ARRPreloadConfig  stm32f10x_tim.o
    0x080013f4   0x080013f4   0x0000001e   Code   RO         2628    i.TIM_CCxCmd        stm32f10x_tim.o
    0x08001412   0x08001412   0x00000006   Code   RO         2631    i.TIM_ClearITPendingBit  stm32f10x_tim.o
    0x08001418   0x08001418   0x00000018   Code   RO         2636    i.TIM_Cmd           stm32f10x_tim.o
    0x08001430   0x08001430   0x00000022   Code   RO         2657    i.TIM_GetITStatus   stm32f10x_tim.o
    0x08001452   0x08001452   0x00000012   Code   RO         2661    i.TIM_ITConfig      stm32f10x_tim.o
    0x08001464   0x08001464   0x00000098   Code   RO         2665    i.TIM_OC1Init       stm32f10x_tim.o
    0x080014fc   0x080014fc   0x00000012   Code   RO         2668    i.TIM_OC1PreloadConfig  stm32f10x_tim.o
    0x0800150e   0x0800150e   0x00000002   PAD
    0x08001510   0x08001510   0x000000a4   Code   RO         2670    i.TIM_OC2Init       stm32f10x_tim.o
    0x080015b4   0x080015b4   0x0000001a   Code   RO         2673    i.TIM_OC2PreloadConfig  stm32f10x_tim.o
    0x080015ce   0x080015ce   0x00000002   PAD
    0x080015d0   0x080015d0   0x000000a0   Code   RO         2675    i.TIM_OC3Init       stm32f10x_tim.o
    0x08001670   0x08001670   0x00000012   Code   RO         2678    i.TIM_OC3PreloadConfig  stm32f10x_tim.o
    0x08001682   0x08001682   0x00000002   PAD
    0x08001684   0x08001684   0x0000007c   Code   RO         2680    i.TIM_OC4Init       stm32f10x_tim.o
    0x08001700   0x08001700   0x0000001a   Code   RO         2682    i.TIM_OC4PreloadConfig  stm32f10x_tim.o
    0x0800171a   0x0800171a   0x00000004   Code   RO         2697    i.TIM_SetCompare1   stm32f10x_tim.o
    0x0800171e   0x0800171e   0x00000004   Code   RO         2698    i.TIM_SetCompare2   stm32f10x_tim.o
    0x08001722   0x08001722   0x00000004   Code   RO         2699    i.TIM_SetCompare3   stm32f10x_tim.o
    0x08001726   0x08001726   0x00000006   Code   RO         2700    i.TIM_SetCompare4   stm32f10x_tim.o
    0x0800172c   0x0800172c   0x000000a4   Code   RO         2707    i.TIM_TimeBaseInit  stm32f10x_tim.o
    0x080017d0   0x080017d0   0x0000009c   Code   RO          358    i.ULTRA_GetDistance_cm  ultra.o
    0x0800186c   0x0800186c   0x00000050   Code   RO          359    i.ULTRA_Init        ultra.o
    0x080018bc   0x080018bc   0x00000024   Code   RO          360    i.ULTRA_IsFull      ultra.o
    0x080018e0   0x080018e0   0x0000002c   Code   RO          176    i.USART2_IRQHandler  asrpro.o
    0x0800190c   0x0800190c   0x0000001e   Code   RO         3169    i.USART_ClearITPendingBit  stm32f10x_usart.o
    0x0800192a   0x0800192a   0x00000018   Code   RO         3172    i.USART_Cmd         stm32f10x_usart.o
    0x08001942   0x08001942   0x00000054   Code   RO         3176    i.USART_GetITStatus  stm32f10x_usart.o
    0x08001996   0x08001996   0x0000004a   Code   RO         3178    i.USART_ITConfig    stm32f10x_usart.o
    0x080019e0   0x080019e0   0x000000d8   Code   RO         3179    i.USART_Init        stm32f10x_usart.o
    0x08001ab8   0x08001ab8   0x0000000a   Code   RO         3186    i.USART_ReceiveData  stm32f10x_usart.o
    0x08001ac2   0x08001ac2   0x00000004   Code   RO         3579    i.UsageFault_Handler  stm32f10x_it.o
    0x08001ac6   0x08001ac6   0x00000002   PAD
    0x08001ac8   0x08001ac8   0x00000094   Code   RO         3492    i.VoiceProcess      main.o
    0x08001b5c   0x08001b5c   0x00000044   Code   RO         3405    i.delay_init        delay.o
    0x08001ba0   0x08001ba0   0x0000004c   Code   RO         3406    i.delay_ms          delay.o
    0x08001bec   0x08001bec   0x0000004c   Code   RO         3407    i.delay_us          delay.o
    0x08001c38   0x08001c38   0x000000cc   Code   RO         3493    i.main              main.o
    0x08001d04   0x08001d04   0x00000970   Data   RO           39    .constdata          oled.o
    0x08002674   0x08002674   0x00000030   Data   RO          332    .constdata          rgb.o
    0x080026a4   0x080026a4   0x00000008   Data   RO          361    .constdata          ultra.o
    0x080026ac   0x080026ac   0x00000010   Data   RO         3495    .constdata          main.o
    0x080026bc   0x080026bc   0x0000001f   Data   RO         3496    .conststring        main.o
    0x080026db   0x080026db   0x00000001   PAD
    0x080026dc   0x080026dc   0x00000020   Data   RO         3902    Region$$Table       anon$$obj.o


    Execution Region RW_IRAM1 (Exec base: 0x20000000, Load base: 0x080026fc, Size: 0x000006e8, Max: 0x00005000, ABSOLUTE)

    Exec Addr    Load Addr    Size         Type   Attr      Idx    E Section Name        Object

    0x20000000   0x080026fc   0x00000001   Data   RW          177    .data               asrpro.o
    0x20000001   0x080026fd   0x00000004   Data   RW          212    .data               key.o
    0x20000005   0x08002701   0x00000014   Data   RW         2023    .data               stm32f10x_rcc.o
    0x20000019   0x08002715   0x00000001   PAD
    0x2000001a   0x08002716   0x00000004   Data   RW         3408    .data               delay.o
    0x2000001e   0x0800271a   0x00000002   PAD
    0x20000020   0x0800271c   0x00000004   Data   RW         3468    .data               sys.o
    0x20000024   0x08002720   0x00000010   Data   RW         3497    .data               main.o
    0x20000034   0x08002730   0x00000014   Data   RW         3643    .data               system_stm32f10x.o
    0x20000048        -       0x00000010   Zero   RW          211    .bss                key.o
    0x20000058        -       0x00000030   Zero   RW         3494    .bss                main.o
    0x20000088        -       0x00000060   Zero   RW         3774    .bss                c_w.l(libspace.o)
    0x200000e8        -       0x00000200   Zero   RW           18    HEAP                startup_stm32f10x_hd.o
    0x200002e8        -       0x00000400   Zero   RW           17    STACK               startup_stm32f10x_hd.o


==============================================================================

Image component sizes


      Code (inc. data)   RO Data    RW Data    ZI Data      Debug   Object Name

       212         18          0          1          0       1638   asrpro.o
        56          6          0          0          0        487   beep.o
         0          0          0          0          0       4540   core_cm3.o
       220         26          0          4          0       1643   delay.o
       152         10          0          0          0       1104   infrared.o
       240         32          0          4         16      21450   key.o
      1036        174         47         16         48       5435   main.o
       172         22          0          0          0       1985   misc.o
       708         44       2416          0          0     233207   oled.o
       236         22         48          0          0       2188   rgb.o
       426         18          0          0          0       2765   sg90.o
        64         26        304          0       1536        780   startup_stm32f10x_hd.o
       458          6          0          0          0       4950   stm32f10x_gpio.o
        62          4          0          0          0       3968   stm32f10x_it.o
       276         32          0         20          0       4350   stm32f10x_rcc.o
      1006         92          0          0          0      11746   stm32f10x_tim.o
       438          6          0          0          0       5508   stm32f10x_usart.o
        94          0          0          4          0       1007   sys.o
       328         28          0         20          0       1997   system_stm32f10x.o
       272         22          8          0          0       2339   ultra.o

    ----------------------------------------------------------------------
      6480        588       2856         72       1600     313087   Object Totals
         0          0         32          0          0          0   (incl. Generated)
        24          0          1          3          0          0   (incl. Padding)

    ----------------------------------------------------------------------

      Code (inc. data)   RO Data    RW Data    ZI Data      Debug   Library Member Name

         8          0          0          0          0         68   __main.o
       104          0          0          0          0         84   __printf.o
         0          0          0          0          0          0   __rtentry.o
        12          0          0          0          0          0   __rtentry2.o
         6          0          0          0          0          0   __rtentry4.o
        52          8          0          0          0          0   __scatter.o
        26          0          0          0          0          0   __scatter_copy.o
        28          0          0          0          0          0   __scatter_zi.o
        44          0          0          0          0        108   _printf_char.o
        48          6          0          0          0         96   _printf_char_common.o
         0          0          0          0          0          0   _printf_percent.o
         4          0          0          0          0          0   _printf_percent_end.o
         6          0          0          0          0          0   _printf_s.o
        82          0          0          0          0         80   _printf_str.o
        16          0          0          0          0         68   _snputc.o
        10          0          0          0          0         68   _sputc.o
        18          0          0          0          0         80   exit.o
         6          0          0          0          0        152   heapauxi.o
         0          0          0          0          0          0   indicate_semi.o
         2          0          0          0          0          0   libinit.o
         2          0          0          0          0          0   libinit2.o
         2          0          0          0          0          0   libshutdown.o
         2          0          0          0          0          0   libshutdown2.o
         8          4          0          0         96         68   libspace.o
        52          4          0          0          0         84   noretval__2snprintf.o
         2          0          0          0          0          0   rtexit.o
        10          0          0          0          0          0   rtexit2.o
        12          4          0          0          0         68   sys_exit.o
        74          0          0          0          0         80   sys_stackheap_outer.o
         2          0          0          0          0         68   use_no_semi.o

    ----------------------------------------------------------------------
       644         26          0          0         96       1172   Library Totals
         6          0          0          0          0          0   (incl. Padding)

    ----------------------------------------------------------------------

      Code (inc. data)   RO Data    RW Data    ZI Data      Debug   Library Name

       638         26          0          0         96       1172   c_w.l

    ----------------------------------------------------------------------
       644         26          0          0         96       1172   Library Totals

    ----------------------------------------------------------------------

==============================================================================


      Code (inc. data)   RO Data    RW Data    ZI Data      Debug   

      7124        614       2856         72       1696     309159   Grand Totals
      7124        614       2856         72       1696     309159   ELF Image Totals
      7124        614       2856         72          0          0   ROM Totals

==============================================================================

    Total RO  Size (Code + RO Data)                 9980 (   9.75kB)
    Total RW  Size (RW Data + ZI Data)              1768 (   1.73kB)
    Total ROM Size (Code + RO Data + RW Data)      10052 (   9.82kB)

==============================================================================

