Component: ARM Compiler 5.06 update 7 (build 960) Tool: armlink [4d3601]

==============================================================================

Section Cross References

    startup_stm32f10x_hd.o(STACK) refers (Special) to heapauxi.o(.text) for __use_two_region_memory
    startup_stm32f10x_hd.o(HEAP) refers (Special) to heapauxi.o(.text) for __use_two_region_memory
    startup_stm32f10x_hd.o(RESET) refers (Special) to heapauxi.o(.text) for __use_two_region_memory
    startup_stm32f10x_hd.o(RESET) refers to startup_stm32f10x_hd.o(STACK) for __initial_sp
    startup_stm32f10x_hd.o(RESET) refers to startup_stm32f10x_hd.o(.text) for Reset_Handler
    startup_stm32f10x_hd.o(RESET) refers to stm32f10x_it.o(i.NMI_Handler) for NMI_Handler
    startup_stm32f10x_hd.o(RESET) refers to stm32f10x_it.o(i.HardFault_Handler) for HardFault_Handler
    startup_stm32f10x_hd.o(RESET) refers to stm32f10x_it.o(i.MemManage_Handler) for MemManage_Handler
    startup_stm32f10x_hd.o(RESET) refers to stm32f10x_it.o(i.BusFault_Handler) for BusFault_Handler
    startup_stm32f10x_hd.o(RESET) refers to stm32f10x_it.o(i.UsageFault_Handler) for UsageFault_Handler
    startup_stm32f10x_hd.o(RESET) refers to stm32f10x_it.o(i.SVC_Handler) for SVC_Handler
    startup_stm32f10x_hd.o(RESET) refers to stm32f10x_it.o(i.DebugMon_Handler) for DebugMon_Handler
    startup_stm32f10x_hd.o(RESET) refers to stm32f10x_it.o(i.PendSV_Handler) for PendSV_Handler
    startup_stm32f10x_hd.o(RESET) refers to stm32f10x_it.o(i.SysTick_Handler) for SysTick_Handler
    startup_stm32f10x_hd.o(RESET) refers to stm32f10x_it.o(i.TIM2_IRQHandler) for TIM2_IRQHandler
    startup_stm32f10x_hd.o(RESET) refers to asrpro.o(i.USART2_IRQHandler) for USART2_IRQHandler
    startup_stm32f10x_hd.o(.text) refers (Special) to heapauxi.o(.text) for __use_two_region_memory
    startup_stm32f10x_hd.o(.text) refers to system_stm32f10x.o(i.SystemInit) for SystemInit
    startup_stm32f10x_hd.o(.text) refers to __main.o(!!!main) for __main
    startup_stm32f10x_hd.o(.text) refers to startup_stm32f10x_hd.o(HEAP) for Heap_Mem
    startup_stm32f10x_hd.o(.text) refers to startup_stm32f10x_hd.o(STACK) for Stack_Mem
    oled.o(i.OLED_Clear) refers to oled.o(i.OLED_ShowString) for OLED_ShowString
    oled.o(i.OLED_I2C_Init) refers to stm32f10x_rcc.o(i.RCC_APB2PeriphClockCmd) for RCC_APB2PeriphClockCmd
    oled.o(i.OLED_I2C_Init) refers to stm32f10x_gpio.o(i.GPIO_Init) for GPIO_Init
    oled.o(i.OLED_I2C_Init) refers to stm32f10x_gpio.o(i.GPIO_WriteBit) for GPIO_WriteBit
    oled.o(i.OLED_I2C_SendByte) refers to stm32f10x_gpio.o(i.GPIO_WriteBit) for GPIO_WriteBit
    oled.o(i.OLED_I2C_Start) refers to stm32f10x_gpio.o(i.GPIO_WriteBit) for GPIO_WriteBit
    oled.o(i.OLED_I2C_Stop) refers to stm32f10x_gpio.o(i.GPIO_WriteBit) for GPIO_WriteBit
    oled.o(i.OLED_Init) refers to oled.o(i.OLED_I2C_Init) for OLED_I2C_Init
    oled.o(i.OLED_Init) refers to oled.o(i.OLED_Write_Cmd) for OLED_Write_Cmd
    oled.o(i.OLED_Init) refers to oled.o(i.OLED_Clear) for OLED_Clear
    oled.o(i.OLED_Init) refers to oled.o(i.OLED_Set_Pos) for OLED_Set_Pos
    oled.o(i.OLED_Set_Pos) refers to oled.o(i.OLED_Write_Cmd) for OLED_Write_Cmd
    oled.o(i.OLED_ShowChar) refers to oled.o(i.OLED_Set_Pos) for OLED_Set_Pos
    oled.o(i.OLED_ShowChar) refers to oled.o(i.OLED_Write_Data) for OLED_Write_Data
    oled.o(i.OLED_ShowChar) refers to oled.o(.constdata) for ascii_1608
    oled.o(i.OLED_ShowChinese) refers to oled.o(i.OLED_Set_Pos) for OLED_Set_Pos
    oled.o(i.OLED_ShowChinese) refers to oled.o(i.OLED_Write_Data) for OLED_Write_Data
    oled.o(i.OLED_ShowChinese) refers to oled.o(.constdata) for Hzk
    oled.o(i.OLED_ShowFloat) refers to ffix.o(x$fpl$ffix) for __aeabi_f2iz
    oled.o(i.OLED_ShowFloat) refers to fflt_clz.o(x$fpl$fflt) for __aeabi_i2f
    oled.o(i.OLED_ShowFloat) refers to faddsub_clz.o(x$fpl$frsb) for __aeabi_frsub
    oled.o(i.OLED_ShowFloat) refers to oled.o(i.OLED_ShowNum) for OLED_ShowNum
    oled.o(i.OLED_ShowFloat) refers to oled.o(i.OLED_ShowChar) for OLED_ShowChar
    oled.o(i.OLED_ShowFloat) refers to fmul.o(x$fpl$fmul) for __aeabi_fmul
    oled.o(i.OLED_ShowFloat) refers to ffixu.o(x$fpl$ffixu) for __aeabi_f2uiz
    oled.o(i.OLED_ShowFloat) refers to fflt_clz.o(x$fpl$ffltu) for __aeabi_ui2f
    oled.o(i.OLED_ShowNum) refers to oled.o(i.oled_pow) for oled_pow
    oled.o(i.OLED_ShowNum) refers to oled.o(i.OLED_ShowChar) for OLED_ShowChar
    oled.o(i.OLED_ShowString) refers to oled.o(i.OLED_ShowChar) for OLED_ShowChar
    oled.o(i.OLED_Write_Cmd) refers to oled.o(i.OLED_I2C_Start) for OLED_I2C_Start
    oled.o(i.OLED_Write_Cmd) refers to oled.o(i.OLED_I2C_SendByte) for OLED_I2C_SendByte
    oled.o(i.OLED_Write_Cmd) refers to oled.o(i.OLED_I2C_Stop) for OLED_I2C_Stop
    oled.o(i.OLED_Write_Data) refers to oled.o(i.OLED_I2C_Start) for OLED_I2C_Start
[...]
    ../clib/armsys.c                         0x00000000   Number         0  no_argv.o ABSOLUTE
    ../clib/armsys.c                         0x00000000   Number         0  _get_argv_nomalloc.o ABSOLUTE
    ../clib/armsys.c                         0x00000000   Number         0  argv_veneer.o ABSOLUTE
    ../clib/armsys.c                         0x00000000   Number         0  argv_veneer.o ABSOLUTE
    ../clib/heapalloc.c                      0x00000000   Number         0  hrguard.o ABSOLUTE
    ../clib/heapaux.c                        0x00000000   Number         0  heapauxi.o ABSOLUTE
    ../clib/libinit.s                        0x00000000   Number         0  libshutdown.o ABSOLUTE
    ../clib/libinit.s                        0x00000000   Number         0  libinit.o ABSOLUTE
    ../clib/libinit.s                        0x00000000   Number         0  libshutdown2.o ABSOLUTE
    ../clib/libinit.s                        0x00000000   Number         0  libinit2.o ABSOLUTE
    ../clib/misc.s                           0x00000000   Number         0  printf_stubs.o ABSOLUTE
    ../clib/printf.c                         0x00000000   Number         0  _printf_char_common.o ABSOLUTE
    ../clib/printf.c                         0x00000000   Number         0  _printf_intcommon.o ABSOLUTE
    ../clib/printf.c                         0x00000000   Number         0  _printf_pad.o ABSOLUTE
    ../clib/printf.c                         0x00000000   Number         0  __printf_ss_wp.o ABSOLUTE
    ../clib/printf.c                         0x00000000   Number         0  _sputc.o ABSOLUTE
    ../clib/printf.c                         0x00000000   Number         0  __2snprintf.o ABSOLUTE
    ../clib/printf.c                         0x00000000   Number         0  noretval__2snprintf.o ABSOLUTE
    ../clib/printf.c                         0x00000000   Number         0  __printf.o ABSOLUTE
    ../clib/printf.c                         0x00000000   Number         0  __printf_nopercent.o ABSOLUTE
    ../clib/printf.c                         0x00000000   Number         0  _printf_str.o ABSOLUTE
    ../clib/printf.c                         0x00000000   Number         0  _printf_dec.o ABSOLUTE
    ../clib/printf.c                         0x00000000   Number         0  __printf_flags.o ABSOLUTE
    ../clib/printf.c                         0x00000000   Number         0  __printf_ss.o ABSOLUTE
    ../clib/printf.c                         0x00000000   Number         0  __printf_flags_ss.o ABSOLUTE
    ../clib/printf.c                         0x00000000   Number         0  __printf_wp.o ABSOLUTE
    ../clib/printf.c                         0x00000000   Number         0  __printf_flags_wp.o ABSOLUTE
    ../clib/printf.c                         0x00000000   Number         0  __printf_flags_ss_wp.o ABSOLUTE
    ../clib/printf.c                         0x00000000   Number         0  _printf_char.o ABSOLUTE
    ../clib/printf.c                         0x00000000   Number         0  _snputc.o ABSOLUTE
    ../clib/printf_percent.s                 0x00000000   Number         0  _printf_percent_end.o ABSOLUTE
    ../clib/printf_percent.s                 0x00000000   Number         0  _printf_percent.o ABSOLUTE
    ../clib/printf_percent.s                 0x00000000   Number         0  _printf_d.o ABSOLUTE
    ../clib/printf_percent.s                 0x00000000   Number         0  _printf_s.o ABSOLUTE
    ../clib/signal.c                         0x00000000   Number         0  defsig_rtred_inner.o ABSOLUTE
    ../clib/signal.c                         0x00000000   Number         0  defsig_general.o ABSOLUTE
    ../clib/signal.c                         0x00000000   Number         0  defsig_rtmem_formal.o ABSOLUTE
    ../clib/signal.c                         0x00000000   Number         0  defsig_rtmem_outer.o ABSOLUTE
    ../clib/signal.c                         0x00000000   Number         0  defsig_abrt_inner.o ABSOLUTE
    ../clib/signal.c                         0x00000000   Number         0  defsig_fpe_inner.o ABSOLUTE
    ../clib/signal.c                         0x00000000   Number         0  defsig_stak_inner.o ABSOLUTE
    ../clib/signal.c                         0x00000000   Number         0  defsig_pvfn_inner.o ABSOLUTE
    ../clib/signal.c                         0x00000000   Number         0  __raise.o ABSOLUTE
    ../clib/signal.c                         0x00000000   Number         0  defsig_other.o ABSOLUTE
    ../clib/signal.c                         0x00000000   Number         0  defsig_cppl_inner.o ABSOLUTE
    ../clib/signal.c                         0x00000000   Number         0  defsig_segv_inner.o ABSOLUTE
    ../clib/signal.c                         0x00000000   Number         0  defsig_exit.o ABSOLUTE
    ../clib/signal.c                         0x00000000   Number         0  defsig_rtmem_inner.o ABSOLUTE
    ../clib/signal.s                         0x00000000   Number         0  defsig.o ABSOLUTE
    ../clib/stdlib.c                         0x00000000   Number         0  exit.o ABSOLUTE
    ../fplib/faddsub.s                       0x00000000   Number         0  faddsub_clz.o ABSOLUTE
    ../fplib/ffix.s                          0x00000000   Number         0  ffix.o ABSOLUTE
    ../fplib/ffixu.s                         0x00000000   Number         0  ffixu.o ABSOLUTE
    ../fplib/fflt.s                          0x00000000   Number         0  fflt_clz.o ABSOLUTE
    ../fplib/fmul.s                          0x00000000   Number         0  fmul.o ABSOLUTE
    ../fplib/fnaninf.s                       0x00000000   Number         0  fnaninf.o ABSOLUTE
    ../fplib/fpinit.s                        0x00000000   Number         0  fpinit.o ABSOLUTE
    ../fplib/fretinf.s                       0x00000000   Number         0  fretinf.o ABSOLUTE
    ../fplib/usenofp.s                       0x00000000   Number         0  usenofp.o ABSOLUTE
    ..\CORE\core_cm3.c                       0x00000000   Number         0  core_cm3.o ABSOLUTE
    ..\CORE\startup_stm32f10x_hd.s           0x00000000   Number         0  startup_stm32f10x_hd.o ABSOLUTE
    ..\HARDWARE\ASRPRO\asrpro.c              0x00000000   Number         0  asrpro.o ABSOLUTE
    ..\HARDWARE\BEEP\beep.c                  0x00000000   Number         0  beep.o ABSOLUTE
    ..\HARDWARE\ESP01S\esp01s.c              0x00000000   Number         0  esp01s.o ABSOLUTE
    ..\HARDWARE\INFRARED\infrared.c          0x00000000   Number         0  infrared.o ABSOLUTE
    ..\HARDWARE\KEY\key.c                    0x00000000   Number         0  key.o ABSOLUTE
    ..\HARDWARE\OLED\oled.c                  0x00000000   Number         0  oled.o ABSOLUTE
    ..\HARDWARE\RGB\rgb.c                    0x00000000   Number         0  rgb.o ABSOLUTE
    ..\HARDWARE\SG90\sg90.c                  0x00000000   Number         0  sg90.o ABSOLUTE
    ..\HARDWARE\ULTRA\ultra.c                0x00000000   Number         0  ultra.o ABSOLUTE
    ..\STM32F10x_FWLib\src\misc.c            0x00000000   Number         0  misc.o ABSOLUTE
    ..\STM32F10x_FWLib\src\stm32f10x_adc.c   0x00000000   Number         0  stm32f10x_adc.o ABSOLUTE
    ..\STM32F10x_FWLib\src\stm32f10x_bkp.c   0x00000000   Number         0  stm32f10x_bkp.o ABSOLUTE
    ..\STM32F10x_FWLib\src\stm32f10x_can.c   0x00000000   Number         0  stm32f10x_can.o ABSOLUTE
    ..\STM32F10x_FWLib\src\stm32f10x_cec.c   0x00000000   Number         0  stm32f10x_cec.o ABSOLUTE
    ..\STM32F10x_FWLib\src\stm32f10x_crc.c   0x00000000   Number         0  stm32f10x_crc.o ABSOLUTE
    ..\STM32F10x_FWLib\src\stm32f10x_dac.c   0x00000000   Number         0  stm32f10x_dac.o ABSOLUTE
    ..\STM32F10x_FWLib\src\stm32f10x_dbgmcu.c 0x00000000   Number         0  stm32f10x_dbgmcu.o ABSOLUTE
    ..\STM32F10x_FWLib\src\stm32f10x_dma.c   0x00000000   Number         0  stm32f10x_dma.o ABSOLUTE
    ..\STM32F10x_FWLib\src\stm32f10x_exti.c  0x00000000   Number         0  stm32f10x_exti.o ABSOLUTE
    ..\STM32F10x_FWLib\src\stm32f10x_flash.c 0x00000000   Number         0  stm32f10x_flash.o ABSOLUTE
    ..\STM32F10x_FWLib\src\stm32f10x_fsmc.c  0x00000000   Number         0  stm32f10x_fsmc.o ABSOLUTE
    ..\STM32F10x_FWLib\src\stm32f10x_gpio.c  0x00000000   Number         0  stm32f10x_gpio.o ABSOLUTE
    ..\STM32F10x_FWLib\src\stm32f10x_i2c.c   0x00000000   Number         0  stm32f10x_i2c.o ABSOLUTE
    ..\STM32F10x_FWLib\src\stm32f10x_iwdg.c  0x00000000   Number         0  stm32f10x_iwdg.o ABSOLUTE
    ..\STM32F10x_FWLib\src\stm32f10x_pwr.c   0x00000000   Number         0  stm32f10x_pwr.o ABSOLUTE
    ..\STM32F10x_FWLib\src\stm32f10x_rcc.c   0x00000000   Number         0  stm32f10x_rcc.o ABSOLUTE
    ..\STM32F10x_FWLib\src\stm32f10x_rtc.c   0x00000000   Number         0  stm32f10x_rtc.o ABSOLUTE
    ..\STM32F10x_FWLib\src\stm32f10x_sdio.c  0x00000000   Number         0  stm32f10x_sdio.o ABSOLUTE
    ..\STM32F10x_FWLib\src\stm32f10x_spi.c   0x00000000   Number         0  stm32f10x_spi.o ABSOLUTE
    ..\STM32F10x_FWLib\src\stm32f10x_tim.c   0x00000000   Number         0  stm32f10x_tim.o ABSOLUTE
    ..\STM32F10x_FWLib\src\stm32f10x_usart.c 0x00000000   Number         0  stm32f10x_usart.o ABSOLUTE
    ..\STM32F10x_FWLib\src\stm32f10x_wwdg.c  0x00000000   Number         0  stm32f10x_wwdg.o ABSOLUTE
    ..\SYSTEM\adc\adc.c                      0x00000000   Number         0  adc.o ABSOLUTE
    ..\SYSTEM\delay\delay.c                  0x00000000   Number         0  delay.o ABSOLUTE
    ..\SYSTEM\sys\sys.c                      0x00000000   Number         0  sys.o ABSOLUTE
    ..\\CORE\\core_cm3.c                     0x00000000   Number         0  core_cm3.o ABSOLUTE
    dc.s                                     0x00000000   Number         0  dc.o ABSOLUTE
    main.c                                   0x00000000   Number         0  main.o ABSOLUTE
    stm32f10x_it.c                           0x00000000   Number         0  stm32f10x_it.o ABSOLUTE
    system_stm32f10x.c                       0x00000000   Number         0  system_stm32f10x.o ABSOLUTE
    RESET                                    0x08000000   Section      304  startup_stm32f10x_hd.o(RESET)
    !!!main                                  0x08000130   Section        8  __main.o(!!!main)
    !!!scatter                               0x08000138   Section       52  __scatter.o(!!!scatter)
    !!handler_copy                           0x0800016c   Section       26  __scatter_copy.o(!!handler_copy)
    !!handler_zi                             0x08000188   Section       28  __scatter_zi.o(!!handler_zi)
    .ARM.Collect$$_printf_percent$$00000000  0x080001a4   Section        0  _printf_percent.o(.ARM.Collect$$_printf_percent$$00000000)
    .ARM.Collect$$_printf_percent$$00000009  0x080001a4   Section        6  _printf_d.o(.ARM.Collect$$_printf_percent$$00000009)
    .ARM.Collect$$_printf_percent$$00000014  0x080001aa   Section        6  _printf_s.o(.ARM.Collect$$_printf_percent$$00000014)
    .ARM.Collect$$_printf_percent$$00000017  0x080001b0   Section        4  _printf_percent_end.o(.ARM.Collect$$_printf_percent$$00000017)
    .ARM.Collect$$libinit$$00000000          0x080001b4   Section        2  libinit.o(.ARM.Collect$$libinit$$00000000)
    .ARM.Collect$$libinit$$00000002          0x080001b6   Section        0  libinit2.o(.ARM.Collect$$libinit$$00000002)
    .ARM.Collect$$libinit$$00000004          0x080001b6   Section        0  libinit2.o(.ARM.Collect$$libinit$$00000004)
    .ARM.Collect$$libinit$$0000000A          0x080001b6   Section        0  libinit2.o(.ARM.Collect$$libinit$$0000000A)
    .ARM.Collect$$libinit$$0000000C          0x080001b6   Section        0  libinit2.o(.ARM.Collect$$libinit$$0000000C)
    .ARM.Collect$$libinit$$0000000E          0x080001b6   Section        0  libinit2.o(.ARM.Collect$$libinit$$0000000E)
    .ARM.Collect$$libinit$$00000011          0x080001b6   Section        0  libinit2.o(.ARM.Collect$$libinit$$00000011)
    .ARM.Collect$$libinit$$00000013          0x080001b6   Section        0  libinit2.o(.ARM.Collect$$libinit$$00000013)
    .ARM.Collect$$libinit$$00000015          0x080001b6   Section        0  libinit2.o(.ARM.Collect$$libinit$$00000015)
    .ARM.Collect$$libinit$$00000017          0x080001b6   Section        0  libinit2.o(.ARM.Collect$$libinit$$00000017)
    .ARM.Collect$$libinit$$00000019          0x080001b6   Section        0  libinit2.o(.ARM.Collect$$libinit$$00000019)
    .ARM.Collect$$libinit$$0000001B          0x080001b6   Section        0  libinit2.o(.ARM.Collect$$libinit$$0000001B)
    .ARM.Collect$$libinit$$0000001D          0x080001b6   Section        0  libinit2.o(.ARM.Collect$$libinit$$0000001D)
    .ARM.Collect$$libinit$$0000001F          0x080001b6   Section        0  libinit2.o(.ARM.Collect$$libinit$$0000001F)
    .ARM.Collect$$libinit$$00000021          0x080001b6   Section        0  libinit2.o(.ARM.Collect$$libinit$$00000021)
    .ARM.Collect$$libinit$$00000023          0x080001b6   Section        0  libinit2.o(.ARM.Collect$$libinit$$00000023)
    .ARM.Collect$$libinit$$00000025          0x080001b6   Section        0  libinit2.o(.ARM.Collect$$libinit$$00000025)
    .ARM.Collect$$libinit$$0000002C          0x080001b6   Section        0  libinit2.o(.ARM.Collect$$libinit$$0000002C)
    .ARM.Collect$$libinit$$0000002E          0x080001b6   Section        0  libinit2.o(.ARM.Collect$$libinit$$0000002E)
    .ARM.Collect$$libinit$$00000030          0x080001b6   Section        0  libinit2.o(.ARM.Collect$$libinit$$00000030)
    .ARM.Collect$$libinit$$00000032          0x080001b6   Section        0  libinit2.o(.ARM.Collect$$libinit$$00000032)
    .ARM.Collect$$libinit$$00000033          0x080001b6   Section        2  libinit2.o(.ARM.Collect$$libinit$$00000033)
    .ARM.Collect$$libshutdown$$00000000      0x080001b8   Section        2  libshutdown.o(.ARM.Collect$$libshutdown$$00000000)
    .ARM.Collect$$libshutdown$$00000002      0x080001ba   Section        0  libshutdown2.o(.ARM.Collect$$libshutdown$$00000002)
    .ARM.Collect$$libshutdown$$00000004      0x080001ba   Section        0  libshutdown2.o(.ARM.Collect$$libshutdown$$00000004)
    .ARM.Collect$$libshutdown$$00000006      0x080001ba   Section        0  libshutdown2.o(.ARM.Collect$$libshutdown$$00000006)
    .ARM.Collect$$libshutdown$$00000009      0x080001ba   Section        0  libshutdown2.o(.ARM.Collect$$libshutdown$$00000009)
    .ARM.Collect$$libshutdown$$0000000C      0x080001ba   Section        0  libshutdown2.o(.ARM.Collect$$libshutdown$$0000000C)
    .ARM.Collect$$libshutdown$$0000000E      0x080001ba   Section        0  libshutdown2.o(.ARM.Collect$$libshutdown$$0000000E)
    .ARM.Collect$$libshutdown$$00000011      0x080001ba   Section        0  libshutdown2.o(.ARM.Collect$$libshutdown$$00000011)
    .ARM.Collect$$libshutdown$$00000012      0x080001ba   Section        2  libshutdown2.o(.ARM.Collect$$libshutdown$$00000012)
    .ARM.Collect$$rtentry$$00000000          0x080001bc   Section        0  __rtentry.o(.ARM.Collect$$rtentry$$00000000)
    .ARM.Collect$$rtentry$$00000002          0x080001bc   Section        0  __rtentry2.o(.ARM.Collect$$rtentry$$00000002)
    .ARM.Collect$$rtentry$$00000004          0x080001bc   Section        6  __rtentry4.o(.ARM.Collect$$rtentry$$00000004)
    .ARM.Collect$$rtentry$$00000009          0x080001c2   Section        0  __rtentry2.o(.ARM.Collect$$rtentry$$00000009)
    .ARM.Collect$$rtentry$$0000000A          0x080001c2   Section        4  __rtentry2.o(.ARM.Collect$$rtentry$$0000000A)
    .ARM.Collect$$rtentry$$0000000C          0x080001c6   Section        0  __rtentry2.o(.ARM.Collect$$rtentry$$0000000C)
    .ARM.Collect$$rtentry$$0000000D          0x080001c6   Section        8  __rtentry2.o(.ARM.Collect$$rtentry$$0000000D)
    .ARM.Collect$$rtexit$$00000000           0x080001ce   Section        2  rtexit.o(.ARM.Collect$$rtexit$$00000000)
    .ARM.Collect$$rtexit$$00000002           0x080001d0   Section        0  rtexit2.o(.ARM.Collect$$rtexit$$00000002)
    .ARM.Collect$$rtexit$$00000003           0x080001d0   Section        4  rtexit2.o(.ARM.Collect$$rtexit$$00000003)
    .ARM.Collect$$rtexit$$00000004           0x080001d4   Section        6  rtexit2.o(.ARM.Collect$$rtexit$$00000004)
    .text                                    0x080001dc   Section       64  startup_stm32f10x_hd.o(.text)
    .text                                    0x0800021c   Section        0  noretval__2snprintf.o(.text)
    .text                                    0x08000250   Section        0  _printf_pad.o(.text)
    .text                                    0x0800029e   Section        0  _printf_str.o(.text)
    .text                                    0x080002f0   Section        0  _printf_dec.o(.text)
    .text                                    0x08000368   Section        0  __printf_flags_wp.o(.text)
    .text                                    0x080004a0   Section        0  heapauxi.o(.text)
    .text                                    0x080004a6   Section        0  _printf_intcommon.o(.text)
    .text                                    0x08000558   Section        0  _printf_char_common.o(.text)
    _printf_input_char                       0x08000559   Thumb Code    10  _printf_char_common.o(.text)
    .text                                    0x08000588   Section        0  _sputc.o(.text)
    .text                                    0x08000592   Section        0  _snputc.o(.text)
    .text                                    0x080005a2   Section        0  _printf_char.o(.text)
    .text                                    0x080005ce   Section       74  sys_stackheap_outer.o(.text)
    .text                                    0x08000618   Section        0  exit.o(.text)
    .text                                    0x0800062c   Section        8  libspace.o(.text)
    .text                                    0x08000634   Section        0  sys_exit.o(.text)
    .text                                    0x08000640   Section        2  use_no_semi.o(.text)
    .text                                    0x08000642   Section        0  indicate_semi.o(.text)
    i.ASRPRO_Init                            0x08000644   Section        0  asrpro.o(i.ASRPRO_Init)
    i.App_TickInit                           0x080006ec   Section        0  sys.o(i.App_TickInit)
    i.AutoCloseProcess                       0x0800074c   Section        0  main.o(i.AutoCloseProcess)
    AutoCloseProcess                         0x0800074d   Thumb Code    66  main.o(i.AutoCloseProcess)
    i.BEEP_GPIO_Config                       0x08000798   Section        0  beep.o(i.BEEP_GPIO_Config)
    i.BusFault_Handler                       0x080007d0   Section        0  stm32f10x_it.o(i.BusFault_Handler)
    i.CloseBin                               0x080007d4   Section        0  main.o(i.CloseBin)
    CloseBin                                 0x080007d5   Thumb Code    38  main.o(i.CloseBin)
    i.DebugMon_Handler                       0x08000800   Section        0  stm32f10x_it.o(i.DebugMon_Handler)
    i.GPIO_Init                              0x08000802   Section        0  stm32f10x_gpio.o(i.GPIO_Init)
    i.GPIO_PinRemapConfig                    0x08000918   Section        0  stm32f10x_gpio.o(i.GPIO_PinRemapConfig)
    i.GPIO_ReadInputDataBit                  0x080009a8   Section        0  stm32f10x_gpio.o(i.GPIO_ReadInputDataBit)
    i.GPIO_ResetBits                         0x080009ba   Section        0  stm32f10x_gpio.o(i.GPIO_ResetBits)
    i.GPIO_SetBits                           0x080009be   Section        0  stm32f10x_gpio.o(i.GPIO_SetBits)
    i.GPIO_WriteBit                          0x080009c2   Section        0  stm32f10x_gpio.o(i.GPIO_WriteBit)
    i.GetCapture                             0x080009cc   Section        0  ultra.o(i.GetCapture)
    GetCapture                               0x080009cd   Thumb Code    50  ultra.o(i.GetCapture)
    i.HardFault_Handler                      0x08000a04   Section        0  stm32f10x_it.o(i.HardFault_Handler)
    i.IRProcess                              0x08000a08   Section        0  main.o(i.IRProcess)
    IRProcess                                0x08000a09   Thumb Code    64  main.o(i.IRProcess)
    i.IR_Detected                            0x08000a50   Section        0  infrared.o(i.IR_Detected)
    i.IR_Init                                0x08000abc   Section        0  infrared.o(i.IR_Init)
    i.KEY_Init                               0x08000ae8   Section        0  key.o(i.KEY_Init)
    i.KEY_Scan                               0x08000b34   Section        0  key.o(i.KEY_Scan)
    i.KeyProcess                             0x08000bd8   Section        0  main.o(i.KeyProcess)
    KeyProcess                               0x08000bd9   Thumb Code    46  main.o(i.KeyProcess)
    i.LED_Init                               0x08000c0c   Section        0  rgb.o(i.LED_Init)
    i.LED_Set                                0x08000c68   Section        0  rgb.o(i.LED_Set)
    i.LED_SetBinStatus                       0x08000cac   Section        0  rgb.o(i.LED_SetBinStatus)
    i.MemManage_Handler                      0x08000cf8   Section        0  stm32f10x_it.o(i.MemManage_Handler)
    i.NMI_Handler                            0x08000cfc   Section        0  stm32f10x_it.o(i.NMI_Handler)
    i.NVIC_Init                              0x08000d00   Section        0  misc.o(i.NVIC_Init)
    i.NVIC_PriorityGroupConfig               0x08000d70   Section        0  misc.o(i.NVIC_PriorityGroupConfig)
    i.OLED_Clear                             0x08000d84   Section        0  oled.o(i.OLED_Clear)
    i.OLED_I2C_Init                          0x08000db4   Section        0  oled.o(i.OLED_I2C_Init)
    i.OLED_I2C_SendByte                      0x08000df4   Section        0  oled.o(i.OLED_I2C_SendByte)
    i.OLED_I2C_Start                         0x08000e48   Section        0  oled.o(i.OLED_I2C_Start)
    i.OLED_I2C_Stop                          0x08000e7c   Section        0  oled.o(i.OLED_I2C_Stop)
    i.OLED_Init                              0x08000ea4   Section        0  oled.o(i.OLED_Init)
    i.OLED_Set_Pos                           0x08000f42   Section        0  oled.o(i.OLED_Set_Pos)
    i.OLED_ShowChar                          0x08000f68   Section        0  oled.o(i.OLED_ShowChar)
    i.OLED_ShowString                        0x08000fd4   Section        0  oled.o(i.OLED_ShowString)
    i.OLED_Write_Cmd                         0x0800100a   Section        0  oled.o(i.OLED_Write_Cmd)
    i.OLED_Write_Data                        0x0800102a   Section        0  oled.o(i.OLED_Write_Data)
    i.OledUpdate                             0x0800104c   Section        0  main.o(i.OledUpdate)
    OledUpdate                               0x0800104d   Thumb Code   128  main.o(i.OledUpdate)
    i.OpenBin                                0x08001104   Section        0  main.o(i.OpenBin)
    OpenBin                                  0x08001105   Thumb Code    54  main.o(i.OpenBin)
    i.OverflowProcess                        0x08001144   Section        0  main.o(i.OverflowProcess)
    OverflowProcess                          0x08001145   Thumb Code   234  main.o(i.OverflowProcess)
    i.PendSV_Handler                         0x08001248   Section        0  stm32f10x_it.o(i.PendSV_Handler)
    i.RCC_APB1PeriphClockCmd                 0x0800124c   Section        0  stm32f10x_rcc.o(i.RCC_APB1PeriphClockCmd)
    i.RCC_APB2PeriphClockCmd                 0x0800126c   Section        0  stm32f10x_rcc.o(i.RCC_APB2PeriphClockCmd)
    i.RCC_GetClocksFreq                      0x0800128c   Section        0  stm32f10x_rcc.o(i.RCC_GetClocksFreq)
    i.SG90_Close                             0x08001360   Section        0  sg90.o(i.SG90_Close)
    i.SG90_Init                              0x0800137c   Section        0  sg90.o(i.SG90_Init)
    i.SG90_Open                              0x08001484   Section        0  sg90.o(i.SG90_Open)
    i.SG90_SetAngle                          0x08001492   Section        0  sg90.o(i.SG90_SetAngle)
    i.SG90_SetPulse                          0x080014bc   Section        0  sg90.o(i.SG90_SetPulse)
    i.SVC_Handler                            0x0800151c   Section        0  stm32f10x_it.o(i.SVC_Handler)
    i.SetSysClock                            0x0800151e   Section        0  system_stm32f10x.o(i.SetSysClock)
    SetSysClock                              0x0800151f   Thumb Code     8  system_stm32f10x.o(i.SetSysClock)
    i.SetSysClockTo72                        0x08001528   Section        0  system_stm32f10x.o(i.SetSysClockTo72)
    SetSysClockTo72                          0x08001529   Thumb Code   214  system_stm32f10x.o(i.SetSysClockTo72)
    i.SysTick_CLKSourceConfig                0x08001608   Section        0  misc.o(i.SysTick_CLKSourceConfig)
    i.SysTick_Handler                        0x08001630   Section        0  stm32f10x_it.o(i.SysTick_Handler)
    i.SystemInit                             0x08001634   Section        0  system_stm32f10x.o(i.SystemInit)
    i.TI1_Config                             0x08001694   Section        0  stm32f10x_tim.o(i.TI1_Config)
    TI1_Config                               0x08001695   Thumb Code   108  stm32f10x_tim.o(i.TI1_Config)
    i.TI2_Config                             0x08001714   Section        0  stm32f10x_tim.o(i.TI2_Config)
    TI2_Config                               0x08001715   Thumb Code   130  stm32f10x_tim.o(i.TI2_Config)
    i.TI3_Config                             0x080017ac   Section        0  stm32f10x_tim.o(i.TI3_Config)
    TI3_Config                               0x080017ad   Thumb Code   122  stm32f10x_tim.o(i.TI3_Config)
    i.TI4_Config                             0x0800183c   Section        0  stm32f10x_tim.o(i.TI4_Config)
    TI4_Config                               0x0800183d   Thumb Code   130  stm32f10x_tim.o(i.TI4_Config)
    i.TIM2_IRQHandler                        0x080018d4   Section        0  stm32f10x_it.o(i.TIM2_IRQHandler)
    i.TIM_ARRPreloadConfig                   0x080018f8   Section        0  stm32f10x_tim.o(i.TIM_ARRPreloadConfig)
    i.TIM_CCxCmd                             0x08001910   Section        0  stm32f10x_tim.o(i.TIM_CCxCmd)
    i.TIM_ClearFlag                          0x0800192e   Section        0  stm32f10x_tim.o(i.TIM_ClearFlag)
    i.TIM_ClearITPendingBit                  0x08001934   Section        0  stm32f10x_tim.o(i.TIM_ClearITPendingBit)
    i.TIM_Cmd                                0x0800193a   Section        0  stm32f10x_tim.o(i.TIM_Cmd)
    i.TIM_GetCapture1                        0x08001952   Section        0  stm32f10x_tim.o(i.TIM_GetCapture1)
    i.TIM_GetCapture2                        0x08001958   Section        0  stm32f10x_tim.o(i.TIM_GetCapture2)
    i.TIM_GetCapture3                        0x0800195e   Section        0  stm32f10x_tim.o(i.TIM_GetCapture3)
    i.TIM_GetCapture4                        0x08001964   Section        0  stm32f10x_tim.o(i.TIM_GetCapture4)
    i.TIM_GetFlagStatus                      0x0800196c   Section        0  stm32f10x_tim.o(i.TIM_GetFlagStatus)
    i.TIM_GetITStatus                        0x0800197e   Section        0  stm32f10x_tim.o(i.TIM_GetITStatus)
    i.TIM_ICInit                             0x080019a0   Section        0  stm32f10x_tim.o(i.TIM_ICInit)
    i.TIM_ITConfig                           0x08001a4c   Section        0  stm32f10x_tim.o(i.TIM_ITConfig)
    i.TIM_OC1Init                            0x08001a60   Section        0  stm32f10x_tim.o(i.TIM_OC1Init)
    i.TIM_OC1PolarityConfig                  0x08001af8   Section        0  stm32f10x_tim.o(i.TIM_OC1PolarityConfig)
    i.TIM_OC1PreloadConfig                   0x08001b0a   Section        0  stm32f10x_tim.o(i.TIM_OC1PreloadConfig)
    i.TIM_OC2Init                            0x08001b1c   Section        0  stm32f10x_tim.o(i.TIM_OC2Init)
    i.TIM_OC2PreloadConfig                   0x08001bc0   Section        0  stm32f10x_tim.o(i.TIM_OC2PreloadConfig)
    i.TIM_OC3Init                            0x08001bdc   Section        0  stm32f10x_tim.o(i.TIM_OC3Init)
    i.TIM_OC3PreloadConfig                   0x08001c7c   Section        0  stm32f10x_tim.o(i.TIM_OC3PreloadConfig)
    i.TIM_OC4Init                            0x08001c90   Section        0  stm32f10x_tim.o(i.TIM_OC4Init)
    i.TIM_OC4PreloadConfig                   0x08001d0c   Section        0  stm32f10x_tim.o(i.TIM_OC4PreloadConfig)
    i.TIM_SetCompare1                        0x08001d26   Section        0  stm32f10x_tim.o(i.TIM_SetCompare1)
    i.TIM_SetCompare2                        0x08001d2a   Section        0  stm32f10x_tim.o(i.TIM_SetCompare2)
    i.TIM_SetCompare3                        0x08001d2e   Section        0  stm32f10x_tim.o(i.TIM_SetCompare3)
    i.TIM_SetCompare4                        0x08001d32   Section        0  stm32f10x_tim.o(i.TIM_SetCompare4)
    i.TIM_SetIC1Prescaler                    0x08001d38   Section        0  stm32f10x_tim.o(i.TIM_SetIC1Prescaler)
    i.TIM_SetIC2Prescaler                    0x08001d4a   Section        0  stm32f10x_tim.o(i.TIM_SetIC2Prescaler)
    i.TIM_SetIC3Prescaler                    0x08001d64   Section        0  stm32f10x_tim.o(i.TIM_SetIC3Prescaler)
    i.TIM_SetIC4Prescaler                    0x08001d76   Section        0  stm32f10x_tim.o(i.TIM_SetIC4Prescaler)
    i.TIM_TimeBaseInit                       0x08001d90   Section        0  stm32f10x_tim.o(i.TIM_TimeBaseInit)
    i.ULTRA_Init                             0x08001e34   Section        0  ultra.o(i.ULTRA_Init)
    i.ULTRA_MeasureAll                       0x08001eb8   Section        0  ultra.o(i.ULTRA_MeasureAll)
    i.USART2_IRQHandler                      0x0800205c   Section        0  asrpro.o(i.USART2_IRQHandler)
    i.USART_ClearITPendingBit                0x08002088   Section        0  stm32f10x_usart.o(i.USART_ClearITPendingBit)
    i.USART_Cmd                              0x080020a6   Section        0  stm32f10x_usart.o(i.USART_Cmd)
    i.USART_GetITStatus                      0x080020be   Section        0  stm32f10x_usart.o(i.USART_GetITStatus)
    i.USART_ITConfig                         0x08002112   Section        0  stm32f10x_usart.o(i.USART_ITConfig)
    i.USART_Init                             0x0800215c   Section        0  stm32f10x_usart.o(i.USART_Init)
    i.USART_ReceiveData                      0x08002234   Section        0  stm32f10x_usart.o(i.USART_ReceiveData)
    i.UsageFault_Handler                     0x0800223e   Section        0  stm32f10x_it.o(i.UsageFault_Handler)
    i.VoiceProcess                           0x08002244   Section        0  main.o(i.VoiceProcess)
    VoiceProcess                             0x08002245   Thumb Code   144  main.o(i.VoiceProcess)
    i._is_digit                              0x080022d8   Section        0  __printf_wp.o(i._is_digit)
    i.delay_init                             0x080022e8   Section        0  delay.o(i.delay_init)
    i.delay_ms                               0x0800232c   Section        0  delay.o(i.delay_ms)
    i.delay_us                               0x08002378   Section        0  delay.o(i.delay_us)
    i.main                                   0x080023c4   Section        0  main.o(i.main)
    .constdata                               0x0800249c   Section     2416  oled.o(.constdata)
    .constdata                               0x08002e0c   Section       48  rgb.o(.constdata)
    led_port                                 0x08002e0c   Data          32  rgb.o(.constdata)
    led_pin                                  0x08002e2c   Data          16  rgb.o(.constdata)
    .constdata                               0x08002e3c   Section       16  ultra.o(.constdata)
    tim_channel                              0x08002e3c   Data           8  ultra.o(.constdata)
    cap_flag                                 0x08002e44   Data           8  ultra.o(.constdata)
    .constdata                               0x08002e4c   Section       16  main.o(.constdata)
    bin_name                                 0x08002e4c   Data          16  main.o(.constdata)
    .constdata                               0x08002e5c   Section       17  __printf_flags_wp.o(.constdata)
    maptable                                 0x08002e5c   Data          17  __printf_flags_wp.o(.constdata)
    .conststring                             0x08002e70   Section       31  main.o(.conststring)
    .data                                    0x20000000   Section        1  asrpro.o(.data)
    .data                                    0x20000001   Section        4  key.o(.data)
    last                                     0x20000001   Data           4  key.o(.data)
    .data                                    0x20000005   Section       20  stm32f10x_rcc.o(.data)
    APBAHBPrescTable                         0x20000005   Data          16  stm32f10x_rcc.o(.data)
    ADCPrescTable                            0x20000015   Data           4  stm32f10x_rcc.o(.data)
    .data                                    0x2000001a   Section        4  delay.o(.data)
    fac_us                                   0x2000001a   Data           1  delay.o(.data)
    fac_ms                                   0x2000001c   Data           2  delay.o(.data)
    .data                                    0x20000020   Section        4  sys.o(.data)
    .data                                    0x20000024   Section       16  main.o(.data)
    last_check                               0x20000024   Data           4  main.o(.data)
    beep_active                              0x20000028   Data           1  main.o(.data)
    beep_tick                                0x2000002c   Data           4  main.o(.data)
    last_t                                   0x20000030   Data           4  main.o(.data)
    .data                                    0x20000034   Section       20  system_stm32f10x.o(.data)
    .bss                                     0x20000048   Section       16  key.o(.bss)
    tick0                                    0x20000048   Data          16  key.o(.bss)
    .bss                                     0x20000058   Section       48  main.o(.bss)
    g_bin                                    0x20000058   Data          48  main.o(.bss)
    .bss                                     0x20000088   Section       96  libspace.o(.bss)
    HEAP                                     0x200000e8   Section      512  startup_stm32f10x_hd.o(HEAP)
    Heap_Mem                                 0x200000e8   Data         512  startup_stm32f10x_hd.o(HEAP)
    STACK                                    0x200002e8   Section     1024  startup_stm32f10x_hd.o(STACK)
    Stack_Mem                                0x200002e8   Data        1024  startup_stm32f10x_hd.o(STACK)
    __initial_sp                             0x200006e8   Data           0  startup_stm32f10x_hd.o(STACK)

    Global Symbols

    Symbol Name                              Value     Ov Type        Size  Object(Section)

    BuildAttributes$$THM_ISAv4$P$D$K$B$S$PE$A:L22UL41UL21$X:L11$S22US41US21$IEEE1$IW$USESV6$~STKCKD$USESV7$~SHL$OSPACE$ROPI$EBA8$UX$STANDARDLIB$REQ8$PRES8$EABIv2 0x00000000   Number         0  anon$$obj.o ABSOLUTE
    __ARM_use_no_argv                        0x00000000   Number         0  main.o ABSOLUTE
    _printf_flags                            0x00000000   Number         0  printf_stubs.o ABSOLUTE
    _printf_return_value                     0x00000000   Number         0  printf_stubs.o ABSOLUTE
    _printf_sizespec                         0x00000000   Number         0  printf_stubs.o ABSOLUTE
    _printf_widthprec                        0x00000000   Number         0  printf_stubs.o ABSOLUTE
    __ARM_exceptions_init                     - Undefined Weak Reference
    __alloca_initialize                       - Undefined Weak Reference
    __arm_fini_                               - Undefined Weak Reference
    __arm_preinit_                            - Undefined Weak Reference
    __cpp_initialize__aeabi_                  - Undefined Weak Reference
    __cxa_finalize                            - Undefined Weak Reference
    __rt_locale                               - Undefined Weak Reference
    __sigvec_lookup                           - Undefined Weak Reference
    _atexit_init                              - Undefined Weak Reference
    _call_atexit_fns                          - Undefined Weak Reference
    _clock_init                               - Undefined Weak Reference
    _fp_trap_init                             - Undefined Weak Reference
    _fp_trap_shutdown                         - Undefined Weak Reference
    _get_lc_collate                           - Undefined Weak Reference
    _get_lc_ctype                             - Undefined Weak Reference
    _get_lc_monetary                          - Undefined Weak Reference
    _get_lc_numeric                           - Undefined Weak Reference
    _get_lc_time                              - Undefined Weak Reference
    _getenv_init                              - Undefined Weak Reference
    _handle_redirection                       - Undefined Weak Reference
    _init_alloc                               - Undefined Weak Reference
    _init_user_alloc                          - Undefined Weak Reference
    _initio                                   - Undefined Weak Reference
    _printf_mbtowc                            - Undefined Weak Reference
    _printf_truncate_signed                   - Undefined Weak Reference
    _printf_truncate_unsigned                 - Undefined Weak Reference
    _rand_init                                - Undefined Weak Reference
    _signal_finish                            - Undefined Weak Reference
    _signal_init                              - Undefined Weak Reference
    _terminate_alloc                          - Undefined Weak Reference
    _terminate_user_alloc                     - Undefined Weak Reference
    _terminateio                              - Undefined Weak Reference
    __Vectors_Size                           0x00000130   Number         0  startup_stm32f10x_hd.o ABSOLUTE
    __Vectors                                0x08000000   Data           4  startup_stm32f10x_hd.o(RESET)
    __Vectors_End                            0x08000130   Data           0  startup_stm32f10x_hd.o(RESET)
    __main                                   0x08000131   Thumb Code     8  __main.o(!!!main)
    __scatterload                            0x08000139   Thumb Code     0  __scatter.o(!!!scatter)
    __scatterload_rt2                        0x08000139   Thumb Code    44  __scatter.o(!!!scatter)
    __scatterload_rt2_thumb_only             0x08000139   Thumb Code     0  __scatter.o(!!!scatter)
    __scatterload_null                       0x08000147   Thumb Code     0  __scatter.o(!!!scatter)
    __scatterload_copy                       0x0800016d   Thumb Code    26  __scatter_copy.o(!!handler_copy)
    __scatterload_zeroinit                   0x08000189   Thumb Code    28  __scatter_zi.o(!!handler_zi)
    _printf_d                                0x080001a5   Thumb Code     0  _printf_d.o(.ARM.Collect$$_printf_percent$$00000009)
    _printf_percent                          0x080001a5   Thumb Code     0  _printf_percent.o(.ARM.Collect$$_printf_percent$$00000000)
    _printf_s                                0x080001ab   Thumb Code     0  _printf_s.o(.ARM.Collect$$_printf_percent$$00000014)
    _printf_percent_end                      0x080001b1   Thumb Code     0  _printf_percent_end.o(.ARM.Collect$$_printf_percent$$00000017)
    __rt_lib_init                            0x080001b5   Thumb Code     0  libinit.o(.ARM.Collect$$libinit$$00000000)
    __rt_lib_init_alloca_1                   0x080001b7   Thumb Code     0  libinit2.o(.ARM.Collect$$libinit$$0000002E)
    __rt_lib_init_argv_1                     0x080001b7   Thumb Code     0  libinit2.o(.ARM.Collect$$libinit$$0000002C)
    __rt_lib_init_atexit_1                   0x080001b7   Thumb Code     0  libinit2.o(.ARM.Collect$$libinit$$0000001B)
    __rt_lib_init_clock_1                    0x080001b7   Thumb Code     0  libinit2.o(.ARM.Collect$$libinit$$00000021)
    __rt_lib_init_cpp_1                      0x080001b7   Thumb Code     0  libinit2.o(.ARM.Collect$$libinit$$00000032)
    __rt_lib_init_exceptions_1               0x080001b7   Thumb Code     0  libinit2.o(.ARM.Collect$$libinit$$00000030)
    __rt_lib_init_fp_1                       0x080001b7   Thumb Code     0  libinit2.o(.ARM.Collect$$libinit$$00000002)
    __rt_lib_init_fp_trap_1                  0x080001b7   Thumb Code     0  libinit2.o(.ARM.Collect$$libinit$$0000001F)
    __rt_lib_init_getenv_1                   0x080001b7   Thumb Code     0  libinit2.o(.ARM.Collect$$libinit$$00000023)
    __rt_lib_init_heap_1                     0x080001b7   Thumb Code     0  libinit2.o(.ARM.Collect$$libinit$$0000000A)
    __rt_lib_init_lc_collate_1               0x080001b7   Thumb Code     0  libinit2.o(.ARM.Collect$$libinit$$00000011)
    __rt_lib_init_lc_ctype_1                 0x080001b7   Thumb Code     0  libinit2.o(.ARM.Collect$$libinit$$00000013)
    __rt_lib_init_lc_monetary_1              0x080001b7   Thumb Code     0  libinit2.o(.ARM.Collect$$libinit$$00000015)
    __rt_lib_init_lc_numeric_1               0x080001b7   Thumb Code     0  libinit2.o(.ARM.Collect$$libinit$$00000017)
    __rt_lib_init_lc_time_1                  0x080001b7   Thumb Code     0  libinit2.o(.ARM.Collect$$libinit$$00000019)
    __rt_lib_init_preinit_1                  0x080001b7   Thumb Code     0  libinit2.o(.ARM.Collect$$libinit$$00000004)
    __rt_lib_init_rand_1                     0x080001b7   Thumb Code     0  libinit2.o(.ARM.Collect$$libinit$$0000000E)
    __rt_lib_init_return                     0x080001b7   Thumb Code     0  libinit2.o(.ARM.Collect$$libinit$$00000033)
    __rt_lib_init_signal_1                   0x080001b7   Thumb Code     0  libinit2.o(.ARM.Collect$$libinit$$0000001D)
    __rt_lib_init_stdio_1                    0x080001b7   Thumb Code     0  libinit2.o(.ARM.Collect$$libinit$$00000025)
    __rt_lib_init_user_alloc_1               0x080001b7   Thumb Code     0  libinit2.o(.ARM.Collect$$libinit$$0000000C)
    __rt_lib_shutdown                        0x080001b9   Thumb Code     0  libshutdown.o(.ARM.Collect$$libshutdown$$00000000)
    __rt_lib_shutdown_cpp_1                  0x080001bb   Thumb Code     0  libshutdown2.o(.ARM.Collect$$libshutdown$$00000004)
    __rt_lib_shutdown_fini_1                 0x080001bb   Thumb Code     0  libshutdown2.o(.ARM.Collect$$libshutdown$$00000002)
    __rt_lib_shutdown_fp_trap_1              0x080001bb   Thumb Code     0  libshutdown2.o(.ARM.Collect$$libshutdown$$00000009)
    __rt_lib_shutdown_heap_1                 0x080001bb   Thumb Code     0  libshutdown2.o(.ARM.Collect$$libshutdown$$00000011)
    __rt_lib_shutdown_return                 0x080001bb   Thumb Code     0  libshutdown2.o(.ARM.Collect$$libshutdown$$00000012)
    __rt_lib_shutdown_signal_1               0x080001bb   Thumb Code     0  libshutdown2.o(.ARM.Collect$$libshutdown$$0000000C)
    __rt_lib_shutdown_stdio_1                0x080001bb   Thumb Code     0  libshutdown2.o(.ARM.Collect$$libshutdown$$00000006)
    __rt_lib_shutdown_user_alloc_1           0x080001bb   Thumb Code     0  libshutdown2.o(.ARM.Collect$$libshutdown$$0000000E)
    __rt_entry                               0x080001bd   Thumb Code     0  __rtentry.o(.ARM.Collect$$rtentry$$00000000)
    __rt_entry_presh_1                       0x080001bd   Thumb Code     0  __rtentry2.o(.ARM.Collect$$rtentry$$00000002)
    __rt_entry_sh                            0x080001bd   Thumb Code     0  __rtentry4.o(.ARM.Collect$$rtentry$$00000004)
    __rt_entry_li                            0x080001c3   Thumb Code     0  __rtentry2.o(.ARM.Collect$$rtentry$$0000000A)
    __rt_entry_postsh_1                      0x080001c3   Thumb Code     0  __rtentry2.o(.ARM.Collect$$rtentry$$00000009)
    __rt_entry_main                          0x080001c7   Thumb Code     0  __rtentry2.o(.ARM.Collect$$rtentry$$0000000D)
    __rt_entry_postli_1                      0x080001c7   Thumb Code     0  __rtentry2.o(.ARM.Collect$$rtentry$$0000000C)
    __rt_exit                                0x080001cf   Thumb Code     0  rtexit.o(.ARM.Collect$$rtexit$$00000000)
    __rt_exit_ls                             0x080001d1   Thumb Code     0  rtexit2.o(.ARM.Collect$$rtexit$$00000003)
    __rt_exit_prels_1                        0x080001d1   Thumb Code     0  rtexit2.o(.ARM.Collect$$rtexit$$00000002)
    __rt_exit_exit                           0x080001d5   Thumb Code     0  rtexit2.o(.ARM.Collect$$rtexit$$00000004)
    Reset_Handler                            0x080001dd   Thumb Code     8  startup_stm32f10x_hd.o(.text)
    ADC1_2_IRQHandler                        0x080001f7   Thumb Code     0  startup_stm32f10x_hd.o(.text)
    ADC3_IRQHandler                          0x080001f7   Thumb Code     0  startup_stm32f10x_hd.o(.text)
    CAN1_RX1_IRQHandler                      0x080001f7   Thumb Code     0  startup_stm32f10x_hd.o(.text)
    CAN1_SCE_IRQHandler                      0x080001f7   Thumb Code     0  startup_stm32f10x_hd.o(.text)
    DMA1_Channel1_IRQHandler                 0x080001f7   Thumb Code     0  startup_stm32f10x_hd.o(.text)
    DMA1_Channel2_IRQHandler                 0x080001f7   Thumb Code     0  startup_stm32f10x_hd.o(.text)
    DMA1_Channel3_IRQHandler                 0x080001f7   Thumb Code     0  startup_stm32f10x_hd.o(.text)
    DMA1_Channel4_IRQHandler                 0x080001f7   Thumb Code     0  startup_stm32f10x_hd.o(.text)
    DMA1_Channel5_IRQHandler                 0x080001f7   Thumb Code     0  startup_stm32f10x_hd.o(.text)
    DMA1_Channel6_IRQHandler                 0x080001f7   Thumb Code     0  startup_stm32f10x_hd.o(.text)
    DMA1_Channel7_IRQHandler                 0x080001f7   Thumb Code     0  startup_stm32f10x_hd.o(.text)
    DMA2_Channel1_IRQHandler                 0x080001f7   Thumb Code     0  startup_stm32f10x_hd.o(.text)
    DMA2_Channel2_IRQHandler                 0x080001f7   Thumb Code     0  startup_stm32f10x_hd.o(.text)
    DMA2_Channel3_IRQHandler                 0x080001f7   Thumb Code     0  startup_stm32f10x_hd.o(.text)
    DMA2_Channel4_5_IRQHandler               0x080001f7   Thumb Code     0  startup_stm32f10x_hd.o(.text)
    EXTI0_IRQHandler                         0x080001f7   Thumb Code     0  startup_stm32f10x_hd.o(.text)
    EXTI15_10_IRQHandler                     0x080001f7   Thumb Code     0  startup_stm32f10x_hd.o(.text)
    EXTI1_IRQHandler                         0x080001f7   Thumb Code     0  startup_stm32f10x_hd.o(.text)
    EXTI2_IRQHandler                         0x080001f7   Thumb Code     0  startup_stm32f10x_hd.o(.text)
    EXTI3_IRQHandler                         0x080001f7   Thumb Code     0  startup_stm32f10x_hd.o(.text)
    EXTI4_IRQHandler                         0x080001f7   Thumb Code     0  startup_stm32f10x_hd.o(.text)
    EXTI9_5_IRQHandler                       0x080001f7   Thumb Code     0  startup_stm32f10x_hd.o(.text)
    FLASH_IRQHandler                         0x080001f7   Thumb Code     0  startup_stm32f10x_hd.o(.text)
    FSMC_IRQHandler                          0x080001f7   Thumb Code     0  startup_stm32f10x_hd.o(.text)
    I2C1_ER_IRQHandler                       0x080001f7   Thumb Code     0  startup_stm32f10x_hd.o(.text)
    I2C1_EV_IRQHandler                       0x080001f7   Thumb Code     0  startup_stm32f10x_hd.o(.text)
    I2C2_ER_IRQHandler                       0x080001f7   Thumb Code     0  startup_stm32f10x_hd.o(.text)
    I2C2_EV_IRQHandler                       0x080001f7   Thumb Code     0  startup_stm32f10x_hd.o(.text)
    PVD_IRQHandler                           0x080001f7   Thumb Code     0  startup_stm32f10x_hd.o(.text)
    RCC_IRQHandler                           0x080001f7   Thumb Code     0  startup_stm32f10x_hd.o(.text)
    RTCAlarm_IRQHandler                      0x080001f7   Thumb Code     0  startup_stm32f10x_hd.o(.text)
    RTC_IRQHandler                           0x080001f7   Thumb Code     0  startup_stm32f10x_hd.o(.text)
    SDIO_IRQHandler                          0x080001f7   Thumb Code     0  startup_stm32f10x_hd.o(.text)
    SPI1_IRQHandler                          0x080001f7   Thumb Code     0  startup_stm32f10x_hd.o(.text)
    SPI2_IRQHandler                          0x080001f7   Thumb Code     0  startup_stm32f10x_hd.o(.text)
    SPI3_IRQHandler                          0x080001f7   Thumb Code     0  startup_stm32f10x_hd.o(.text)
    TAMPER_IRQHandler                        0x080001f7   Thumb Code     0  startup_stm32f10x_hd.o(.text)
    TIM1_BRK_IRQHandler                      0x080001f7   Thumb Code     0  startup_stm32f10x_hd.o(.text)
    TIM1_CC_IRQHandler                       0x080001f7   Thumb Code     0  startup_stm32f10x_hd.o(.text)
    TIM1_TRG_COM_IRQHandler                  0x080001f7   Thumb Code     0  startup_stm32f10x_hd.o(.text)
    TIM1_UP_IRQHandler                       0x080001f7   Thumb Code     0  startup_stm32f10x_hd.o(.text)
    TIM3_IRQHandler                          0x080001f7   Thumb Code     0  startup_stm32f10x_hd.o(.text)
    TIM4_IRQHandler                          0x080001f7   Thumb Code     0  startup_stm32f10x_hd.o(.text)
    TIM5_IRQHandler                          0x080001f7   Thumb Code     0  startup_stm32f10x_hd.o(.text)
    TIM6_IRQHandler                          0x080001f7   Thumb Code     0  startup_stm32f10x_hd.o(.text)
    TIM7_IRQHandler                          0x080001f7   Thumb Code     0  startup_stm32f10x_hd.o(.text)
    TIM8_BRK_IRQHandler                      0x080001f7   Thumb Code     0  startup_stm32f10x_hd.o(.text)
    TIM8_CC_IRQHandler                       0x080001f7   Thumb Code     0  startup_stm32f10x_hd.o(.text)
    TIM8_TRG_COM_IRQHandler                  0x080001f7   Thumb Code     0  startup_stm32f10x_hd.o(.text)
    TIM8_UP_IRQHandler                       0x080001f7   Thumb Code     0  startup_stm32f10x_hd.o(.text)
    UART4_IRQHandler                         0x080001f7   Thumb Code     0  startup_stm32f10x_hd.o(.text)
    UART5_IRQHandler                         0x080001f7   Thumb Code     0  startup_stm32f10x_hd.o(.text)
    USART1_IRQHandler                        0x080001f7   Thumb Code     0  startup_stm32f10x_hd.o(.text)
    USART3_IRQHandler                        0x080001f7   Thumb Code     0  startup_stm32f10x_hd.o(.text)
    USBWakeUp_IRQHandler                     0x080001f7   Thumb Code     0  startup_stm32f10x_hd.o(.text)
    USB_HP_CAN1_TX_IRQHandler                0x080001f7   Thumb Code     0  startup_stm32f10x_hd.o(.text)
    USB_LP_CAN1_RX0_IRQHandler               0x080001f7   Thumb Code     0  startup_stm32f10x_hd.o(.text)
    WWDG_IRQHandler                          0x080001f7   Thumb Code     0  startup_stm32f10x_hd.o(.text)
    __user_initial_stackheap                 0x080001f9   Thumb Code     0  startup_stm32f10x_hd.o(.text)
    __2snprintf                              0x0800021d   Thumb Code    48  noretval__2snprintf.o(.text)
    _printf_pre_padding                      0x08000251   Thumb Code    44  _printf_pad.o(.text)
    _printf_post_padding                     0x0800027d   Thumb Code    34  _printf_pad.o(.text)
    _printf_str                              0x0800029f   Thumb Code    82  _printf_str.o(.text)
    _printf_int_dec                          0x080002f1   Thumb Code   104  _printf_dec.o(.text)
    __printf                                 0x08000369   Thumb Code   308  __printf_flags_wp.o(.text)
    __use_two_region_memory                  0x080004a1   Thumb Code     2  heapauxi.o(.text)
    __rt_heap_escrow$2region                 0x080004a3   Thumb Code     2  heapauxi.o(.text)
    __rt_heap_expand$2region                 0x080004a5   Thumb Code     2  heapauxi.o(.text)
    _printf_int_common                       0x080004a7   Thumb Code   178  _printf_intcommon.o(.text)
    _printf_char_common                      0x08000563   Thumb Code    32  _printf_char_common.o(.text)
    _sputc                                   0x08000589   Thumb Code    10  _sputc.o(.text)
    _snputc                                  0x08000593   Thumb Code    16  _snputc.o(.text)
    _printf_cs_common                        0x080005a3   Thumb Code    20  _printf_char.o(.text)
    _printf_char                             0x080005b7   Thumb Code    16  _printf_char.o(.text)
    _printf_string                           0x080005c7   Thumb Code     8  _printf_char.o(.text)
    __user_setup_stackheap                   0x080005cf   Thumb Code    74  sys_stackheap_outer.o(.text)
    exit                                     0x08000619   Thumb Code    18  exit.o(.text)
    __user_libspace                          0x0800062d   Thumb Code     8  libspace.o(.text)
    __user_perproc_libspace                  0x0800062d   Thumb Code     0  libspace.o(.text)
    __user_perthread_libspace                0x0800062d   Thumb Code     0  libspace.o(.text)
    _sys_exit                                0x08000635   Thumb Code     8  sys_exit.o(.text)
    __I$use$semihosting                      0x08000641   Thumb Code     0  use_no_semi.o(.text)
    __use_no_semihosting_swi                 0x08000641   Thumb Code     2  use_no_semi.o(.text)
    __semihosting_library_function           0x08000643   Thumb Code     0  indicate_semi.o(.text)
    ASRPRO_Init                              0x08000645   Thumb Code   158  asrpro.o(i.ASRPRO_Init)
    App_TickInit                             0x080006ed   Thumb Code    94  sys.o(i.App_TickInit)
    BEEP_GPIO_Config                         0x08000799   Thumb Code    50  beep.o(i.BEEP_GPIO_Config)
    BusFault_Handler                         0x080007d1   Thumb Code     4  stm32f10x_it.o(i.BusFault_Handler)
    DebugMon_Handler                         0x08000801   Thumb Code     2  stm32f10x_it.o(i.DebugMon_Handler)
    GPIO_Init                                0x08000803   Thumb Code   278  stm32f10x_gpio.o(i.GPIO_Init)
    GPIO_PinRemapConfig                      0x08000919   Thumb Code   138  stm32f10x_gpio.o(i.GPIO_PinRemapConfig)
    GPIO_ReadInputDataBit                    0x080009a9   Thumb Code    18  stm32f10x_gpio.o(i.GPIO_ReadInputDataBit)
    GPIO_ResetBits                           0x080009bb   Thumb Code     4  stm32f10x_gpio.o(i.GPIO_ResetBits)
    GPIO_SetBits                             0x080009bf   Thumb Code     4  stm32f10x_gpio.o(i.GPIO_SetBits)
    GPIO_WriteBit                            0x080009c3   Thumb Code    10  stm32f10x_gpio.o(i.GPIO_WriteBit)
    HardFault_Handler                        0x08000a05   Thumb Code     4  stm32f10x_it.o(i.HardFault_Handler)
    IR_Detected                              0x08000a51   Thumb Code   102  infrared.o(i.IR_Detected)
    IR_Init                                  0x08000abd   Thumb Code    40  infrared.o(i.IR_Init)
    KEY_Init                                 0x08000ae9   Thumb Code    64  key.o(i.KEY_Init)
    KEY_Scan                                 0x08000b35   Thumb Code   144  key.o(i.KEY_Scan)
    LED_Init                                 0x08000c0d   Thumb Code    78  rgb.o(i.LED_Init)
    LED_Set                                  0x08000c69   Thumb Code    60  rgb.o(i.LED_Set)
    LED_SetBinStatus                         0x08000cad   Thumb Code    76  rgb.o(i.LED_SetBinStatus)
    MemManage_Handler                        0x08000cf9   Thumb Code     4  stm32f10x_it.o(i.MemManage_Handler)
    NMI_Handler                              0x08000cfd   Thumb Code     2  stm32f10x_it.o(i.NMI_Handler)
    NVIC_Init                                0x08000d01   Thumb Code   100  misc.o(i.NVIC_Init)
    NVIC_PriorityGroupConfig                 0x08000d71   Thumb Code    10  misc.o(i.NVIC_PriorityGroupConfig)
    OLED_Clear                               0x08000d85   Thumb Code    26  oled.o(i.OLED_Clear)
    OLED_I2C_Init                            0x08000db5   Thumb Code    60  oled.o(i.OLED_I2C_Init)
    OLED_I2C_SendByte                        0x08000df5   Thumb Code    80  oled.o(i.OLED_I2C_SendByte)
    OLED_I2C_Start                           0x08000e49   Thumb Code    48  oled.o(i.OLED_I2C_Start)
    OLED_I2C_Stop                            0x08000e7d   Thumb Code    36  oled.o(i.OLED_I2C_Stop)
    OLED_Init                                0x08000ea5   Thumb Code   158  oled.o(i.OLED_Init)
    OLED_Set_Pos                             0x08000f43   Thumb Code    36  oled.o(i.OLED_Set_Pos)
    OLED_ShowChar                            0x08000f69   Thumb Code   102  oled.o(i.OLED_ShowChar)
    OLED_ShowString                          0x08000fd5   Thumb Code    54  oled.o(i.OLED_ShowString)
    OLED_Write_Cmd                           0x0800100b   Thumb Code    32  oled.o(i.OLED_Write_Cmd)
    OLED_Write_Data                          0x0800102b   Thumb Code    32  oled.o(i.OLED_Write_Data)
    PendSV_Handler                           0x08001249   Thumb Code     2  stm32f10x_it.o(i.PendSV_Handler)
    RCC_APB1PeriphClockCmd                   0x0800124d   Thumb Code    26  stm32f10x_rcc.o(i.RCC_APB1PeriphClockCmd)
    RCC_APB2PeriphClockCmd                   0x0800126d   Thumb Code    26  stm32f10x_rcc.o(i.RCC_APB2PeriphClockCmd)
    RCC_GetClocksFreq                        0x0800128d   Thumb Code   192  stm32f10x_rcc.o(i.RCC_GetClocksFreq)
    SG90_Close                               0x08001361   Thumb Code    28  sg90.o(i.SG90_Close)
    SG90_Init                                0x0800137d   Thumb Code   252  sg90.o(i.SG90_Init)
    SG90_Open                                0x08001485   Thumb Code    14  sg90.o(i.SG90_Open)
    SG90_SetAngle                            0x08001493   Thumb Code    40  sg90.o(i.SG90_SetAngle)
    SG90_SetPulse                            0x080014bd   Thumb Code    90  sg90.o(i.SG90_SetPulse)
    SVC_Handler                              0x0800151d   Thumb Code     2  stm32f10x_it.o(i.SVC_Handler)
    SysTick_CLKSourceConfig                  0x08001609   Thumb Code    40  misc.o(i.SysTick_CLKSourceConfig)
    SysTick_Handler                          0x08001631   Thumb Code     2  stm32f10x_it.o(i.SysTick_Handler)
    SystemInit                               0x08001635   Thumb Code    78  system_stm32f10x.o(i.SystemInit)
    TIM2_IRQHandler                          0x080018d5   Thumb Code    32  stm32f10x_it.o(i.TIM2_IRQHandler)
    TIM_ARRPreloadConfig                     0x080018f9   Thumb Code    24  stm32f10x_tim.o(i.TIM_ARRPreloadConfig)
    TIM_CCxCmd                               0x08001911   Thumb Code    30  stm32f10x_tim.o(i.TIM_CCxCmd)
    TIM_ClearFlag                            0x0800192f   Thumb Code     6  stm32f10x_tim.o(i.TIM_ClearFlag)
    TIM_ClearITPendingBit                    0x08001935   Thumb Code     6  stm32f10x_tim.o(i.TIM_ClearITPendingBit)
    TIM_Cmd                                  0x0800193b   Thumb Code    24  stm32f10x_tim.o(i.TIM_Cmd)
    TIM_GetCapture1                          0x08001953   Thumb Code     6  stm32f10x_tim.o(i.TIM_GetCapture1)
    TIM_GetCapture2                          0x08001959   Thumb Code     6  stm32f10x_tim.o(i.TIM_GetCapture2)
    TIM_GetCapture3                          0x0800195f   Thumb Code     6  stm32f10x_tim.o(i.TIM_GetCapture3)
    TIM_GetCapture4                          0x08001965   Thumb Code     8  stm32f10x_tim.o(i.TIM_GetCapture4)
    TIM_GetFlagStatus                        0x0800196d   Thumb Code    18  stm32f10x_tim.o(i.TIM_GetFlagStatus)
    TIM_GetITStatus                          0x0800197f   Thumb Code    34  stm32f10x_tim.o(i.TIM_GetITStatus)
    TIM_ICInit                               0x080019a1   Thumb Code   150  stm32f10x_tim.o(i.TIM_ICInit)
    TIM_ITConfig                             0x08001a4d   Thumb Code    18  stm32f10x_tim.o(i.TIM_ITConfig)
    TIM_OC1Init                              0x08001a61   Thumb Code   132  stm32f10x_tim.o(i.TIM_OC1Init)
    TIM_OC1PolarityConfig                    0x08001af9   Thumb Code    18  stm32f10x_tim.o(i.TIM_OC1PolarityConfig)
    TIM_OC1PreloadConfig                     0x08001b0b   Thumb Code    18  stm32f10x_tim.o(i.TIM_OC1PreloadConfig)
    TIM_OC2Init                              0x08001b1d   Thumb Code   154  stm32f10x_tim.o(i.TIM_OC2Init)
    TIM_OC2PreloadConfig                     0x08001bc1   Thumb Code    26  stm32f10x_tim.o(i.TIM_OC2PreloadConfig)
    TIM_OC3Init                              0x08001bdd   Thumb Code   150  stm32f10x_tim.o(i.TIM_OC3Init)
    TIM_OC3PreloadConfig                     0x08001c7d   Thumb Code    18  stm32f10x_tim.o(i.TIM_OC3PreloadConfig)
    TIM_OC4Init                              0x08001c91   Thumb Code   114  stm32f10x_tim.o(i.TIM_OC4Init)
    TIM_OC4PreloadConfig                     0x08001d0d   Thumb Code    26  stm32f10x_tim.o(i.TIM_OC4PreloadConfig)
    TIM_SetCompare1                          0x08001d27   Thumb Code     4  stm32f10x_tim.o(i.TIM_SetCompare1)
    TIM_SetCompare2                          0x08001d2b   Thumb Code     4  stm32f10x_tim.o(i.TIM_SetCompare2)
    TIM_SetCompare3                          0x08001d2f   Thumb Code     4  stm32f10x_tim.o(i.TIM_SetCompare3)
    TIM_SetCompare4                          0x08001d33   Thumb Code     6  stm32f10x_tim.o(i.TIM_SetCompare4)
    TIM_SetIC1Prescaler                      0x08001d39   Thumb Code    18  stm32f10x_tim.o(i.TIM_SetIC1Prescaler)
    TIM_SetIC2Prescaler                      0x08001d4b   Thumb Code    26  stm32f10x_tim.o(i.TIM_SetIC2Prescaler)
    TIM_SetIC3Prescaler                      0x08001d65   Thumb Code    18  stm32f10x_tim.o(i.TIM_SetIC3Prescaler)
    TIM_SetIC4Prescaler                      0x08001d77   Thumb Code    26  stm32f10x_tim.o(i.TIM_SetIC4Prescaler)
    TIM_TimeBaseInit                         0x08001d91   Thumb Code   122  stm32f10x_tim.o(i.TIM_TimeBaseInit)
    ULTRA_Init                               0x08001e35   Thumb Code   120  ultra.o(i.ULTRA_Init)
    ULTRA_MeasureAll                         0x08001eb9   Thumb Code   398  ultra.o(i.ULTRA_MeasureAll)
    USART2_IRQHandler                        0x0800205d   Thumb Code    36  asrpro.o(i.USART2_IRQHandler)
    USART_ClearITPendingBit                  0x08002089   Thumb Code    30  stm32f10x_usart.o(i.USART_ClearITPendingBit)
    USART_Cmd                                0x080020a7   Thumb Code    24  stm32f10x_usart.o(i.USART_Cmd)
    USART_GetITStatus                        0x080020bf   Thumb Code    84  stm32f10x_usart.o(i.USART_GetITStatus)
    USART_ITConfig                           0x08002113   Thumb Code    74  stm32f10x_usart.o(i.USART_ITConfig)
    USART_Init                               0x0800215d   Thumb Code   210  stm32f10x_usart.o(i.USART_Init)
    USART_ReceiveData                        0x08002235   Thumb Code    10  stm32f10x_usart.o(i.USART_ReceiveData)
    UsageFault_Handler                       0x0800223f   Thumb Code     4  stm32f10x_it.o(i.UsageFault_Handler)
    _is_digit                                0x080022d9   Thumb Code    14  __printf_wp.o(i._is_digit)
    delay_init                               0x080022e9   Thumb Code    50  delay.o(i.delay_init)
    delay_ms                                 0x0800232d   Thumb Code    72  delay.o(i.delay_ms)
    delay_us                                 0x08002379   Thumb Code    72  delay.o(i.delay_us)
    main                                     0x080023c5   Thumb Code   178  main.o(i.main)
    ascii_1608                               0x0800249c   Data        1520  oled.o(.constdata)
    Hzk                                      0x08002a8c   Data         896  oled.o(.constdata)
    Region$$Table$$Base                      0x08002e90   Number         0  anon$$obj.o(Region$$Table)
    Region$$Table$$Limit                     0x08002eb0   Number         0  anon$$obj.o(Region$$Table)
    asrpro_rx_cmd                            0x20000000   Data           1  asrpro.o(.data)
    g_tick_ms                                0x20000020   Data           4  sys.o(.data)
    SystemCoreClock                          0x20000034   Data           4  system_stm32f10x.o(.data)
    AHBPrescTable                            0x20000038   Data          16  system_stm32f10x.o(.data)
    __libspace_start                         0x20000088   Data          96  libspace.o(.bss)
    __temporary_stack_top$libspace           0x200000e8   Data           0  libspace.o(.bss)



==============================================================================

Memory Map of the image

  Image Entry point : 0x08000131

  Load Region LR_IROM1 (Base: 0x08000000, Size: 0x00002ef8, Max: 0x00010000, ABSOLUTE)

    Execution Region ER_IROM1 (Exec base: 0x08000000, Load base: 0x08000000, Size: 0x00002eb0, Max: 0x00010000, ABSOLUTE)

    Exec Addr    Load Addr    Size         Type   Attr      Idx    E Section Name        Object

    0x08000000   0x08000000   0x00000130   Data   RO           19    RESET               startup_stm32f10x_hd.o
    0x08000130   0x08000130   0x00000008   Code   RO         3711  * !!!main             c_w.l(__main.o)
    0x08000138   0x08000138   0x00000034   Code   RO         3910    !!!scatter          c_w.l(__scatter.o)
    0x0800016c   0x0800016c   0x0000001a   Code   RO         3912    !!handler_copy      c_w.l(__scatter_copy.o)
    0x08000186   0x08000186   0x00000002   PAD
    0x08000188   0x08000188   0x0000001c   Code   RO         3914    !!handler_zi        c_w.l(__scatter_zi.o)
    0x080001a4   0x080001a4   0x00000000   Code   RO         3708    .ARM.Collect$$_printf_percent$$00000000  c_w.l(_printf_percent.o)
    0x080001a4   0x080001a4   0x00000006   Code   RO         3707    .ARM.Collect$$_printf_percent$$00000009  c_w.l(_printf_d.o)
    0x080001aa   0x080001aa   0x00000006   Code   RO         3706    .ARM.Collect$$_printf_percent$$00000014  c_w.l(_printf_s.o)
    0x080001b0   0x080001b0   0x00000004   Code   RO         3746    .ARM.Collect$$_printf_percent$$00000017  c_w.l(_printf_percent_end.o)
    0x080001b4   0x080001b4   0x00000002   Code   RO         3778    .ARM.Collect$$libinit$$00000000  c_w.l(libinit.o)
    0x080001b6   0x080001b6   0x00000000   Code   RO         3785    .ARM.Collect$$libinit$$00000002  c_w.l(libinit2.o)
    0x080001b6   0x080001b6   0x00000000   Code   RO         3787    .ARM.Collect$$libinit$$00000004  c_w.l(libinit2.o)
    0x080001b6   0x080001b6   0x00000000   Code   RO         3790    .ARM.Collect$$libinit$$0000000A  c_w.l(libinit2.o)
    0x080001b6   0x080001b6   0x00000000   Code   RO         3792    .ARM.Collect$$libinit$$0000000C  c_w.l(libinit2.o)
    0x080001b6   0x080001b6   0x00000000   Code   RO         3794    .ARM.Collect$$libinit$$0000000E  c_w.l(libinit2.o)
    0x080001b6   0x080001b6   0x00000000   Code   RO         3797    .ARM.Collect$$libinit$$00000011  c_w.l(libinit2.o)
    0x080001b6   0x080001b6   0x00000000   Code   RO         3799    .ARM.Collect$$libinit$$00000013  c_w.l(libinit2.o)
    0x080001b6   0x080001b6   0x00000000   Code   RO         3801    .ARM.Collect$$libinit$$00000015  c_w.l(libinit2.o)
    0x080001b6   0x080001b6   0x00000000   Code   RO         3803    .ARM.Collect$$libinit$$00000017  c_w.l(libinit2.o)
    0x080001b6   0x080001b6   0x00000000   Code   RO         3805    .ARM.Collect$$libinit$$00000019  c_w.l(libinit2.o)
    0x080001b6   0x080001b6   0x00000000   Code   RO         3807    .ARM.Collect$$libinit$$0000001B  c_w.l(libinit2.o)
    0x080001b6   0x080001b6   0x00000000   Code   RO         3809    .ARM.Collect$$libinit$$0000001D  c_w.l(libinit2.o)
    0x080001b6   0x080001b6   0x00000000   Code   RO         3811    .ARM.Collect$$libinit$$0000001F  c_w.l(libinit2.o)
    0x080001b6   0x080001b6   0x00000000   Code   RO         3813    .ARM.Collect$$libinit$$00000021  c_w.l(libinit2.o)
    0x080001b6   0x080001b6   0x00000000   Code   RO         3815    .ARM.Collect$$libinit$$00000023  c_w.l(libinit2.o)
    0x080001b6   0x080001b6   0x00000000   Code   RO         3817    .ARM.Collect$$libinit$$00000025  c_w.l(libinit2.o)
    0x080001b6   0x080001b6   0x00000000   Code   RO         3821    .ARM.Collect$$libinit$$0000002C  c_w.l(libinit2.o)
    0x080001b6   0x080001b6   0x00000000   Code   RO         3823    .ARM.Collect$$libinit$$0000002E  c_w.l(libinit2.o)
    0x080001b6   0x080001b6   0x00000000   Code   RO         3825    .ARM.Collect$$libinit$$00000030  c_w.l(libinit2.o)
    0x080001b6   0x080001b6   0x00000000   Code   RO         3827    .ARM.Collect$$libinit$$00000032  c_w.l(libinit2.o)
    0x080001b6   0x080001b6   0x00000002   Code   RO         3828    .ARM.Collect$$libinit$$00000033  c_w.l(libinit2.o)
    0x080001b8   0x080001b8   0x00000002   Code   RO         3848    .ARM.Collect$$libshutdown$$00000000  c_w.l(libshutdown.o)
    0x080001ba   0x080001ba   0x00000000   Code   RO         3861    .ARM.Collect$$libshutdown$$00000002  c_w.l(libshutdown2.o)
    0x080001ba   0x080001ba   0x00000000   Code   RO         3863    .ARM.Collect$$libshutdown$$00000004  c_w.l(libshutdown2.o)
    0x080001ba   0x080001ba   0x00000000   Code   RO         3865    .ARM.Collect$$libshutdown$$00000006  c_w.l(libshutdown2.o)
    0x080001ba   0x080001ba   0x00000000   Code   RO         3868    .ARM.Collect$$libshutdown$$00000009  c_w.l(libshutdown2.o)
    0x080001ba   0x080001ba   0x00000000   Code   RO         3871    .ARM.Collect$$libshutdown$$0000000C  c_w.l(libshutdown2.o)
    0x080001ba   0x080001ba   0x00000000   Code   RO         3873    .ARM.Collect$$libshutdown$$0000000E  c_w.l(libshutdown2.o)
    0x080001ba   0x080001ba   0x00000000   Code   RO         3876    .ARM.Collect$$libshutdown$$00000011  c_w.l(libshutdown2.o)
    0x080001ba   0x080001ba   0x00000002   Code   RO         3877    .ARM.Collect$$libshutdown$$00000012  c_w.l(libshutdown2.o)
    0x080001bc   0x080001bc   0x00000000   Code   RO         3735    .ARM.Collect$$rtentry$$00000000  c_w.l(__rtentry.o)
    0x080001bc   0x080001bc   0x00000000   Code   RO         3753    .ARM.Collect$$rtentry$$00000002  c_w.l(__rtentry2.o)
    0x080001bc   0x080001bc   0x00000006   Code   RO         3765    .ARM.Collect$$rtentry$$00000004  c_w.l(__rtentry4.o)
    0x080001c2   0x080001c2   0x00000000   Code   RO         3755    .ARM.Collect$$rtentry$$00000009  c_w.l(__rtentry2.o)
    0x080001c2   0x080001c2   0x00000004   Code   RO         3756    .ARM.Collect$$rtentry$$0000000A  c_w.l(__rtentry2.o)
    0x080001c6   0x080001c6   0x00000000   Code   RO         3758    .ARM.Collect$$rtentry$$0000000C  c_w.l(__rtentry2.o)
    0x080001c6   0x080001c6   0x00000008   Code   RO         3759    .ARM.Collect$$rtentry$$0000000D  c_w.l(__rtentry2.o)
    0x080001ce   0x080001ce   0x00000002   Code   RO         3782    .ARM.Collect$$rtexit$$00000000  c_w.l(rtexit.o)
    0x080001d0   0x080001d0   0x00000000   Code   RO         3830    .ARM.Collect$$rtexit$$00000002  c_w.l(rtexit2.o)
    0x080001d0   0x080001d0   0x00000004   Code   RO         3831    .ARM.Collect$$rtexit$$00000003  c_w.l(rtexit2.o)
    0x080001d4   0x080001d4   0x00000006   Code   RO         3832    .ARM.Collect$$rtexit$$00000004  c_w.l(rtexit2.o)
    0x080001da   0x080001da   0x00000002   PAD
    0x080001dc   0x080001dc   0x00000040   Code   RO           20    .text               startup_stm32f10x_hd.o
    0x0800021c   0x0800021c   0x00000034   Code   RO         3676    .text               c_w.l(noretval__2snprintf.o)
    0x08000250   0x08000250   0x0000004e   Code   RO         3680    .text               c_w.l(_printf_pad.o)
    0x0800029e   0x0800029e   0x00000052   Code   RO         3682    .text               c_w.l(_printf_str.o)
    0x080002f0   0x080002f0   0x00000078   Code   RO         3684    .text               c_w.l(_printf_dec.o)
    0x08000368   0x08000368   0x00000138   Code   RO         3698    .text               c_w.l(__printf_flags_wp.o)
    0x080004a0   0x080004a0   0x00000006   Code   RO         3709    .text               c_w.l(heapauxi.o)
    0x080004a6   0x080004a6   0x000000b2   Code   RO         3736    .text               c_w.l(_printf_intcommon.o)
    0x08000558   0x08000558   0x00000030   Code   RO         3738    .text               c_w.l(_printf_char_common.o)
    0x08000588   0x08000588   0x0000000a   Code   RO         3740    .text               c_w.l(_sputc.o)
    0x08000592   0x08000592   0x00000010   Code   RO         3742    .text               c_w.l(_snputc.o)
    0x080005a2   0x080005a2   0x0000002c   Code   RO         3744    .text               c_w.l(_printf_char.o)
    0x080005ce   0x080005ce   0x0000004a   Code   RO         3769    .text               c_w.l(sys_stackheap_outer.o)
    0x08000618   0x08000618   0x00000012   Code   RO         3771    .text               c_w.l(exit.o)
    0x0800062a   0x0800062a   0x00000002   PAD
    0x0800062c   0x0800062c   0x00000008   Code   RO         3779    .text               c_w.l(libspace.o)
    0x08000634   0x08000634   0x0000000c   Code   RO         3840    .text               c_w.l(sys_exit.o)
    0x08000640   0x08000640   0x00000002   Code   RO         3851    .text               c_w.l(use_no_semi.o)
    0x08000642   0x08000642   0x00000000   Code   RO         3853    .text               c_w.l(indicate_semi.o)
    0x08000642   0x08000642   0x00000002   PAD
    0x08000644   0x08000644   0x000000a8   Code   RO          173    i.ASRPRO_Init       asrpro.o
    0x080006ec   0x080006ec   0x0000005e   Code   RO         3466    i.App_TickInit      sys.o
    0x0800074a   0x0800074a   0x00000002   PAD
    0x0800074c   0x0800074c   0x0000004c   Code   RO         3484    i.AutoCloseProcess  main.o
    0x08000798   0x08000798   0x00000038   Code   RO          158    i.BEEP_GPIO_Config  beep.o
    0x080007d0   0x080007d0   0x00000004   Code   RO         3569    i.BusFault_Handler  stm32f10x_it.o
    0x080007d4   0x080007d4   0x0000002c   Code   RO         3485    i.CloseBin          main.o
    0x08000800   0x08000800   0x00000002   Code   RO         3570    i.DebugMon_Handler  stm32f10x_it.o
    0x08000802   0x08000802   0x00000116   Code   RO         1567    i.GPIO_Init         stm32f10x_gpio.o
    0x08000918   0x08000918   0x00000090   Code   RO         1569    i.GPIO_PinRemapConfig  stm32f10x_gpio.o
    0x080009a8   0x080009a8   0x00000012   Code   RO         1571    i.GPIO_ReadInputDataBit  stm32f10x_gpio.o
    0x080009ba   0x080009ba   0x00000004   Code   RO         1574    i.GPIO_ResetBits    stm32f10x_gpio.o
    0x080009be   0x080009be   0x00000004   Code   RO         1575    i.GPIO_SetBits      stm32f10x_gpio.o
    0x080009c2   0x080009c2   0x0000000a   Code   RO         1578    i.GPIO_WriteBit     stm32f10x_gpio.o
    0x080009cc   0x080009cc   0x00000038   Code   RO          358    i.GetCapture        ultra.o
    0x08000a04   0x08000a04   0x00000004   Code   RO         3571    i.HardFault_Handler  stm32f10x_it.o
    0x08000a08   0x08000a08   0x00000048   Code   RO         3486    i.IRProcess         main.o
    0x08000a50   0x08000a50   0x0000006c   Code   RO          308    i.IR_Detected       infrared.o
    0x08000abc   0x08000abc   0x0000002c   Code   RO          309    i.IR_Init           infrared.o
    0x08000ae8   0x08000ae8   0x0000004c   Code   RO          209    i.KEY_Init          key.o
    0x08000b34   0x08000b34   0x000000a4   Code   RO          210    i.KEY_Scan          key.o
    0x08000bd8   0x08000bd8   0x00000034   Code   RO         3487    i.KeyProcess        main.o
    0x08000c0c   0x08000c0c   0x0000005c   Code   RO          329    i.LED_Init          rgb.o
    0x08000c68   0x08000c68   0x00000044   Code   RO          330    i.LED_Set           rgb.o
    0x08000cac   0x08000cac   0x0000004c   Code   RO          331    i.LED_SetBinStatus  rgb.o
    0x08000cf8   0x08000cf8   0x00000004   Code   RO         3572    i.MemManage_Handler  stm32f10x_it.o
    0x08000cfc   0x08000cfc   0x00000002   Code   RO         3573    i.NMI_Handler       stm32f10x_it.o
    0x08000cfe   0x08000cfe   0x00000002   PAD
    0x08000d00   0x08000d00   0x00000070   Code   RO          386    i.NVIC_Init         misc.o
    0x08000d70   0x08000d70   0x00000014   Code   RO          387    i.NVIC_PriorityGroupConfig  misc.o
    0x08000d84   0x08000d84   0x00000030   Code   RO           24    i.OLED_Clear        oled.o
    0x08000db4   0x08000db4   0x00000040   Code   RO           25    i.OLED_I2C_Init     oled.o
    0x08000df4   0x08000df4   0x00000054   Code   RO           26    i.OLED_I2C_SendByte  oled.o
    0x08000e48   0x08000e48   0x00000034   Code   RO           27    i.OLED_I2C_Start    oled.o
    0x08000e7c   0x08000e7c   0x00000028   Code   RO           28    i.OLED_I2C_Stop     oled.o
    0x08000ea4   0x08000ea4   0x0000009e   Code   RO           29    i.OLED_Init         oled.o
    0x08000f42   0x08000f42   0x00000024   Code   RO           30    i.OLED_Set_Pos      oled.o
    0x08000f66   0x08000f66   0x00000002   PAD
    0x08000f68   0x08000f68   0x0000006c   Code   RO           31    i.OLED_ShowChar     oled.o
    0x08000fd4   0x08000fd4   0x00000036   Code   RO           35    i.OLED_ShowString   oled.o
    0x0800100a   0x0800100a   0x00000020   Code   RO           36    i.OLED_Write_Cmd    oled.o
    0x0800102a   0x0800102a   0x00000020   Code   RO           37    i.OLED_Write_Data   oled.o
    0x0800104a   0x0800104a   0x00000002   PAD
    0x0800104c   0x0800104c   0x000000b8   Code   RO         3488    i.OledUpdate        main.o
    0x08001104   0x08001104   0x00000040   Code   RO         3489    i.OpenBin           main.o
    0x08001144   0x08001144   0x00000104   Code   RO         3490    i.OverflowProcess   main.o
    0x08001248   0x08001248   0x00000002   Code   RO         3574    i.PendSV_Handler    stm32f10x_it.o
    0x0800124a   0x0800124a   0x00000002   PAD
    0x0800124c   0x0800124c   0x00000020   Code   RO         1992    i.RCC_APB1PeriphClockCmd  stm32f10x_rcc.o
    0x0800126c   0x0800126c   0x00000020   Code   RO         1994    i.RCC_APB2PeriphClockCmd  stm32f10x_rcc.o
    0x0800128c   0x0800128c   0x000000d4   Code   RO         2002    i.RCC_GetClocksFreq  stm32f10x_rcc.o
    0x08001360   0x08001360   0x0000001c   Code   RO          242    i.SG90_Close        sg90.o
    0x0800137c   0x0800137c   0x00000108   Code   RO          243    i.SG90_Init         sg90.o
    0x08001484   0x08001484   0x0000000e   Code   RO          244    i.SG90_Open         sg90.o
    0x08001492   0x08001492   0x00000028   Code   RO          245    i.SG90_SetAngle     sg90.o
    0x080014ba   0x080014ba   0x00000002   PAD
    0x080014bc   0x080014bc   0x00000060   Code   RO          246    i.SG90_SetPulse     sg90.o
    0x0800151c   0x0800151c   0x00000002   Code   RO         3575    i.SVC_Handler       stm32f10x_it.o
    0x0800151e   0x0800151e   0x00000008   Code   RO         3638    i.SetSysClock       system_stm32f10x.o
    0x08001526   0x08001526   0x00000002   PAD
    0x08001528   0x08001528   0x000000e0   Code   RO         3639    i.SetSysClockTo72   system_stm32f10x.o
    0x08001608   0x08001608   0x00000028   Code   RO          390    i.SysTick_CLKSourceConfig  misc.o
    0x08001630   0x08001630   0x00000002   Code   RO         3576    i.SysTick_Handler   stm32f10x_it.o
    0x08001632   0x08001632   0x00000002   PAD
    0x08001634   0x08001634   0x00000060   Code   RO         3641    i.SystemInit        system_stm32f10x.o
    0x08001694   0x08001694   0x00000080   Code   RO         2619    i.TI1_Config        stm32f10x_tim.o
    0x08001714   0x08001714   0x00000098   Code   RO         2620    i.TI2_Config        stm32f10x_tim.o
    0x080017ac   0x080017ac   0x00000090   Code   RO         2621    i.TI3_Config        stm32f10x_tim.o
    0x0800183c   0x0800183c   0x00000098   Code   RO         2622    i.TI4_Config        stm32f10x_tim.o
    0x080018d4   0x080018d4   0x00000024   Code   RO         3577    i.TIM2_IRQHandler   stm32f10x_it.o
    0x080018f8   0x080018f8   0x00000018   Code   RO         2623    i.TIM_ARRPreloadConfig  stm32f10x_tim.o
    0x08001910   0x08001910   0x0000001e   Code   RO         2627    i.TIM_CCxCmd        stm32f10x_tim.o
    0x0800192e   0x0800192e   0x00000006   Code   RO         2629    i.TIM_ClearFlag     stm32f10x_tim.o
    0x08001934   0x08001934   0x00000006   Code   RO         2630    i.TIM_ClearITPendingBit  stm32f10x_tim.o
    0x0800193a   0x0800193a   0x00000018   Code   RO         2635    i.TIM_Cmd           stm32f10x_tim.o
    0x08001952   0x08001952   0x00000006   Code   RO         2650    i.TIM_GetCapture1   stm32f10x_tim.o
    0x08001958   0x08001958   0x00000006   Code   RO         2651    i.TIM_GetCapture2   stm32f10x_tim.o
    0x0800195e   0x0800195e   0x00000006   Code   RO         2652    i.TIM_GetCapture3   stm32f10x_tim.o
    0x08001964   0x08001964   0x00000008   Code   RO         2653    i.TIM_GetCapture4   stm32f10x_tim.o
    0x0800196c   0x0800196c   0x00000012   Code   RO         2655    i.TIM_GetFlagStatus  stm32f10x_tim.o
    0x0800197e   0x0800197e   0x00000022   Code   RO         2656    i.TIM_GetITStatus   stm32f10x_tim.o
    0x080019a0   0x080019a0   0x000000ac   Code   RO         2658    i.TIM_ICInit        stm32f10x_tim.o
    0x08001a4c   0x08001a4c   0x00000012   Code   RO         2660    i.TIM_ITConfig      stm32f10x_tim.o
    0x08001a5e   0x08001a5e   0x00000002   PAD
    0x08001a60   0x08001a60   0x00000098   Code   RO         2664    i.TIM_OC1Init       stm32f10x_tim.o
    0x08001af8   0x08001af8   0x00000012   Code   RO         2666    i.TIM_OC1PolarityConfig  stm32f10x_tim.o
    0x08001b0a   0x08001b0a   0x00000012   Code   RO         2667    i.TIM_OC1PreloadConfig  stm32f10x_tim.o
    0x08001b1c   0x08001b1c   0x000000a4   Code   RO         2669    i.TIM_OC2Init       stm32f10x_tim.o
    0x08001bc0   0x08001bc0   0x0000001a   Code   RO         2672    i.TIM_OC2PreloadConfig  stm32f10x_tim.o
    0x08001bda   0x08001bda   0x00000002   PAD
    0x08001bdc   0x08001bdc   0x000000a0   Code   RO         2674    i.TIM_OC3Init       stm32f10x_tim.o
    0x08001c7c   0x08001c7c   0x00000012   Code   RO         2677    i.TIM_OC3PreloadConfig  stm32f10x_tim.o
    0x08001c8e   0x08001c8e   0x00000002   PAD
    0x08001c90   0x08001c90   0x0000007c   Code   RO         2679    i.TIM_OC4Init       stm32f10x_tim.o
    0x08001d0c   0x08001d0c   0x0000001a   Code   RO         2681    i.TIM_OC4PreloadConfig  stm32f10x_tim.o
    0x08001d26   0x08001d26   0x00000004   Code   RO         2696    i.TIM_SetCompare1   stm32f10x_tim.o
    0x08001d2a   0x08001d2a   0x00000004   Code   RO         2697    i.TIM_SetCompare2   stm32f10x_tim.o
    0x08001d2e   0x08001d2e   0x00000004   Code   RO         2698    i.TIM_SetCompare3   stm32f10x_tim.o
    0x08001d32   0x08001d32   0x00000006   Code   RO         2699    i.TIM_SetCompare4   stm32f10x_tim.o
    0x08001d38   0x08001d38   0x00000012   Code   RO         2701    i.TIM_SetIC1Prescaler  stm32f10x_tim.o
    0x08001d4a   0x08001d4a   0x0000001a   Code   RO         2702    i.TIM_SetIC2Prescaler  stm32f10x_tim.o
    0x08001d64   0x08001d64   0x00000012   Code   RO         2703    i.TIM_SetIC3Prescaler  stm32f10x_tim.o
    0x08001d76   0x08001d76   0x0000001a   Code   RO         2704    i.TIM_SetIC4Prescaler  stm32f10x_tim.o
    0x08001d90   0x08001d90   0x000000a4   Code   RO         2706    i.TIM_TimeBaseInit  stm32f10x_tim.o
    0x08001e34   0x08001e34   0x00000084   Code   RO          359    i.ULTRA_Init        ultra.o
    0x08001eb8   0x08001eb8   0x000001a4   Code   RO          360    i.ULTRA_MeasureAll  ultra.o
    0x0800205c   0x0800205c   0x0000002c   Code   RO          176    i.USART2_IRQHandler  asrpro.o
    0x08002088   0x08002088   0x0000001e   Code   RO         3168    i.USART_ClearITPendingBit  stm32f10x_usart.o
    0x080020a6   0x080020a6   0x00000018   Code   RO         3171    i.USART_Cmd         stm32f10x_usart.o
    0x080020be   0x080020be   0x00000054   Code   RO         3175    i.USART_GetITStatus  stm32f10x_usart.o
    0x08002112   0x08002112   0x0000004a   Code   RO         3177    i.USART_ITConfig    stm32f10x_usart.o
    0x0800215c   0x0800215c   0x000000d8   Code   RO         3178    i.USART_Init        stm32f10x_usart.o
    0x08002234   0x08002234   0x0000000a   Code   RO         3185    i.USART_ReceiveData  stm32f10x_usart.o
    0x0800223e   0x0800223e   0x00000004   Code   RO         3578    i.UsageFault_Handler  stm32f10x_it.o
    0x08002242   0x08002242   0x00000002   PAD
    0x08002244   0x08002244   0x00000094   Code   RO         3491    i.VoiceProcess      main.o
    0x080022d8   0x080022d8   0x0000000e   Code   RO         3696    i._is_digit         c_w.l(__printf_wp.o)
    0x080022e6   0x080022e6   0x00000002   PAD
    0x080022e8   0x080022e8   0x00000044   Code   RO         3404    i.delay_init        delay.o
    0x0800232c   0x0800232c   0x0000004c   Code   RO         3405    i.delay_ms          delay.o
    0x08002378   0x08002378   0x0000004c   Code   RO         3406    i.delay_us          delay.o
    0x080023c4   0x080023c4   0x000000d8   Code   RO         3492    i.main              main.o
    0x0800249c   0x0800249c   0x00000970   Data   RO           39    .constdata          oled.o
    0x08002e0c   0x08002e0c   0x00000030   Data   RO          332    .constdata          rgb.o
    0x08002e3c   0x08002e3c   0x00000010   Data   RO          361    .constdata          ultra.o
    0x08002e4c   0x08002e4c   0x00000010   Data   RO         3494    .constdata          main.o
    0x08002e5c   0x08002e5c   0x00000011   Data   RO         3699    .constdata          c_w.l(__printf_flags_wp.o)
    0x08002e6d   0x08002e6d   0x00000003   PAD
    0x08002e70   0x08002e70   0x0000001f   Data   RO         3495    .conststring        main.o
    0x08002e8f   0x08002e8f   0x00000001   PAD
    0x08002e90   0x08002e90   0x00000020   Data   RO         3908    Region$$Table       anon$$obj.o


    Execution Region RW_IRAM1 (Exec base: 0x20000000, Load base: 0x08002eb0, Size: 0x000006e8, Max: 0x00005000, ABSOLUTE)

    Exec Addr    Load Addr    Size         Type   Attr      Idx    E Section Name        Object

    0x20000000   0x08002eb0   0x00000001   Data   RW          177    .data               asrpro.o
    0x20000001   0x08002eb1   0x00000004   Data   RW          212    .data               key.o
    0x20000005   0x08002eb5   0x00000014   Data   RW         2022    .data               stm32f10x_rcc.o
    0x20000019   0x08002ec9   0x00000001   PAD
    0x2000001a   0x08002eca   0x00000004   Data   RW         3407    .data               delay.o
    0x2000001e   0x08002ece   0x00000002   PAD
    0x20000020   0x08002ed0   0x00000004   Data   RW         3467    .data               sys.o
    0x20000024   0x08002ed4   0x00000010   Data   RW         3496    .data               main.o
    0x20000034   0x08002ee4   0x00000014   Data   RW         3642    .data               system_stm32f10x.o
    0x20000048        -       0x00000010   Zero   RW          211    .bss                key.o
    0x20000058        -       0x00000030   Zero   RW         3493    .bss                main.o
    0x20000088        -       0x00000060   Zero   RW         3780    .bss                c_w.l(libspace.o)
    0x200000e8        -       0x00000200   Zero   RW           18    HEAP                startup_stm32f10x_hd.o
    0x200002e8        -       0x00000400   Zero   RW           17    STACK               startup_stm32f10x_hd.o


==============================================================================

Image component sizes


      Code (inc. data)   RO Data    RW Data    ZI Data      Debug   Object Name

       212         18          0          1          0       1638   asrpro.o
        56          6          0          0          0        487   beep.o
         0          0          0          0          0       4540   core_cm3.o
       220         26          0          4          0       1643   delay.o
       152         10          0          0          0       1104   infrared.o
       240         32          0          4         16      21450   key.o
      1116        170         47         16         48       5571   main.o
       172         22          0          0          0       1985   misc.o
       708         44       2416          0          0     233207   oled.o
       236         22         48          0          0       2188   rgb.o
       442         18          0          0          0       2773   sg90.o
        64         26        304          0       1536        780   startup_stm32f10x_hd.o
       458          6          0          0          0       4950   stm32f10x_gpio.o
        62          4          0          0          0       3968   stm32f10x_it.o
       276         32          0         20          0       4350   stm32f10x_rcc.o
      1910        200          0          0          0      21323   stm32f10x_tim.o
       438          6          0          0          0       5508   stm32f10x_usart.o
        94          0          0          4          0       1007   sys.o
       328         28          0         20          0       1997   system_stm32f10x.o
       608         40         16          0          0       2624   ultra.o

    ----------------------------------------------------------------------
      7816        710       2864         72       1600     323093   Object Totals
         0          0         32          0          0          0   (incl. Generated)
        24          0          1          3          0          0   (incl. Padding)

    ----------------------------------------------------------------------

      Code (inc. data)   RO Data    RW Data    ZI Data      Debug   Library Member Name

         8          0          0          0          0         68   __main.o
       312          4         17          0          0         92   __printf_flags_wp.o
        14          0          0          0          0         68   __printf_wp.o
         0          0          0          0          0          0   __rtentry.o
        12          0          0          0          0          0   __rtentry2.o
         6          0          0          0          0          0   __rtentry4.o
        52          8          0          0          0          0   __scatter.o
        26          0          0          0          0          0   __scatter_copy.o
        28          0          0          0          0          0   __scatter_zi.o
        44          0          0          0          0        108   _printf_char.o
        48          6          0          0          0         96   _printf_char_common.o
         6          0          0          0          0          0   _printf_d.o
       120         16          0          0          0         92   _printf_dec.o
       178          0          0          0          0         88   _printf_intcommon.o
        78          0          0          0          0        108   _printf_pad.o
         0          0          0          0          0          0   _printf_percent.o
         4          0          0          0          0          0   _printf_percent_end.o
         6          0          0          0          0          0   _printf_s.o
        82          0          0          0          0         80   _printf_str.o
        16          0          0          0          0         68   _snputc.o
        10          0          0          0          0         68   _sputc.o
        18          0          0          0          0         80   exit.o
         6          0          0          0          0        152   heapauxi.o
         0          0          0          0          0          0   indicate_semi.o
         2          0          0          0          0          0   libinit.o
         2          0          0          0          0          0   libinit2.o
         2          0          0          0          0          0   libshutdown.o
         2          0          0          0          0          0   libshutdown2.o
         8          4          0          0         96         68   libspace.o
        52          4          0          0          0         84   noretval__2snprintf.o
         2          0          0          0          0          0   rtexit.o
        10          0          0          0          0          0   rtexit2.o
        12          4          0          0          0         68   sys_exit.o
        74          0          0          0          0         80   sys_stackheap_outer.o
         2          0          0          0          0         68   use_no_semi.o

    ----------------------------------------------------------------------
      1252         46         20          0         96       1536   Library Totals
        10          0          3          0          0          0   (incl. Padding)

    ----------------------------------------------------------------------

      Code (inc. data)   RO Data    RW Data    ZI Data      Debug   Library Name

      1242         46         17          0         96       1536   c_w.l

    ----------------------------------------------------------------------
      1252         46         20          0         96       1536   Library Totals

    ----------------------------------------------------------------------

==============================================================================


      Code (inc. data)   RO Data    RW Data    ZI Data      Debug   

      9068        756       2884         72       1696     318489   Grand Totals
      9068        756       2884         72       1696     318489   ELF Image Totals
      9068        756       2884         72          0          0   ROM Totals

==============================================================================

    Total RO  Size (Code + RO Data)                11952 (  11.67kB)
    Total RW  Size (RW Data + ZI Data)              1768 (   1.73kB)
    Total ROM Size (Code + RO Data + RW Data)      12024 (  11.74kB)

==============================================================================

