<html>
<body>
<pre>
<h1>µVision Build Log</h1>
<h2>Tool Versions:</h2>
IDE-Version: ¶ÃVision V5.38.0.0
Copyright (C) 2022 ARM Ltd and ARM Germany GmbH. All rights reserved.
License Information: jie L, 123, LIC=JL28G-VKIAZ-010P1-C0TNT-CFL8P-Y8IZU
 
Tool Versions:
Toolchain:       MDK-ARM Plus  Version: 5.38.0.0
Toolchain Path:  D:\Keil_MDK\ARM\ARMCC\Bin
C Compiler:      Armcc.exe V5.06 update 7 (build 960)
Assembler:       Armasm.exe V5.06 update 7 (build 960)
Linker/Locator:  ArmLink.exe V5.06 update 7 (build 960)
Library Manager: ArmAr.exe V5.06 update 7 (build 960)
Hex Converter:   FromElf.exe V5.06 update 7 (build 960)
CPU DLL:         SARMCM3.DLL V5.38.0.0
Dialog DLL:      DCM.DLL V1.17.5.0
Target DLL:      CMSIS_AGDI.dll V1.33.15.0
Dialog DLL:      TCM.DLL V1.56.4.0
 
<h2>Project:</h2>
D:\Desktop\STM32÷«ƒ‹”Ô“Ù¿¨ª¯Õ∞\Keil\USER\smart_trash.uvprojx
Project File Date:  03/31/2026

<h2>Output:</h2>
*** Using Compiler 'V5.06 update 7 (build 960)', folder: 'D:\Keil_MDK\ARM\ARMCC\Bin'
Build target 'Target 1'
compiling main.c...
main.c(64): warning:  #177-D: function "IRProcess"  was declared but never referenced
  static void IRProcess(void)
main.c(82): warning:  #177-D: function "AutoCloseProcess"  was declared but never referenced
  static void AutoCloseProcess(void)
main.c(97): warning:  #177-D: function "VoiceProcess"  was declared but never referenced
  static void VoiceProcess(void)
main.c(121): warning:  #177-D: function "KeyProcess"  was declared but never referenced
  static void KeyProcess(void)
main.c(137): warning:  #177-D: function "OverflowProcess"  was declared but never referenced
  static void OverflowProcess(void)
main.c: 5 warnings, 0 errors
linking...
Program Size: Code=5856 RO-data=2848 RW-data=68 ZI-data=1684  
FromELF: creating hex file...
"..\Object\smart_fan.axf" - 0 Error(s), 5 Warning(s).

<h2>Software Packages used:</h2>

Package Vendor: Keil
                https://www.keil.com/pack/Keil.STM32F1xx_DFP.2.4.1.pack
                Keil.STM32F1xx_DFP.2.4.1
                STMicroelectronics STM32F1 Series Device Support, Drivers and Examples

<h2>Collection of Component include folders:</h2>
  D:/Keil_MDK/Packs/Keil/STM32F1xx_DFP/2.4.1/Device/Include

<h2>Collection of Component Files used:</h2>
Build Time Elapsed:  00:00:02
</pre>
</body>
</html>
